Component: ARM Compiler 5.06 update 3 (build 300) Tool: armlink [4d35c9]

==============================================================================

Section Cross References

    startup_stm32f429xx.o(RESET) refers to startup_stm32f429xx.o(STACK) for __initial_sp
    startup_stm32f429xx.o(RESET) refers to startup_stm32f429xx.o(.text) for Reset_Handler
    startup_stm32f429xx.o(RESET) refers to stm32f4xx_it.o(i.NMI_Handler) for NMI_Handler
    startup_stm32f429xx.o(RESET) refers to stm32f4xx_it.o(i.HardFault_Handler) for HardFault_Handler
    startup_stm32f429xx.o(RESET) refers to stm32f4xx_it.o(i.MemManage_Handler) for MemManage_Handler
    startup_stm32f429xx.o(RESET) refers to stm32f4xx_it.o(i.BusFault_Handler) for BusFault_Handler
    startup_stm32f429xx.o(RESET) refers to stm32f4xx_it.o(i.UsageFault_Handler) for UsageFault_Handler
    startup_stm32f429xx.o(RESET) refers to stm32f4xx_it.o(i.SVC_Handler) for SVC_Handler
    startup_stm32f429xx.o(RESET) refers to stm32f4xx_it.o(i.DebugMon_Handler) for DebugMon_Handler
    startup_stm32f429xx.o(RESET) refers to stm32f4xx_it.o(i.PendSV_Handler) for PendSV_Handler
    startup_stm32f429xx.o(RESET) refers to stm32f4xx_it.o(i.SysTick_Handler) for SysTick_Handler
    startup_stm32f429xx.o(RESET) refers to stm32f4xx_it.o(i.USART1_IRQHandler) for USART1_IRQHandler
    startup_stm32f429xx.o(RESET) refers to stm32f4xx_it.o(i.SDIO_IRQHandler) for SDIO_IRQHandler
    startup_stm32f429xx.o(RESET) refers to stm32f4xx_it.o(i.DMA2_Stream3_IRQHandler) for DMA2_Stream3_IRQHandler
    startup_stm32f429xx.o(RESET) refers to stm32f4xx_it.o(i.DMA2_Stream6_IRQHandler) for DMA2_Stream6_IRQHandler
    startup_stm32f429xx.o(.text) refers to system_stm32f4xx.o(i.SystemInit) for SystemInit
    startup_stm32f429xx.o(.text) refers to entry.o(.ARM.Collect$$$$00000000) for __main
    interaction.o(i.Confige_Error) refers to memcpya.o(.text) for __aeabi_memcpy4
    interaction.o(i.Confige_Error) refers to stm32f4xx_hal_uart.o(i.HAL_UART_Transmit) for HAL_UART_Transmit
    interaction.o(i.Confige_Error) refers to usart.o(.bss) for huart1
    interaction.o(i.Inquiry) refers to memcpya.o(.text) for __aeabi_memcpy4
    interaction.o(i.Inquiry) refers to stm32f4xx_hal_uart.o(i.HAL_UART_Transmit) for HAL_UART_Transmit
    interaction.o(i.Inquiry) refers to iap.o(i.HAL_Delay) for HAL_Delay
    interaction.o(i.Inquiry) refers to usart.o(.bss) for huart1
    interaction.o(i.Inquiry) refers to usart.o(.data) for USART_RX_CNT
    interaction.o(i.Inquiry) refers to iap.o(.ARM.__AT_0x20001000) for Progress_Buff
    interaction.o(i.Interaction) refers to sdcard_iap.o(i.SDcard_Interaction) for SDcard_Interaction
    main.o(i.SystemClock_Config) refers to memseta.o(.text) for __aeabi_memclr4
    main.o(i.SystemClock_Config) refers to stm32f4xx_hal_rcc.o(i.HAL_RCC_OscConfig) for HAL_RCC_OscConfig
    main.o(i.SystemClock_Config) refers to main.o(i.Error_Handler) for Error_Handler
    main.o(i.SystemClock_Config) refers to stm32f4xx_hal_pwr_ex.o(i.HAL_PWREx_EnableOverDrive) for HAL_PWREx_EnableOverDrive
    main.o(i.SystemClock_Config) refers to stm32f4xx_hal_rcc.o(i.HAL_RCC_ClockConfig) for HAL_RCC_ClockConfig
    main.o(i.main) refers to stm32f4xx_hal.o(i.HAL_Init) for HAL_Init
    main.o(i.main) refers to main.o(i.SystemClock_Config) for SystemClock_Config
    main.o(i.main) refers to gpio.o(i.MX_GPIO_Init) for MX_GPIO_Init
    main.o(i.main) refers to dma.o(i.MX_DMA_Init) for MX_DMA_Init
    main.o(i.main) refers to usart.o(i.MX_USART1_UART_Init) for MX_USART1_UART_Init
    main.o(i.main) refers to sdio.o(i.MX_SDIO_SD_Init) for MX_SDIO_SD_Init
    main.o(i.main) refers to fatfs.o(i.MX_FATFS_Init) for MX_FATFS_Init
    main.o(i.main) refers to spi.o(i.MX_SPI5_Init) for MX_SPI5_Init
    main.o(i.main) refers to interaction.o(i.Interaction) for Interaction
    gpio.o(i.MX_GPIO_Init) refers to memseta.o(.text) for __aeabi_memclr4
    gpio.o(i.MX_GPIO_Init) refers to stm32f4xx_hal_gpio.o(i.HAL_GPIO_WritePin) for HAL_GPIO_WritePin
    gpio.o(i.MX_GPIO_Init) refers to stm32f4xx_hal_gpio.o(i.HAL_GPIO_Init) for HAL_GPIO_Init
    dma.o(i.MX_DMA_Init) refers to stm32f4xx_hal_cortex.o(i.HAL_NVIC_SetPriority) for HAL_NVIC_SetPriority
    dma.o(i.MX_DMA_Init) refers to stm32f4xx_hal_cortex.o(i.HAL_NVIC_EnableIRQ) for HAL_NVIC_EnableIRQ
    sdio.o(i.HAL_SD_MspDeInit) refers to stm32f4xx_hal_gpio.o(i.HAL_GPIO_DeInit) for HAL_GPIO_DeInit
    sdio.o(i.HAL_SD_MspDeInit) refers to stm32f4xx_hal_dma.o(i.HAL_DMA_DeInit) for HAL_DMA_DeInit
    sdio.o(i.HAL_SD_MspDeInit) refers to stm32f4xx_hal_cortex.o(i.HAL_NVIC_DisableIRQ) for HAL_NVIC_DisableIRQ
    sdio.o(i.HAL_SD_MspInit) refers to memseta.o(.text) for __aeabi_memclr4
    sdio.o(i.HAL_SD_MspInit) refers to stm32f4xx_hal_gpio.o(i.HAL_GPIO_Init) for HAL_GPIO_Init
    sdio.o(i.HAL_SD_MspInit) refers to stm32f4xx_hal_dma.o(i.HAL_DMA_Init) for HAL_DMA_Init
    sdio.o(i.HAL_SD_MspInit) refers to main.o(i.Error_Handler) for Error_Handler
[...]
    i.SDMMC_CmdSendSCR                       0x08002df6   Section        0  stm32f4xx_ll_sdmmc.o(i.SDMMC_CmdSendSCR)
    i.SDMMC_CmdSendStatus                    0x08002e2e   Section        0  stm32f4xx_ll_sdmmc.o(i.SDMMC_CmdSendStatus)
    i.SDMMC_CmdSetRelAdd                     0x08002e66   Section        0  stm32f4xx_ll_sdmmc.o(i.SDMMC_CmdSetRelAdd)
    i.SDMMC_CmdStopTransfer                  0x08002ea0   Section        0  stm32f4xx_ll_sdmmc.o(i.SDMMC_CmdStopTransfer)
    i.SDMMC_CmdWriteMultiBlock               0x08002edc   Section        0  stm32f4xx_ll_sdmmc.o(i.SDMMC_CmdWriteMultiBlock)
    i.SDMMC_CmdWriteSingleBlock              0x08002f14   Section        0  stm32f4xx_ll_sdmmc.o(i.SDMMC_CmdWriteSingleBlock)
    i.SDMMC_GetCmdError                      0x08002f4c   Section        0  stm32f4xx_ll_sdmmc.o(i.SDMMC_GetCmdError)
    SDMMC_GetCmdError                        0x08002f4d   Thumb Code    58  stm32f4xx_ll_sdmmc.o(i.SDMMC_GetCmdError)
    i.SDMMC_GetCmdResp1                      0x08002f8c   Section        0  stm32f4xx_ll_sdmmc.o(i.SDMMC_GetCmdResp1)
    SDMMC_GetCmdResp1                        0x08002f8d   Thumb Code   418  stm32f4xx_ll_sdmmc.o(i.SDMMC_GetCmdResp1)
    i.SDMMC_GetCmdResp2                      0x08003138   Section        0  stm32f4xx_ll_sdmmc.o(i.SDMMC_GetCmdResp2)
    SDMMC_GetCmdResp2                        0x08003139   Thumb Code    96  stm32f4xx_ll_sdmmc.o(i.SDMMC_GetCmdResp2)
    i.SDMMC_GetCmdResp3                      0x0800319c   Section        0  stm32f4xx_ll_sdmmc.o(i.SDMMC_GetCmdResp3)
    SDMMC_GetCmdResp3                        0x0800319d   Thumb Code    82  stm32f4xx_ll_sdmmc.o(i.SDMMC_GetCmdResp3)
    i.SDMMC_GetCmdResp6                      0x080031f4   Section        0  stm32f4xx_ll_sdmmc.o(i.SDMMC_GetCmdResp6)
    SDMMC_GetCmdResp6                        0x080031f5   Thumb Code   180  stm32f4xx_ll_sdmmc.o(i.SDMMC_GetCmdResp6)
    i.SDMMC_GetCmdResp7                      0x080032ac   Section        0  stm32f4xx_ll_sdmmc.o(i.SDMMC_GetCmdResp7)
    SDMMC_GetCmdResp7                        0x080032ad   Thumb Code   104  stm32f4xx_ll_sdmmc.o(i.SDMMC_GetCmdResp7)
    i.SD_CheckStatus                         0x08003318   Section        0  sd_diskio.o(i.SD_CheckStatus)
    SD_CheckStatus                           0x08003319   Thumb Code    34  sd_diskio.o(i.SD_CheckStatus)
    i.SD_CheckStatusWithTimeout              0x08003340   Section        0  sd_diskio.o(i.SD_CheckStatusWithTimeout)
    SD_CheckStatusWithTimeout                0x08003341   Thumb Code    38  sd_diskio.o(i.SD_CheckStatusWithTimeout)
    i.SD_DMAError                            0x08003368   Section        0  stm32f4xx_hal_sd.o(i.SD_DMAError)
    SD_DMAError                              0x08003369   Thumb Code   112  stm32f4xx_hal_sd.o(i.SD_DMAError)
    i.SD_DMAReceiveCplt                      0x080033dc   Section        0  stm32f4xx_hal_sd.o(i.SD_DMAReceiveCplt)
    SD_DMAReceiveCplt                        0x080033dd   Thumb Code    72  stm32f4xx_hal_sd.o(i.SD_DMAReceiveCplt)
    i.SD_DMARxAbort                          0x08003424   Section        0  stm32f4xx_hal_sd.o(i.SD_DMARxAbort)
    SD_DMARxAbort                            0x08003425   Thumb Code    72  stm32f4xx_hal_sd.o(i.SD_DMARxAbort)
    i.SD_DMATransmitCplt                     0x0800346c   Section        0  stm32f4xx_hal_sd.o(i.SD_DMATransmitCplt)
    SD_DMATransmitCplt                       0x0800346d   Thumb Code    18  stm32f4xx_hal_sd.o(i.SD_DMATransmitCplt)
    i.SD_DMATxAbort                          0x0800347e   Section        0  stm32f4xx_hal_sd.o(i.SD_DMATxAbort)
    SD_DMATxAbort                            0x0800347f   Thumb Code    72  stm32f4xx_hal_sd.o(i.SD_DMATxAbort)
    i.SD_Execute_Progress                    0x080034c8   Section        0  sdcard_iap.o(i.SD_Execute_Progress)
    SD_Execute_Progress                      0x080034c9   Thumb Code   146  sdcard_iap.o(i.SD_Execute_Progress)
    i.SD_File_Init                           0x080035a8   Section        0  sdcard_iap.o(i.SD_File_Init)
    SD_File_Init                             0x080035a9   Thumb Code    74  sdcard_iap.o(i.SD_File_Init)
    i.SD_FindSCR                             0x08003608   Section        0  stm32f4xx_hal_sd.o(i.SD_FindSCR)
    SD_FindSCR                               0x08003609   Thumb Code   308  stm32f4xx_hal_sd.o(i.SD_FindSCR)
    i.SD_Hardware_Update                     0x0800373c   Section        0  sdcard_iap.o(i.SD_Hardware_Update)
    SD_Hardware_Update                       0x0800373d   Thumb Code    68  sdcard_iap.o(i.SD_Hardware_Update)
    i.SD_InitCard                            0x080037b0   Section        0  stm32f4xx_hal_sd.o(i.SD_InitCard)
    SD_InitCard                              0x080037b1   Thumb Code   258  stm32f4xx_hal_sd.o(i.SD_InitCard)
    i.SD_PowerON                             0x080038b4   Section        0  stm32f4xx_hal_sd.o(i.SD_PowerON)
    SD_PowerON                               0x080038b5   Thumb Code   198  stm32f4xx_hal_sd.o(i.SD_PowerON)
    i.SD_Read_IT                             0x08003980   Section        0  stm32f4xx_hal_sd.o(i.SD_Read_IT)
    SD_Read_IT                               0x08003981   Thumb Code    74  stm32f4xx_hal_sd.o(i.SD_Read_IT)
    i.SD_SendStatus                          0x080039ca   Section        0  stm32f4xx_hal_sd.o(i.SD_SendStatus)
    SD_SendStatus                            0x080039cb   Thumb Code    48  stm32f4xx_hal_sd.o(i.SD_SendStatus)
    i.SD_WideBus_Disable                     0x080039fa   Section        0  stm32f4xx_hal_sd.o(i.SD_WideBus_Disable)
    SD_WideBus_Disable                       0x080039fb   Thumb Code   104  stm32f4xx_hal_sd.o(i.SD_WideBus_Disable)
    i.SD_WideBus_Enable                      0x08003a62   Section        0  stm32f4xx_hal_sd.o(i.SD_WideBus_Enable)
    SD_WideBus_Enable                        0x08003a63   Thumb Code   104  stm32f4xx_hal_sd.o(i.SD_WideBus_Enable)
    i.SD_Write_IT                            0x08003aca   Section        0  stm32f4xx_hal_sd.o(i.SD_Write_IT)
    SD_Write_IT                              0x08003acb   Thumb Code    84  stm32f4xx_hal_sd.o(i.SD_Write_IT)
    i.SD_initialize                          0x08003b20   Section        0  sd_diskio.o(i.SD_initialize)
    i.SD_ioctl                               0x08003b40   Section        0  sd_diskio.o(i.SD_ioctl)
    i.SD_read                                0x08003bac   Section        0  sd_diskio.o(i.SD_read)
    i.SD_status                              0x08003c3c   Section        0  sd_diskio.o(i.SD_status)
    i.SD_write                               0x08003c48   Section        0  sd_diskio.o(i.SD_write)
    i.SDcard_Interaction                     0x08003cd8   Section        0  sdcard_iap.o(i.SDcard_Interaction)
    i.STMFLASH_GetFlashSector                0x08003ce8   Section        0  stmflash.o(i.STMFLASH_GetFlashSector)
    i.STMFLASH_ReadWord                      0x08003e2c   Section        0  stmflash.o(i.STMFLASH_ReadWord)
    i.STMFLASH_Write                         0x08003e34   Section        0  stmflash.o(i.STMFLASH_Write)
    i.SVC_Handler                            0x08003ee8   Section        0  stm32f4xx_it.o(i.SVC_Handler)
    i.SysTick_Handler                        0x08003eea   Section        0  stm32f4xx_it.o(i.SysTick_Handler)
    i.SystemClock_Config                     0x08003ef4   Section        0  main.o(i.SystemClock_Config)
    i.SystemInit                             0x08003fb0   Section        0  system_stm32f4xx.o(i.SystemInit)
    i.UART_DMAAbortOnError                   0x08003fcc   Section        0  stm32f4xx_hal_uart.o(i.UART_DMAAbortOnError)
    UART_DMAAbortOnError                     0x08003fcd   Thumb Code    20  stm32f4xx_hal_uart.o(i.UART_DMAAbortOnError)
    i.UART_EndRxTransfer                     0x08003fe0   Section        0  stm32f4xx_hal_uart.o(i.UART_EndRxTransfer)
    UART_EndRxTransfer                       0x08003fe1   Thumb Code    32  stm32f4xx_hal_uart.o(i.UART_EndRxTransfer)
    i.UART_EndTransmit_IT                    0x08004000   Section        0  stm32f4xx_hal_uart.o(i.UART_EndTransmit_IT)
    UART_EndTransmit_IT                      0x08004001   Thumb Code    32  stm32f4xx_hal_uart.o(i.UART_EndTransmit_IT)
    i.UART_Receive_IT                        0x08004020   Section        0  stm32f4xx_hal_uart.o(i.UART_Receive_IT)
    UART_Receive_IT                          0x08004021   Thumb Code   166  stm32f4xx_hal_uart.o(i.UART_Receive_IT)
    i.UART_SetConfig                         0x080040c8   Section        0  stm32f4xx_hal_uart.o(i.UART_SetConfig)
    UART_SetConfig                           0x080040c9   Thumb Code   992  stm32f4xx_hal_uart.o(i.UART_SetConfig)
    i.UART_Transmit_IT                       0x080044b0   Section        0  stm32f4xx_hal_uart.o(i.UART_Transmit_IT)
    UART_Transmit_IT                         0x080044b1   Thumb Code   104  stm32f4xx_hal_uart.o(i.UART_Transmit_IT)
    i.UART_WaitOnFlagUntilTimeout            0x08004518   Section        0  stm32f4xx_hal_uart.o(i.UART_WaitOnFlagUntilTimeout)
    UART_WaitOnFlagUntilTimeout              0x08004519   Thumb Code   108  stm32f4xx_hal_uart.o(i.UART_WaitOnFlagUntilTimeout)
    i.USART1_IRQHandler                      0x08004584   Section        0  stm32f4xx_it.o(i.USART1_IRQHandler)
    i.USER_USART1_IRQHandler                 0x08004598   Section        0  usart.o(i.USER_USART1_IRQHandler)
    i.UsageFault_Handler                     0x080045e0   Section        0  stm32f4xx_it.o(i.UsageFault_Handler)
    i.__NVIC_GetPriorityGrouping             0x080045e4   Section        0  stm32f4xx_hal_cortex.o(i.__NVIC_GetPriorityGrouping)
    __NVIC_GetPriorityGrouping               0x080045e5   Thumb Code    10  stm32f4xx_hal_cortex.o(i.__NVIC_GetPriorityGrouping)
    i.__NVIC_SetPriority                     0x080045f4   Section        0  stm32f4xx_hal_cortex.o(i.__NVIC_SetPriority)
    __NVIC_SetPriority                       0x080045f5   Thumb Code    32  stm32f4xx_hal_cortex.o(i.__NVIC_SetPriority)
    i.__scatterload_copy                     0x0800461c   Section       14  handlers.o(i.__scatterload_copy)
    i.__scatterload_null                     0x0800462a   Section        2  handlers.o(i.__scatterload_null)
    i.__scatterload_zeroinit                 0x0800462c   Section       14  handlers.o(i.__scatterload_zeroinit)
    i.change_bitmap                          0x0800463a   Section        0  ff.o(i.change_bitmap)
    change_bitmap                            0x0800463b   Thumb Code   138  ff.o(i.change_bitmap)
    i.check_fs                               0x080046c4   Section        0  ff.o(i.check_fs)
    check_fs                                 0x080046c5   Thumb Code   134  ff.o(i.check_fs)
    i.chk_chr                                0x08004760   Section        0  ff.o(i.chk_chr)
    chk_chr                                  0x08004761   Thumb Code    20  ff.o(i.chk_chr)
    i.chk_lock                               0x08004774   Section        0  ff.o(i.chk_lock)
    chk_lock                                 0x08004775   Thumb Code   120  ff.o(i.chk_lock)
    i.clear_lock                             0x080047f0   Section        0  ff.o(i.clear_lock)
    clear_lock                               0x080047f1   Thumb Code    36  ff.o(i.clear_lock)
    i.clmt_clust                             0x08004818   Section        0  ff.o(i.clmt_clust)
    clmt_clust                               0x08004819   Thumb Code    98  ff.o(i.clmt_clust)
    i.clust2sect                             0x0800487a   Section        0  ff.o(i.clust2sect)
    clust2sect                               0x0800487b   Thumb Code    26  ff.o(i.clust2sect)
    i.cmp_lfn                                0x08004894   Section        0  ff.o(i.cmp_lfn)
    cmp_lfn                                  0x08004895   Thumb Code   148  ff.o(i.cmp_lfn)
    i.create_chain                           0x0800492c   Section        0  ff.o(i.create_chain)
    create_chain                             0x0800492d   Thumb Code   392  ff.o(i.create_chain)
    i.create_name                            0x08004ab4   Section        0  ff.o(i.create_name)
    create_name                              0x08004ab5   Thumb Code   534  ff.o(i.create_name)
    i.create_xdir                            0x08004ce4   Section        0  ff.o(i.create_xdir)
    create_xdir                              0x08004ce5   Thumb Code   146  ff.o(i.create_xdir)
    i.dec_lock                               0x08004d78   Section        0  ff.o(i.dec_lock)
    dec_lock                                 0x08004d79   Thumb Code    64  ff.o(i.dec_lock)
    i.dir_alloc                              0x08004dbc   Section        0  ff.o(i.dir_alloc)
    dir_alloc                                0x08004dbd   Thumb Code   124  ff.o(i.dir_alloc)
    i.dir_find                               0x08004e38   Section        0  ff.o(i.dir_find)
    dir_find                                 0x08004e39   Thumb Code   424  ff.o(i.dir_find)
    i.dir_next                               0x08004fe0   Section        0  ff.o(i.dir_next)
    dir_next                                 0x08004fe1   Thumb Code   288  ff.o(i.dir_next)
    i.dir_read                               0x08005100   Section        0  ff.o(i.dir_read)
    dir_read                                 0x08005101   Thumb Code   248  ff.o(i.dir_read)
    i.dir_register                           0x080051f8   Section        0  ff.o(i.dir_register)
    dir_register                             0x080051f9   Thumb Code   540  ff.o(i.dir_register)
    i.dir_sdi                                0x08005414   Section        0  ff.o(i.dir_sdi)
    dir_sdi                                  0x08005415   Thumb Code   170  ff.o(i.dir_sdi)
    i.disk_initialize                        0x080054c0   Section        0  diskio.o(i.disk_initialize)
    i.disk_ioctl                             0x080054ec   Section        0  diskio.o(i.disk_ioctl)
    i.disk_read                              0x08005514   Section        0  diskio.o(i.disk_read)
    i.disk_status                            0x08005544   Section        0  diskio.o(i.disk_status)
    i.disk_write                             0x08005560   Section        0  diskio.o(i.disk_write)
    i.enq_lock                               0x08005590   Section        0  ff.o(i.enq_lock)
    enq_lock                                 0x08005591   Thumb Code    34  ff.o(i.enq_lock)
    i.f_close                                0x080055b8   Section        0  ff.o(i.f_close)
    i.f_mount                                0x080055e4   Section        0  ff.o(i.f_mount)
    i.f_open                                 0x08005644   Section        0  ff.o(i.f_open)
    i.f_read                                 0x08005a7e   Section        0  ff.o(i.f_read)
    i.f_sync                                 0x08005ca6   Section        0  ff.o(i.f_sync)
    i.ff_convert                             0x08005e60   Section        0  ccsbcs.o(i.ff_convert)
    i.ff_wtoupper                            0x08005eac   Section        0  ccsbcs.o(i.ff_wtoupper)
    i.fill_first_frag                        0x08005f50   Section        0  ff.o(i.fill_first_frag)
    fill_first_frag                          0x08005f51   Thumb Code    54  ff.o(i.fill_first_frag)
    i.fill_last_frag                         0x08005f86   Section        0  ff.o(i.fill_last_frag)
    fill_last_frag                           0x08005f87   Thumb Code    68  ff.o(i.fill_last_frag)
    i.find_bitmap                            0x08005fca   Section        0  ff.o(i.find_bitmap)
    find_bitmap                              0x08005fcb   Thumb Code   164  ff.o(i.find_bitmap)
    i.find_volume                            0x08006070   Section        0  ff.o(i.find_volume)
    find_volume                              0x08006071   Thumb Code  1122  ff.o(i.find_volume)
    i.follow_path                            0x080064dc   Section        0  ff.o(i.follow_path)
    follow_path                              0x080064dd   Thumb Code   228  ff.o(i.follow_path)
    i.gen_numname                            0x080065c0   Section        0  ff.o(i.gen_numname)
    gen_numname                              0x080065c1   Thumb Code   176  ff.o(i.gen_numname)
    i.get_fat                                0x08006674   Section        0  ff.o(i.get_fat)
    get_fat                                  0x08006675   Thumb Code   390  ff.o(i.get_fat)
    i.get_fattime                            0x080067fa   Section        0  fatfs.o(i.get_fattime)
    i.get_ldnumber                           0x080067fe   Section        0  ff.o(i.get_ldnumber)
    get_ldnumber                             0x080067ff   Thumb Code    72  ff.o(i.get_ldnumber)
    i.iap_load_app                           0x08006848   Section        0  iap.o(i.iap_load_app)
    i.iap_write_appbin                       0x08006874   Section        0  iap.o(i.iap_write_appbin)
    i.inc_lock                               0x080068dc   Section        0  ff.o(i.inc_lock)
    inc_lock                                 0x080068dd   Thumb Code   182  ff.o(i.inc_lock)
    i.ld_clust                               0x08006998   Section        0  ff.o(i.ld_clust)
    ld_clust                                 0x08006999   Thumb Code    38  ff.o(i.ld_clust)
    i.ld_dword                               0x080069be   Section        0  ff.o(i.ld_dword)
    ld_dword                                 0x080069bf   Thumb Code    24  ff.o(i.ld_dword)
    i.ld_qword                               0x080069d6   Section        0  ff.o(i.ld_qword)
    ld_qword                                 0x080069d7   Thumb Code    98  ff.o(i.ld_qword)
    i.ld_word                                0x08006a38   Section        0  ff.o(i.ld_word)
    ld_word                                  0x08006a39   Thumb Code    12  ff.o(i.ld_word)
    i.load_obj_dir                           0x08006a44   Section        0  ff.o(i.load_obj_dir)
    load_obj_dir                             0x08006a45   Thumb Code    60  ff.o(i.load_obj_dir)
    i.load_xdir                              0x08006a80   Section        0  ff.o(i.load_xdir)
    load_xdir                                0x08006a81   Thumb Code   258  ff.o(i.load_xdir)
    i.main                                   0x08006b82   Section        0  main.o(i.main)
    i.mem_cmp                                0x08006baa   Section        0  ff.o(i.mem_cmp)
    mem_cmp                                  0x08006bab   Thumb Code    36  ff.o(i.mem_cmp)
    i.mem_cpy                                0x08006bce   Section        0  ff.o(i.mem_cpy)
    mem_cpy                                  0x08006bcf   Thumb Code    26  ff.o(i.mem_cpy)
    i.mem_set                                0x08006be8   Section        0  ff.o(i.mem_set)
    mem_set                                  0x08006be9   Thumb Code    18  ff.o(i.mem_set)
    i.move_window                            0x08006bfa   Section        0  ff.o(i.move_window)
    move_window                              0x08006bfb   Thumb Code    52  ff.o(i.move_window)
    i.pick_lfn                               0x08006c30   Section        0  ff.o(i.pick_lfn)
    pick_lfn                                 0x08006c31   Thumb Code   130  ff.o(i.pick_lfn)
    i.put_fat                                0x08006cb8   Section        0  ff.o(i.put_fat)
    put_fat                                  0x08006cb9   Thumb Code   324  ff.o(i.put_fat)
    i.put_lfn                                0x08006dfc   Section        0  ff.o(i.put_lfn)
    put_lfn                                  0x08006dfd   Thumb Code   124  ff.o(i.put_lfn)
    i.remove_chain                           0x08006e7c   Section        0  ff.o(i.remove_chain)
    remove_chain                             0x08006e7d   Thumb Code   270  ff.o(i.remove_chain)
    i.st_clust                               0x08006f8a   Section        0  ff.o(i.st_clust)
    st_clust                                 0x08006f8b   Thumb Code    36  ff.o(i.st_clust)
    i.st_dword                               0x08006fae   Section        0  ff.o(i.st_dword)
    st_dword                                 0x08006faf   Thumb Code    24  ff.o(i.st_dword)
    i.st_qword                               0x08006fc6   Section        0  ff.o(i.st_qword)
    st_qword                                 0x08006fc7   Thumb Code    92  ff.o(i.st_qword)
    i.st_word                                0x08007022   Section        0  ff.o(i.st_word)
    st_word                                  0x08007023   Thumb Code    12  ff.o(i.st_word)
    i.store_xdir                             0x0800702e   Section        0  ff.o(i.store_xdir)
    store_xdir                               0x0800702f   Thumb Code   114  ff.o(i.store_xdir)
    i.sum_sfn                                0x080070a0   Section        0  ff.o(i.sum_sfn)
    sum_sfn                                  0x080070a1   Thumb Code    32  ff.o(i.sum_sfn)
    i.sync_fs                                0x080070c0   Section        0  ff.o(i.sync_fs)
    sync_fs                                  0x080070c1   Thumb Code   134  ff.o(i.sync_fs)
    i.sync_window                            0x08007150   Section        0  ff.o(i.sync_window)
    sync_window                              0x08007151   Thumb Code    82  ff.o(i.sync_window)
    i.validate                               0x080071a2   Section        0  ff.o(i.validate)
    validate                                 0x080071a3   Thumb Code    60  ff.o(i.validate)
    i.xdir_sum                               0x080071de   Section        0  ff.o(i.xdir_sum)
    xdir_sum                                 0x080071df   Thumb Code    58  ff.o(i.xdir_sum)
    i.xname_sum                              0x08007218   Section        0  ff.o(i.xname_sum)
    xname_sum                                0x08007219   Thumb Code    76  ff.o(i.xname_sum)
    .constdata                               0x08007264   Section       20  sd_diskio.o(.constdata)
    .constdata                               0x08007278   Section      170  ff.o(.constdata)
    ExCvt                                    0x08007278   Data         128  ff.o(.constdata)
    LfnOfs                                   0x080072f8   Data          13  ff.o(.constdata)
    cst                                      0x08007306   Data          14  ff.o(.constdata)
    cst32                                    0x08007314   Data          14  ff.o(.constdata)
    .constdata                               0x08007322   Section      942  ccsbcs.o(.constdata)
    Tbl                                      0x08007322   Data         256  ccsbcs.o(.constdata)
    cvt1                                     0x08007422   Data         498  ccsbcs.o(.constdata)
    cvt2                                     0x08007614   Data         188  ccsbcs.o(.constdata)
    .constdata                               0x080076d0   Section        8  stm32f4xx_hal_dma.o(.constdata)
    flagBitshiftOffset                       0x080076d0   Data           8  stm32f4xx_hal_dma.o(.constdata)
    .constdata                               0x080076d8   Section       24  system_stm32f4xx.o(.constdata)
    .data                                    0x20000000   Section        8  usart.o(.data)
    .data                                    0x20000008   Section       12  sd_diskio.o(.data)
    Stat                                     0x20000008   Data           1  sd_diskio.o(.data)
    WriteStatus                              0x2000000c   Data           4  sd_diskio.o(.data)
    ReadStatus                               0x20000010   Data           4  sd_diskio.o(.data)
    .data                                    0x20000014   Section        5  fatfs.o(.data)
    .data                                    0x2000001c   Section        6  ff.o(.data)
    FatFs                                    0x2000001c   Data           4  ff.o(.data)
    Fsid                                     0x20000020   Data           2  ff.o(.data)
    .data                                    0x20000024   Section        4  iap.o(.data)
    .data                                    0x20000028   Section       29  sdcard_iap.o(.data)
    .data                                    0x20000048   Section        9  stm32f4xx_hal.o(.data)
    .data                                    0x20000054   Section        4  system_stm32f4xx.o(.data)
    .bss                                     0x20000058   Section      324  sdio.o(.bss)
    .bss                                     0x2000019c   Section       88  spi.o(.bss)
    .bss                                     0x200001f4   Section       64  usart.o(.bss)
    .bss                                     0x20000234   Section       32  ff.o(.bss)
    Files                                    0x20000234   Data          32  ff.o(.bss)
    .bss                                     0x20000254   Section       12  ff_gen_drv.o(.bss)
    .bss                                     0x20000260   Section     2048  iap.o(.bss)
    .bss                                     0x20000a60   Section     1168  sdcard_iap.o(.bss)
    .bss                                     0x20000ef0   Section       32  stm32f4xx_hal_flash.o(.bss)
    .ARM.__AT_0x20001000                     0x20001000   Section    184320  iap.o(.ARM.__AT_0x20001000)
    STACK                                    0x2002e000   Section     1024  startup_stm32f429xx.o(STACK)

    Global Symbols

    Symbol Name                              Value     Ov Type        Size  Object(Section)

    BuildAttributes$$THM_ISAv4$E$P$D$K$B$S$7EM$VFPi3$EXTD16$VFPS$VFMA$PE$A:L22UL41UL21$X:L11$S22US41US21$IEEE1$IW$USESV6$~STKCKD$USESV7$~SHL$OSPACE$ROPI$EBA8$MICROLIB$REQ8$PRES8$EABIv2 0x00000000   Number         0  anon$$obj.o ABSOLUTE
    __ARM_use_no_argv                        0x00000000   Number         0  main.o ABSOLUTE
    _printf_a                                0x00000000   Number         0  stubs.o ABSOLUTE
    _printf_c                                0x00000000   Number         0  stubs.o ABSOLUTE
    _printf_charcount                        0x00000000   Number         0  stubs.o ABSOLUTE
    _printf_d                                0x00000000   Number         0  stubs.o ABSOLUTE
    _printf_e                                0x00000000   Number         0  stubs.o ABSOLUTE
    _printf_f                                0x00000000   Number         0  stubs.o ABSOLUTE
    _printf_flags                            0x00000000   Number         0  stubs.o ABSOLUTE
    _printf_fp_dec                           0x00000000   Number         0  stubs.o ABSOLUTE
    _printf_fp_hex                           0x00000000   Number         0  stubs.o ABSOLUTE
    _printf_g                                0x00000000   Number         0  stubs.o ABSOLUTE
    _printf_i                                0x00000000   Number         0  stubs.o ABSOLUTE
    _printf_int_dec                          0x00000000   Number         0  stubs.o ABSOLUTE
    _printf_l                                0x00000000   Number         0  stubs.o ABSOLUTE
    _printf_lc                               0x00000000   Number         0  stubs.o ABSOLUTE
    _printf_ll                               0x00000000   Number         0  stubs.o ABSOLUTE
    _printf_lld                              0x00000000   Number         0  stubs.o ABSOLUTE
    _printf_lli                              0x00000000   Number         0  stubs.o ABSOLUTE
    _printf_llo                              0x00000000   Number         0  stubs.o ABSOLUTE
    _printf_llu                              0x00000000   Number         0  stubs.o ABSOLUTE
    _printf_llx                              0x00000000   Number         0  stubs.o ABSOLUTE
    _printf_longlong_dec                     0x00000000   Number         0  stubs.o ABSOLUTE
    _printf_longlong_hex                     0x00000000   Number         0  stubs.o ABSOLUTE
    _printf_longlong_oct                     0x00000000   Number         0  stubs.o ABSOLUTE
    _printf_ls                               0x00000000   Number         0  stubs.o ABSOLUTE
    _printf_mbtowc                           0x00000000   Number         0  stubs.o ABSOLUTE
    _printf_n                                0x00000000   Number         0  stubs.o ABSOLUTE
    _printf_o                                0x00000000   Number         0  stubs.o ABSOLUTE
    _printf_p                                0x00000000   Number         0  stubs.o ABSOLUTE
    _printf_percent                          0x00000000   Number         0  stubs.o ABSOLUTE
    _printf_pre_padding                      0x00000000   Number         0  stubs.o ABSOLUTE
    _printf_return_value                     0x00000000   Number         0  stubs.o ABSOLUTE
    _printf_s                                0x00000000   Number         0  stubs.o ABSOLUTE
    _printf_sizespec                         0x00000000   Number         0  stubs.o ABSOLUTE
    _printf_str                              0x00000000   Number         0  stubs.o ABSOLUTE
    _printf_truncate_signed                  0x00000000   Number         0  stubs.o ABSOLUTE
    _printf_truncate_unsigned                0x00000000   Number         0  stubs.o ABSOLUTE
    _printf_u                                0x00000000   Number         0  stubs.o ABSOLUTE
    _printf_wc                               0x00000000   Number         0  stubs.o ABSOLUTE
    _printf_wctomb                           0x00000000   Number         0  stubs.o ABSOLUTE
    _printf_widthprec                        0x00000000   Number         0  stubs.o ABSOLUTE
    _printf_x                                0x00000000   Number         0  stubs.o ABSOLUTE
    __cpp_initialize__aeabi_                  - Undefined Weak Reference
    __cxa_finalize                            - Undefined Weak Reference
    __decompress                              - Undefined Weak Reference
    _clock_init                               - Undefined Weak Reference
    _microlib_exit                            - Undefined Weak Reference
    __Vectors_Size                           0x000001ac   Number         0  startup_stm32f429xx.o ABSOLUTE
    __Vectors                                0x08000000   Data           4  startup_stm32f429xx.o(RESET)
    __Vectors_End                            0x080001ac   Data           0  startup_stm32f429xx.o(RESET)
    __main                                   0x080001ad   Thumb Code     0  entry.o(.ARM.Collect$$$$00000000)
    _main_stk                                0x080001ad   Thumb Code     0  entry2.o(.ARM.Collect$$$$00000001)
    _main_scatterload                        0x080001b1   Thumb Code     0  entry5.o(.ARM.Collect$$$$00000004)
    __main_after_scatterload                 0x080001b5   Thumb Code     0  entry5.o(.ARM.Collect$$$$00000004)
    _main_clock                              0x080001b5   Thumb Code     0  entry7b.o(.ARM.Collect$$$$00000008)
    _main_cpp_init                           0x080001b5   Thumb Code     0  entry8b.o(.ARM.Collect$$$$0000000A)
    _main_init                               0x080001b5   Thumb Code     0  entry9a.o(.ARM.Collect$$$$0000000B)
    __rt_final_cpp                           0x080001bd   Thumb Code     0  entry10a.o(.ARM.Collect$$$$0000000D)
    __rt_final_exit                          0x080001bd   Thumb Code     0  entry11a.o(.ARM.Collect$$$$0000000F)
    MSR_MSP                                  0x080001c1   Thumb Code     6  iap.o(.emb_text)
    Reset_Handler                            0x080001c9   Thumb Code     8  startup_stm32f429xx.o(.text)
    ADC_IRQHandler                           0x080001e3   Thumb Code     0  startup_stm32f429xx.o(.text)
    CAN1_RX0_IRQHandler                      0x080001e3   Thumb Code     0  startup_stm32f429xx.o(.text)
    CAN1_RX1_IRQHandler                      0x080001e3   Thumb Code     0  startup_stm32f429xx.o(.text)
    CAN1_SCE_IRQHandler                      0x080001e3   Thumb Code     0  startup_stm32f429xx.o(.text)
    CAN1_TX_IRQHandler                       0x080001e3   Thumb Code     0  startup_stm32f429xx.o(.text)
    CAN2_RX0_IRQHandler                      0x080001e3   Thumb Code     0  startup_stm32f429xx.o(.text)
    CAN2_RX1_IRQHandler                      0x080001e3   Thumb Code     0  startup_stm32f429xx.o(.text)
    CAN2_SCE_IRQHandler                      0x080001e3   Thumb Code     0  startup_stm32f429xx.o(.text)
    CAN2_TX_IRQHandler                       0x080001e3   Thumb Code     0  startup_stm32f429xx.o(.text)
    DCMI_IRQHandler                          0x080001e3   Thumb Code     0  startup_stm32f429xx.o(.text)
    DMA1_Stream0_IRQHandler                  0x080001e3   Thumb Code     0  startup_stm32f429xx.o(.text)
    DMA1_Stream1_IRQHandler                  0x080001e3   Thumb Code     0  startup_stm32f429xx.o(.text)
    DMA1_Stream2_IRQHandler                  0x080001e3   Thumb Code     0  startup_stm32f429xx.o(.text)
    DMA1_Stream3_IRQHandler                  0x080001e3   Thumb Code     0  startup_stm32f429xx.o(.text)
    DMA1_Stream4_IRQHandler                  0x080001e3   Thumb Code     0  startup_stm32f429xx.o(.text)
    DMA1_Stream5_IRQHandler                  0x080001e3   Thumb Code     0  startup_stm32f429xx.o(.text)
    DMA1_Stream6_IRQHandler                  0x080001e3   Thumb Code     0  startup_stm32f429xx.o(.text)
    DMA1_Stream7_IRQHandler                  0x080001e3   Thumb Code     0  startup_stm32f429xx.o(.text)
    DMA2D_IRQHandler                         0x080001e3   Thumb Code     0  startup_stm32f429xx.o(.text)
    DMA2_Stream0_IRQHandler                  0x080001e3   Thumb Code     0  startup_stm32f429xx.o(.text)
    DMA2_Stream1_IRQHandler                  0x080001e3   Thumb Code     0  startup_stm32f429xx.o(.text)
    DMA2_Stream2_IRQHandler                  0x080001e3   Thumb Code     0  startup_stm32f429xx.o(.text)
    DMA2_Stream4_IRQHandler                  0x080001e3   Thumb Code     0  startup_stm32f429xx.o(.text)
    DMA2_Stream5_IRQHandler                  0x080001e3   Thumb Code     0  startup_stm32f429xx.o(.text)
    DMA2_Stream7_IRQHandler                  0x080001e3   Thumb Code     0  startup_stm32f429xx.o(.text)
    ETH_IRQHandler                           0x080001e3   Thumb Code     0  startup_stm32f429xx.o(.text)
    ETH_WKUP_IRQHandler                      0x080001e3   Thumb Code     0  startup_stm32f429xx.o(.text)
    EXTI0_IRQHandler                         0x080001e3   Thumb Code     0  startup_stm32f429xx.o(.text)
    EXTI15_10_IRQHandler                     0x080001e3   Thumb Code     0  startup_stm32f429xx.o(.text)
    EXTI1_IRQHandler                         0x080001e3   Thumb Code     0  startup_stm32f429xx.o(.text)
    EXTI2_IRQHandler                         0x080001e3   Thumb Code     0  startup_stm32f429xx.o(.text)
    EXTI3_IRQHandler                         0x080001e3   Thumb Code     0  startup_stm32f429xx.o(.text)
    EXTI4_IRQHandler                         0x080001e3   Thumb Code     0  startup_stm32f429xx.o(.text)
    EXTI9_5_IRQHandler                       0x080001e3   Thumb Code     0  startup_stm32f429xx.o(.text)
    FLASH_IRQHandler                         0x080001e3   Thumb Code     0  startup_stm32f429xx.o(.text)
    FMC_IRQHandler                           0x080001e3   Thumb Code     0  startup_stm32f429xx.o(.text)
    FPU_IRQHandler                           0x080001e3   Thumb Code     0  startup_stm32f429xx.o(.text)
    HASH_RNG_IRQHandler                      0x080001e3   Thumb Code     0  startup_stm32f429xx.o(.text)
    I2C1_ER_IRQHandler                       0x080001e3   Thumb Code     0  startup_stm32f429xx.o(.text)
    I2C1_EV_IRQHandler                       0x080001e3   Thumb Code     0  startup_stm32f429xx.o(.text)
    I2C2_ER_IRQHandler                       0x080001e3   Thumb Code     0  startup_stm32f429xx.o(.text)
    I2C2_EV_IRQHandler                       0x080001e3   Thumb Code     0  startup_stm32f429xx.o(.text)
    I2C3_ER_IRQHandler                       0x080001e3   Thumb Code     0  startup_stm32f429xx.o(.text)
    I2C3_EV_IRQHandler                       0x080001e3   Thumb Code     0  startup_stm32f429xx.o(.text)
    LTDC_ER_IRQHandler                       0x080001e3   Thumb Code     0  startup_stm32f429xx.o(.text)
    LTDC_IRQHandler                          0x080001e3   Thumb Code     0  startup_stm32f429xx.o(.text)
    OTG_FS_IRQHandler                        0x080001e3   Thumb Code     0  startup_stm32f429xx.o(.text)
    OTG_FS_WKUP_IRQHandler                   0x080001e3   Thumb Code     0  startup_stm32f429xx.o(.text)
    OTG_HS_EP1_IN_IRQHandler                 0x080001e3   Thumb Code     0  startup_stm32f429xx.o(.text)
    OTG_HS_EP1_OUT_IRQHandler                0x080001e3   Thumb Code     0  startup_stm32f429xx.o(.text)
    OTG_HS_IRQHandler                        0x080001e3   Thumb Code     0  startup_stm32f429xx.o(.text)
    OTG_HS_WKUP_IRQHandler                   0x080001e3   Thumb Code     0  startup_stm32f429xx.o(.text)
    PVD_IRQHandler                           0x080001e3   Thumb Code     0  startup_stm32f429xx.o(.text)
    RCC_IRQHandler                           0x080001e3   Thumb Code     0  startup_stm32f429xx.o(.text)
    RTC_Alarm_IRQHandler                     0x080001e3   Thumb Code     0  startup_stm32f429xx.o(.text)
    RTC_WKUP_IRQHandler                      0x080001e3   Thumb Code     0  startup_stm32f429xx.o(.text)
    SAI1_IRQHandler                          0x080001e3   Thumb Code     0  startup_stm32f429xx.o(.text)
    SPI1_IRQHandler                          0x080001e3   Thumb Code     0  startup_stm32f429xx.o(.text)
    SPI2_IRQHandler                          0x080001e3   Thumb Code     0  startup_stm32f429xx.o(.text)
    SPI3_IRQHandler                          0x080001e3   Thumb Code     0  startup_stm32f429xx.o(.text)
    SPI4_IRQHandler                          0x080001e3   Thumb Code     0  startup_stm32f429xx.o(.text)
    SPI5_IRQHandler                          0x080001e3   Thumb Code     0  startup_stm32f429xx.o(.text)
    SPI6_IRQHandler                          0x080001e3   Thumb Code     0  startup_stm32f429xx.o(.text)
    TAMP_STAMP_IRQHandler                    0x080001e3   Thumb Code     0  startup_stm32f429xx.o(.text)
    TIM1_BRK_TIM9_IRQHandler                 0x080001e3   Thumb Code     0  startup_stm32f429xx.o(.text)
    TIM1_CC_IRQHandler                       0x080001e3   Thumb Code     0  startup_stm32f429xx.o(.text)
    TIM1_TRG_COM_TIM11_IRQHandler            0x080001e3   Thumb Code     0  startup_stm32f429xx.o(.text)
    TIM1_UP_TIM10_IRQHandler                 0x080001e3   Thumb Code     0  startup_stm32f429xx.o(.text)
    TIM2_IRQHandler                          0x080001e3   Thumb Code     0  startup_stm32f429xx.o(.text)
    TIM3_IRQHandler                          0x080001e3   Thumb Code     0  startup_stm32f429xx.o(.text)
    TIM4_IRQHandler                          0x080001e3   Thumb Code     0  startup_stm32f429xx.o(.text)
    TIM5_IRQHandler                          0x080001e3   Thumb Code     0  startup_stm32f429xx.o(.text)
    TIM6_DAC_IRQHandler                      0x080001e3   Thumb Code     0  startup_stm32f429xx.o(.text)
    TIM7_IRQHandler                          0x080001e3   Thumb Code     0  startup_stm32f429xx.o(.text)
    TIM8_BRK_TIM12_IRQHandler                0x080001e3   Thumb Code     0  startup_stm32f429xx.o(.text)
    TIM8_CC_IRQHandler                       0x080001e3   Thumb Code     0  startup_stm32f429xx.o(.text)
    TIM8_TRG_COM_TIM14_IRQHandler            0x080001e3   Thumb Code     0  startup_stm32f429xx.o(.text)
    TIM8_UP_TIM13_IRQHandler                 0x080001e3   Thumb Code     0  startup_stm32f429xx.o(.text)
    UART4_IRQHandler                         0x080001e3   Thumb Code     0  startup_stm32f429xx.o(.text)
    UART5_IRQHandler                         0x080001e3   Thumb Code     0  startup_stm32f429xx.o(.text)
    UART7_IRQHandler                         0x080001e3   Thumb Code     0  startup_stm32f429xx.o(.text)
    UART8_IRQHandler                         0x080001e3   Thumb Code     0  startup_stm32f429xx.o(.text)
    USART2_IRQHandler                        0x080001e3   Thumb Code     0  startup_stm32f429xx.o(.text)
    USART3_IRQHandler                        0x080001e3   Thumb Code     0  startup_stm32f429xx.o(.text)
    USART6_IRQHandler                        0x080001e3   Thumb Code     0  startup_stm32f429xx.o(.text)
    WWDG_IRQHandler                          0x080001e3   Thumb Code     0  startup_stm32f429xx.o(.text)
    __aeabi_uldivmod                         0x080001ed   Thumb Code    98  uldiv.o(.text)
    __aeabi_memcpy                           0x0800024f   Thumb Code    36  memcpya.o(.text)
    __aeabi_memcpy4                          0x0800024f   Thumb Code     0  memcpya.o(.text)
    __aeabi_memcpy8                          0x0800024f   Thumb Code     0  memcpya.o(.text)
    __aeabi_memset                           0x08000273   Thumb Code    14  memseta.o(.text)
    __aeabi_memset4                          0x08000273   Thumb Code     0  memseta.o(.text)
    __aeabi_memset8                          0x08000273   Thumb Code     0  memseta.o(.text)
    __aeabi_memclr                           0x08000281   Thumb Code     4  memseta.o(.text)
    __aeabi_memclr4                          0x08000281   Thumb Code     0  memseta.o(.text)
    __aeabi_memclr8                          0x08000281   Thumb Code     0  memseta.o(.text)
    _memset$wrapper                          0x08000285   Thumb Code    18  memseta.o(.text)
    __aeabi_llsl                             0x08000297   Thumb Code    30  llshl.o(.text)
    _ll_shift_l                              0x08000297   Thumb Code     0  llshl.o(.text)
    __aeabi_llsr                             0x080002b5   Thumb Code    32  llushr.o(.text)
    _ll_ushift_r                             0x080002b5   Thumb Code     0  llushr.o(.text)
    __scatterload                            0x080002d5   Thumb Code    28  init.o(.text)
    __scatterload_rt2                        0x080002d5   Thumb Code     0  init.o(.text)
    BSP_SD_AbortCallback                     0x080002f9   Thumb Code     2  bsp_driver_sd.o(i.BSP_SD_AbortCallback)
    BSP_SD_GetCardInfo                       0x080002fd   Thumb Code    14  bsp_driver_sd.o(i.BSP_SD_GetCardInfo)
    BSP_SD_GetCardState                      0x08000311   Thumb Code    20  bsp_driver_sd.o(i.BSP_SD_GetCardState)
    BSP_SD_Init                              0x08000329   Thumb Code    44  bsp_driver_sd.o(i.BSP_SD_Init)
    BSP_SD_IsDetected                        0x08000359   Thumb Code    12  bsp_driver_sd.o(i.BSP_SD_IsDetected)
    BSP_SD_ReadBlocks_DMA                    0x08000365   Thumb Code    34  bsp_driver_sd.o(i.BSP_SD_ReadBlocks_DMA)
    BSP_SD_ReadCpltCallback                  0x0800038d   Thumb Code     8  sd_diskio.o(i.BSP_SD_ReadCpltCallback)
    BSP_SD_WriteBlocks_DMA                   0x08000399   Thumb Code    34  bsp_driver_sd.o(i.BSP_SD_WriteBlocks_DMA)
    BSP_SD_WriteCpltCallback                 0x080003c1   Thumb Code     8  sd_diskio.o(i.BSP_SD_WriteCpltCallback)
    BusFault_Handler                         0x080003cd   Thumb Code     4  stm32f4xx_it.o(i.BusFault_Handler)
    DMA2_Stream3_IRQHandler                  0x080003d1   Thumb Code    10  stm32f4xx_it.o(i.DMA2_Stream3_IRQHandler)
    DMA2_Stream6_IRQHandler                  0x080003e1   Thumb Code    10  stm32f4xx_it.o(i.DMA2_Stream6_IRQHandler)
    DebugMon_Handler                         0x080004fb   Thumb Code     2  stm32f4xx_it.o(i.DebugMon_Handler)
    Error_Handler                            0x080004fd   Thumb Code     2  main.o(i.Error_Handler)
    FATFS_LinkDriver                         0x080004ff   Thumb Code    18  ff_gen_drv.o(i.FATFS_LinkDriver)
    FATFS_LinkDriverEx                       0x08000511   Thumb Code    78  ff_gen_drv.o(i.FATFS_LinkDriverEx)
    FLASH_Erase_Sector                       0x08000565   Thumb Code    92  stm32f4xx_hal_flash_ex.o(i.FLASH_Erase_Sector)
    FLASH_FlushCaches                        0x080005c5   Thumb Code   114  stm32f4xx_hal_flash_ex.o(i.FLASH_FlushCaches)
    FLASH_WaitForLastOperation               0x080007f5   Thumb Code    90  stm32f4xx_hal_flash.o(i.FLASH_WaitForLastOperation)
    HAL_DMA_Abort_IT                         0x08000859   Thumb Code    40  stm32f4xx_hal_dma.o(i.HAL_DMA_Abort_IT)
    HAL_DMA_GetError                         0x08000881   Thumb Code     6  stm32f4xx_hal_dma.o(i.HAL_DMA_GetError)
    HAL_DMA_IRQHandler                       0x08000889   Thumb Code   570  stm32f4xx_hal_dma.o(i.HAL_DMA_IRQHandler)
    HAL_DMA_Init                             0x08000ac9   Thumb Code   232  stm32f4xx_hal_dma.o(i.HAL_DMA_Init)
    HAL_DMA_Start_IT                         0x08000bb5   Thumb Code   146  stm32f4xx_hal_dma.o(i.HAL_DMA_Start_IT)
    HAL_Delay                                0x08000c49   Thumb Code    24  iap.o(i.HAL_Delay)
    HAL_FLASHEx_Erase                        0x08000c65   Thumb Code   166  stm32f4xx_hal_flash_ex.o(i.HAL_FLASHEx_Erase)
    HAL_FLASH_Lock                           0x08000d15   Thumb Code    16  stm32f4xx_hal_flash.o(i.HAL_FLASH_Lock)
    HAL_FLASH_Program                        0x08000d29   Thumb Code   142  stm32f4xx_hal_flash.o(i.HAL_FLASH_Program)
    HAL_FLASH_Unlock                         0x08000dc1   Thumb Code    38  stm32f4xx_hal_flash.o(i.HAL_FLASH_Unlock)
    HAL_GPIO_Init                            0x08000df5   Thumb Code   486  stm32f4xx_hal_gpio.o(i.HAL_GPIO_Init)
    HAL_GPIO_WritePin                        0x08001011   Thumb Code    12  stm32f4xx_hal_gpio.o(i.HAL_GPIO_WritePin)
    HAL_GetTick                              0x0800101d   Thumb Code     6  stm32f4xx_hal.o(i.HAL_GetTick)
    HAL_IncTick                              0x08001029   Thumb Code    16  stm32f4xx_hal.o(i.HAL_IncTick)
    HAL_Init                                 0x08001041   Thumb Code    54  stm32f4xx_hal.o(i.HAL_Init)
    HAL_InitTick                             0x0800107d   Thumb Code    64  stm32f4xx_hal.o(i.HAL_InitTick)
    HAL_MspInit                              0x080010c9   Thumb Code    68  stm32f4xx_hal_msp.o(i.HAL_MspInit)
    HAL_NVIC_EnableIRQ                       0x08001111   Thumb Code    32  stm32f4xx_hal_cortex.o(i.HAL_NVIC_EnableIRQ)
    HAL_NVIC_SetPriority                     0x08001131   Thumb Code   124  stm32f4xx_hal_cortex.o(i.HAL_NVIC_SetPriority)
    HAL_NVIC_SetPriorityGrouping             0x080011ad   Thumb Code    32  stm32f4xx_hal_cortex.o(i.HAL_NVIC_SetPriorityGrouping)
    HAL_PWREx_EnableOverDrive                0x080011d5   Thumb Code   128  stm32f4xx_hal_pwr_ex.o(i.HAL_PWREx_EnableOverDrive)
    HAL_RCC_ClockConfig                      0x08001261   Thumb Code   368  stm32f4xx_hal_rcc.o(i.HAL_RCC_ClockConfig)
    HAL_RCC_GetHCLKFreq                      0x080013e5   Thumb Code     6  stm32f4xx_hal_rcc.o(i.HAL_RCC_GetHCLKFreq)
    HAL_RCC_GetPCLK1Freq                     0x080013f1   Thumb Code    22  stm32f4xx_hal_rcc.o(i.HAL_RCC_GetPCLK1Freq)
    HAL_RCC_GetPCLK2Freq                     0x08001411   Thumb Code    22  stm32f4xx_hal_rcc.o(i.HAL_RCC_GetPCLK2Freq)
    HAL_RCC_GetSysClockFreq                  0x08001431   Thumb Code   162  stm32f4xx_hal_rcc.o(i.HAL_RCC_GetSysClockFreq)
    HAL_RCC_OscConfig                        0x080014e1   Thumb Code  1152  stm32f4xx_hal_rcc.o(i.HAL_RCC_OscConfig)
    HAL_SD_AbortCallback                     0x08001969   Thumb Code    10  bsp_driver_sd.o(i.HAL_SD_AbortCallback)
    HAL_SD_ConfigWideBusOperation            0x08001975   Thumb Code   164  stm32f4xx_hal_sd.o(i.HAL_SD_ConfigWideBusOperation)
    HAL_SD_ErrorCallback                     0x08001a1d   Thumb Code     2  stm32f4xx_hal_sd.o(i.HAL_SD_ErrorCallback)
    HAL_SD_GetCardCSD                        0x08001a21   Thumb Code   450  stm32f4xx_hal_sd.o(i.HAL_SD_GetCardCSD)
    HAL_SD_GetCardInfo                       0x08001be9   Thumb Code    38  stm32f4xx_hal_sd.o(i.HAL_SD_GetCardInfo)
    HAL_SD_GetCardState                      0x08001c0f   Thumb Code    36  stm32f4xx_hal_sd.o(i.HAL_SD_GetCardState)
    HAL_SD_IRQHandler                        0x08001c35   Thumb Code   530  stm32f4xx_hal_sd.o(i.HAL_SD_IRQHandler)
    HAL_SD_Init                              0x08001e51   Thumb Code    60  stm32f4xx_hal_sd.o(i.HAL_SD_Init)
    HAL_SD_InitCard                          0x08001e8d   Thumb Code   128  stm32f4xx_hal_sd.o(i.HAL_SD_InitCard)
    HAL_SD_MspInit                           0x08001f11   Thumb Code   366  sdio.o(i.HAL_SD_MspInit)
    HAL_SD_ReadBlocks_DMA                    0x0800209d   Thumb Code   322  stm32f4xx_hal_sd.o(i.HAL_SD_ReadBlocks_DMA)
    HAL_SD_RxCpltCallback                    0x080021f1   Thumb Code    10  bsp_driver_sd.o(i.HAL_SD_RxCpltCallback)
    HAL_SD_TxCpltCallback                    0x080021fb   Thumb Code    10  bsp_driver_sd.o(i.HAL_SD_TxCpltCallback)
    HAL_SD_WriteBlocks_DMA                   0x08002205   Thumb Code   328  stm32f4xx_hal_sd.o(i.HAL_SD_WriteBlocks_DMA)
    HAL_SPI_Init                             0x0800235d   Thumb Code   140  stm32f4xx_hal_spi.o(i.HAL_SPI_Init)
    HAL_SPI_MspInit                          0x080023e9   Thumb Code   124  spi.o(i.HAL_SPI_MspInit)
    HAL_SYSTICK_Config                       0x08002471   Thumb Code    52  stm32f4xx_hal_cortex.o(i.HAL_SYSTICK_Config)
    HAL_UART_ErrorCallback                   0x080024a5   Thumb Code     2  stm32f4xx_hal_uart.o(i.HAL_UART_ErrorCallback)
    HAL_UART_IRQHandler                      0x080024a9   Thumb Code   336  stm32f4xx_hal_uart.o(i.HAL_UART_IRQHandler)
    HAL_UART_Init                            0x080025fd   Thumb Code   114  stm32f4xx_hal_uart.o(i.HAL_UART_Init)
    HAL_UART_MspInit                         0x08002671   Thumb Code   156  usart.o(i.HAL_UART_MspInit)
    HAL_UART_Receive                         0x0800271d   Thumb Code   224  stm32f4xx_hal_uart.o(i.HAL_UART_Receive)
    HAL_UART_RxCpltCallback                  0x080027fd   Thumb Code     2  stm32f4xx_hal_uart.o(i.HAL_UART_RxCpltCallback)
    HAL_UART_Transmit                        0x080027ff   Thumb Code   216  stm32f4xx_hal_uart.o(i.HAL_UART_Transmit)
    HAL_UART_TxCpltCallback                  0x080028d7   Thumb Code     2  stm32f4xx_hal_uart.o(i.HAL_UART_TxCpltCallback)
    HardFault_Handler                        0x080028d9   Thumb Code     4  stm32f4xx_it.o(i.HardFault_Handler)
    Interaction                              0x080028dd   Thumb Code    10  interaction.o(i.Interaction)
    MX_DMA_Init                              0x080028e9   Thumb Code    68  dma.o(i.MX_DMA_Init)
    MX_FATFS_Init                            0x08002931   Thumb Code    16  fatfs.o(i.MX_FATFS_Init)
    MX_GPIO_Init                             0x0800294d   Thumb Code   200  gpio.o(i.MX_GPIO_Init)
    MX_SDIO_SD_Init                          0x08002a1d   Thumb Code    26  sdio.o(i.MX_SDIO_SD_Init)
    MX_SPI5_Init                             0x08002a41   Thumb Code    58  spi.o(i.MX_SPI5_Init)
    MX_USART1_UART_Init                      0x08002a85   Thumb Code    46  usart.o(i.MX_USART1_UART_Init)
    MemManage_Handler                        0x08002abd   Thumb Code     4  stm32f4xx_it.o(i.MemManage_Handler)
    NMI_Handler                              0x08002ac1   Thumb Code     2  stm32f4xx_it.o(i.NMI_Handler)
    PendSV_Handler                           0x08002ac3   Thumb Code     2  stm32f4xx_it.o(i.PendSV_Handler)
    SDIO_ConfigData                          0x08002ac5   Thumb Code    44  stm32f4xx_ll_sdmmc.o(i.SDIO_ConfigData)
    SDIO_GetCommandResponse                  0x08002af1   Thumb Code     8  stm32f4xx_ll_sdmmc.o(i.SDIO_GetCommandResponse)
    SDIO_GetPowerState                       0x08002af9   Thumb Code    10  stm32f4xx_ll_sdmmc.o(i.SDIO_GetPowerState)
    SDIO_GetResponse                         0x08002b03   Thumb Code    12  stm32f4xx_ll_sdmmc.o(i.SDIO_GetResponse)
    SDIO_IRQHandler                          0x08002b11   Thumb Code    10  stm32f4xx_it.o(i.SDIO_IRQHandler)
    SDIO_Init                                0x08002b21   Thumb Code    52  stm32f4xx_ll_sdmmc.o(i.SDIO_Init)
    SDIO_PowerState_ON                       0x08002b55   Thumb Code    18  stm32f4xx_ll_sdmmc.o(i.SDIO_PowerState_ON)
    SDIO_ReadFIFO                            0x08002b67   Thumb Code     8  stm32f4xx_ll_sdmmc.o(i.SDIO_ReadFIFO)
    SDIO_SendCommand                         0x08002b6f   Thumb Code    40  stm32f4xx_ll_sdmmc.o(i.SDIO_SendCommand)
    SDIO_WriteFIFO                           0x08002b97   Thumb Code    12  stm32f4xx_ll_sdmmc.o(i.SDIO_WriteFIFO)
    SDMMC_CmdAppCommand                      0x08002ba3   Thumb Code    56  stm32f4xx_ll_sdmmc.o(i.SDMMC_CmdAppCommand)
    SDMMC_CmdAppOperCommand                  0x08002bdd   Thumb Code    54  stm32f4xx_ll_sdmmc.o(i.SDMMC_CmdAppOperCommand)
    SDMMC_CmdBlockLength                     0x08002c19   Thumb Code    56  stm32f4xx_ll_sdmmc.o(i.SDMMC_CmdBlockLength)
    SDMMC_CmdBusWidth                        0x08002c51   Thumb Code    56  stm32f4xx_ll_sdmmc.o(i.SDMMC_CmdBusWidth)
    SDMMC_CmdGoIdleState                     0x08002c89   Thumb Code    44  stm32f4xx_ll_sdmmc.o(i.SDMMC_CmdGoIdleState)
    SDMMC_CmdOperCond                        0x08002cb5   Thumb Code    52  stm32f4xx_ll_sdmmc.o(i.SDMMC_CmdOperCond)
    SDMMC_CmdReadMultiBlock                  0x08002ce9   Thumb Code    56  stm32f4xx_ll_sdmmc.o(i.SDMMC_CmdReadMultiBlock)
    SDMMC_CmdReadSingleBlock                 0x08002d21   Thumb Code    56  stm32f4xx_ll_sdmmc.o(i.SDMMC_CmdReadSingleBlock)
    SDMMC_CmdSelDesel                        0x08002d59   Thumb Code    58  stm32f4xx_ll_sdmmc.o(i.SDMMC_CmdSelDesel)
    SDMMC_CmdSendCID                         0x08002d93   Thumb Code    50  stm32f4xx_ll_sdmmc.o(i.SDMMC_CmdSendCID)
    SDMMC_CmdSendCSD                         0x08002dc5   Thumb Code    50  stm32f4xx_ll_sdmmc.o(i.SDMMC_CmdSendCSD)
    SDMMC_CmdSendSCR                         0x08002df7   Thumb Code    56  stm32f4xx_ll_sdmmc.o(i.SDMMC_CmdSendSCR)
    SDMMC_CmdSendStatus                      0x08002e2f   Thumb Code    56  stm32f4xx_ll_sdmmc.o(i.SDMMC_CmdSendStatus)
    SDMMC_CmdSetRelAdd                       0x08002e67   Thumb Code    56  stm32f4xx_ll_sdmmc.o(i.SDMMC_CmdSetRelAdd)
    SDMMC_CmdStopTransfer                    0x08002ea1   Thumb Code    54  stm32f4xx_ll_sdmmc.o(i.SDMMC_CmdStopTransfer)
    SDMMC_CmdWriteMultiBlock                 0x08002edd   Thumb Code    56  stm32f4xx_ll_sdmmc.o(i.SDMMC_CmdWriteMultiBlock)
    SDMMC_CmdWriteSingleBlock                0x08002f15   Thumb Code    56  stm32f4xx_ll_sdmmc.o(i.SDMMC_CmdWriteSingleBlock)
    SD_initialize                            0x08003b21   Thumb Code    26  sd_diskio.o(i.SD_initialize)
    SD_ioctl                                 0x08003b41   Thumb Code   102  sd_diskio.o(i.SD_ioctl)
    SD_read                                  0x08003bad   Thumb Code   138  sd_diskio.o(i.SD_read)
    SD_status                                0x08003c3d   Thumb Code    12  sd_diskio.o(i.SD_status)
    SD_write                                 0x08003c49   Thumb Code   138  sd_diskio.o(i.SD_write)
    SDcard_Interaction                       0x08003cd9   Thumb Code    14  sdcard_iap.o(i.SDcard_Interaction)
    STMFLASH_GetFlashSector                  0x08003ce9   Thumb Code   236  stmflash.o(i.STMFLASH_GetFlashSector)
    STMFLASH_ReadWord                        0x08003e2d   Thumb Code     6  stmflash.o(i.STMFLASH_ReadWord)
    STMFLASH_Write                           0x08003e35   Thumb Code   174  stmflash.o(i.STMFLASH_Write)
    SVC_Handler                              0x08003ee9   Thumb Code     2  stm32f4xx_it.o(i.SVC_Handler)
    SysTick_Handler                          0x08003eeb   Thumb Code     8  stm32f4xx_it.o(i.SysTick_Handler)
    SystemClock_Config                       0x08003ef5   Thumb Code   180  main.o(i.SystemClock_Config)
    SystemInit                               0x08003fb1   Thumb Code    24  system_stm32f4xx.o(i.SystemInit)
    USART1_IRQHandler                        0x08004585   Thumb Code    16  stm32f4xx_it.o(i.USART1_IRQHandler)
    USER_USART1_IRQHandler                   0x08004599   Thumb Code    62  usart.o(i.USER_USART1_IRQHandler)
    UsageFault_Handler                       0x080045e1   Thumb Code     4  stm32f4xx_it.o(i.UsageFault_Handler)
    __scatterload_copy                       0x0800461d   Thumb Code    14  handlers.o(i.__scatterload_copy)
    __scatterload_null                       0x0800462b   Thumb Code     2  handlers.o(i.__scatterload_null)
    __scatterload_zeroinit                   0x0800462d   Thumb Code    14  handlers.o(i.__scatterload_zeroinit)
    disk_initialize                          0x080054c1   Thumb Code    40  diskio.o(i.disk_initialize)
    disk_ioctl                               0x080054ed   Thumb Code    36  diskio.o(i.disk_ioctl)
    disk_read                                0x08005515   Thumb Code    42  diskio.o(i.disk_read)
    disk_status                              0x08005545   Thumb Code    24  diskio.o(i.disk_status)
    disk_write                               0x08005561   Thumb Code    42  diskio.o(i.disk_write)
    f_close                                  0x080055b9   Thumb Code    44  ff.o(i.f_close)
    f_mount                                  0x080055e5   Thumb Code    92  ff.o(i.f_mount)
    f_open                                   0x08005645   Thumb Code  1082  ff.o(i.f_open)
    f_read                                   0x08005a7f   Thumb Code   552  ff.o(i.f_read)
    f_sync                                   0x08005ca7   Thumb Code   440  ff.o(i.f_sync)
    ff_convert                               0x08005e61   Thumb Code    70  ccsbcs.o(i.ff_convert)
    ff_wtoupper                              0x08005ead   Thumb Code   156  ccsbcs.o(i.ff_wtoupper)
    get_fattime                              0x080067fb   Thumb Code     4  fatfs.o(i.get_fattime)
    iap_load_app                             0x08006849   Thumb Code    36  iap.o(i.iap_load_app)
    iap_write_appbin                         0x08006875   Thumb Code   100  iap.o(i.iap_write_appbin)
    main                                     0x08006b83   Thumb Code    40  main.o(i.main)
    SD_Driver                                0x08007264   Data          20  sd_diskio.o(.constdata)
    AHBPrescTable                            0x080076d8   Data          16  system_stm32f4xx.o(.constdata)
    APBPrescTable                            0x080076e8   Data           8  system_stm32f4xx.o(.constdata)
    Region$$Table$$Base                      0x080076f0   Number         0  anon$$obj.o(Region$$Table)
    Region$$Table$$Limit                     0x08007710   Number         0  anon$$obj.o(Region$$Table)
    USART_RX_STA                             0x20000000   Data           2  usart.o(.data)
    USART_RX_CNT                             0x20000004   Data           4  usart.o(.data)
    retSD                                    0x20000014   Data           1  fatfs.o(.data)
    SDPath                                   0x20000015   Data           4  fatfs.o(.data)
    jump2app                                 0x20000024   Data           4  iap.o(.data)
    br                                       0x20000028   Data           4  sdcard_iap.o(.data)
    rc                                       0x2000002c   Data           1  sdcard_iap.o(.data)
    File_Name                                0x2000002d   Data          24  sdcard_iap.o(.data)
    uwTick                                   0x20000048   Data           4  stm32f4xx_hal.o(.data)
    uwTickPrio                               0x2000004c   Data           4  stm32f4xx_hal.o(.data)
    uwTickFreq                               0x20000050   Data           1  stm32f4xx_hal.o(.data)
    SystemCoreClock                          0x20000054   Data           4  system_stm32f4xx.o(.data)
    hsd                                      0x20000058   Data         132  sdio.o(.bss)
    hdma_sdio_rx                             0x200000dc   Data          96  sdio.o(.bss)
    hdma_sdio_tx                             0x2000013c   Data          96  sdio.o(.bss)
    hspi5                                    0x2000019c   Data          88  spi.o(.bss)
    huart1                                   0x200001f4   Data          64  usart.o(.bss)
    disk                                     0x20000254   Data          12  ff_gen_drv.o(.bss)
    iapbuf                                   0x20000260   Data        2048  iap.o(.bss)
    fatfs                                    0x20000a60   Data         568  sdcard_iap.o(.bss)
    fil                                      0x20000c98   Data         600  sdcard_iap.o(.bss)
    pFlash                                   0x20000ef0   Data          32  stm32f4xx_hal_flash.o(.bss)
    Progress_Buff                            0x20001000   Data       184320  iap.o(.ARM.__AT_0x20001000)
    __initial_sp                             0x2002e400   Data           0  startup_stm32f429xx.o(STACK)



==============================================================================

Memory Map of the image

  Image Entry point : 0x080001ad

  Load Region LR_IROM1 (Base: 0x08000000, Size: 0x00007768, Max: 0x00100000, ABSOLUTE)

    Execution Region ER_IROM1 (Base: 0x08000000, Size: 0x00007710, Max: 0x00100000, ABSOLUTE)

    Base Addr    Size         Type   Attr      Idx    E Section Name        Object

    0x08000000   0x000001ac   Data   RO            3    RESET               startup_stm32f429xx.o
    0x080001ac   0x00000000   Code   RO         4337  * .ARM.Collect$$$$00000000  mc_w.l(entry.o)
    0x080001ac   0x00000004   Code   RO         4609    .ARM.Collect$$$$00000001  mc_w.l(entry2.o)
    0x080001b0   0x00000004   Code   RO         4612    .ARM.Collect$$$$00000004  mc_w.l(entry5.o)
    0x080001b4   0x00000000   Code   RO         4614    .ARM.Collect$$$$00000008  mc_w.l(entry7b.o)
    0x080001b4   0x00000000   Code   RO         4616    .ARM.Collect$$$$0000000A  mc_w.l(entry8b.o)
    0x080001b4   0x00000008   Code   RO         4617    .ARM.Collect$$$$0000000B  mc_w.l(entry9a.o)
    0x080001bc   0x00000000   Code   RO         4619    .ARM.Collect$$$$0000000D  mc_w.l(entry10a.o)
    0x080001bc   0x00000000   Code   RO         4621    .ARM.Collect$$$$0000000F  mc_w.l(entry11a.o)
    0x080001bc   0x00000004   Code   RO         4610    .ARM.Collect$$$$00002712  mc_w.l(entry2.o)
    0x080001c0   0x00000006   Code   RO         1525    .emb_text           iap.o
    0x080001c6   0x00000002   PAD
    0x080001c8   0x00000024   Code   RO            4    .text               startup_stm32f429xx.o
    0x080001ec   0x00000062   Code   RO         4340    .text               mc_w.l(uldiv.o)
    0x0800024e   0x00000024   Code   RO         4342    .text               mc_w.l(memcpya.o)
    0x08000272   0x00000024   Code   RO         4344    .text               mc_w.l(memseta.o)
    0x08000296   0x0000001e   Code   RO         4628    .text               mc_w.l(llshl.o)
    0x080002b4   0x00000020   Code   RO         4630    .text               mc_w.l(llushr.o)
    0x080002d4   0x00000024   Code   RO         4643    .text               mc_w.l(init.o)
    0x080002f8   0x00000002   Code   RO          565    i.BSP_SD_AbortCallback  bsp_driver_sd.o
    0x080002fa   0x00000002   PAD
    0x080002fc   0x00000014   Code   RO          568    i.BSP_SD_GetCardInfo  bsp_driver_sd.o
    0x08000310   0x00000018   Code   RO          569    i.BSP_SD_GetCardState  bsp_driver_sd.o
    0x08000328   0x00000030   Code   RO          571    i.BSP_SD_Init       bsp_driver_sd.o
    0x08000358   0x0000000c   Code   RO          572    i.BSP_SD_IsDetected  bsp_driver_sd.o
    0x08000364   0x00000028   Code   RO          574    i.BSP_SD_ReadBlocks_DMA  bsp_driver_sd.o
    0x0800038c   0x0000000c   Code   RO          686    i.BSP_SD_ReadCpltCallback  sd_diskio.o
    0x08000398   0x00000028   Code   RO          577    i.BSP_SD_WriteBlocks_DMA  bsp_driver_sd.o
    0x080003c0   0x0000000c   Code   RO          687    i.BSP_SD_WriteCpltCallback  sd_diskio.o
    0x080003cc   0x00000004   Code   RO          441    i.BusFault_Handler  stm32f4xx_it.o
    0x080003d0   0x00000010   Code   RO          442    i.DMA2_Stream3_IRQHandler  stm32f4xx_it.o
    0x080003e0   0x00000010   Code   RO          443    i.DMA2_Stream6_IRQHandler  stm32f4xx_it.o
    0x080003f0   0x00000034   Code   RO         2351    i.DMA_CalcBaseAndBitshift  stm32f4xx_hal_dma.o
    0x08000424   0x000000aa   Code   RO         2352    i.DMA_CheckFifoParam  stm32f4xx_hal_dma.o
    0x080004ce   0x0000002c   Code   RO         2353    i.DMA_SetConfig     stm32f4xx_hal_dma.o
    0x080004fa   0x00000002   Code   RO          444    i.DebugMon_Handler  stm32f4xx_it.o
    0x080004fc   0x00000002   Code   RO          210    i.Error_Handler     main.o
    0x080004fe   0x00000012   Code   RO         1310    i.FATFS_LinkDriver  ff_gen_drv.o
    0x08000510   0x00000054   Code   RO         1311    i.FATFS_LinkDriverEx  ff_gen_drv.o
    0x08000564   0x00000060   Code   RO         2076    i.FLASH_Erase_Sector  stm32f4xx_hal_flash_ex.o
    0x080005c4   0x00000078   Code   RO         2077    i.FLASH_FlushCaches  stm32f4xx_hal_flash_ex.o
    0x0800063c   0x00000054   Code   RO         2078    i.FLASH_MassErase   stm32f4xx_hal_flash_ex.o
    0x08000690   0x00000024   Code   RO         1958    i.FLASH_Program_Byte  stm32f4xx_hal_flash.o
    0x080006b4   0x0000003c   Code   RO         1959    i.FLASH_Program_DoubleWord  stm32f4xx_hal_flash.o
    0x080006f0   0x00000028   Code   RO         1960    i.FLASH_Program_HalfWord  stm32f4xx_hal_flash.o
    0x08000718   0x00000028   Code   RO         1961    i.FLASH_Program_Word  stm32f4xx_hal_flash.o
    0x08000740   0x000000b4   Code   RO         1962    i.FLASH_SetErrorCode  stm32f4xx_hal_flash.o
    0x080007f4   0x00000064   Code   RO         1963    i.FLASH_WaitForLastOperation  stm32f4xx_hal_flash.o
    0x08000858   0x00000028   Code   RO         2355    i.HAL_DMA_Abort_IT  stm32f4xx_hal_dma.o
    0x08000880   0x00000006   Code   RO         2357    i.HAL_DMA_GetError  stm32f4xx_hal_dma.o
    0x08000886   0x00000002   PAD
    0x08000888   0x00000240   Code   RO         2359    i.HAL_DMA_IRQHandler  stm32f4xx_hal_dma.o
    0x08000ac8   0x000000ec   Code   RO         2360    i.HAL_DMA_Init      stm32f4xx_hal_dma.o
    0x08000bb4   0x00000092   Code   RO         2364    i.HAL_DMA_Start_IT  stm32f4xx_hal_dma.o
    0x08000c46   0x00000002   PAD
    0x08000c48   0x0000001c   Code   RO         1526    i.HAL_Delay         iap.o
    0x08000c64   0x000000b0   Code   RO         2093    i.HAL_FLASHEx_Erase  stm32f4xx_hal_flash_ex.o
    0x08000d14   0x00000014   Code   RO         1967    i.HAL_FLASH_Lock    stm32f4xx_hal_flash.o
    0x08000d28   0x00000098   Code   RO         1972    i.HAL_FLASH_Program  stm32f4xx_hal_flash.o
    0x08000dc0   0x00000034   Code   RO         1974    i.HAL_FLASH_Unlock  stm32f4xx_hal_flash.o
    0x08000df4   0x0000021c   Code   RO         2247    i.HAL_GPIO_Init     stm32f4xx_hal_gpio.o
    0x08001010   0x0000000c   Code   RO         2251    i.HAL_GPIO_WritePin  stm32f4xx_hal_gpio.o
    0x0800101c   0x0000000c   Code   RO         2804    i.HAL_GetTick       stm32f4xx_hal.o
    0x08001028   0x00000018   Code   RO         2810    i.HAL_IncTick       stm32f4xx_hal.o
    0x08001040   0x0000003c   Code   RO         2811    i.HAL_Init          stm32f4xx_hal.o
    0x0800107c   0x0000004c   Code   RO         2812    i.HAL_InitTick      stm32f4xx_hal.o
    0x080010c8   0x00000048   Code   RO          541    i.HAL_MspInit       stm32f4xx_hal_msp.o
    0x08001110   0x00000020   Code   RO         2654    i.HAL_NVIC_EnableIRQ  stm32f4xx_hal_cortex.o
    0x08001130   0x0000007c   Code   RO         2660    i.HAL_NVIC_SetPriority  stm32f4xx_hal_cortex.o
    0x080011ac   0x00000028   Code   RO         2661    i.HAL_NVIC_SetPriorityGrouping  stm32f4xx_hal_cortex.o
    0x080011d4   0x0000008c   Code   RO         2583    i.HAL_PWREx_EnableOverDrive  stm32f4xx_hal_pwr_ex.o
    0x08001260   0x00000184   Code   RO         1791    i.HAL_RCC_ClockConfig  stm32f4xx_hal_rcc.o
    0x080013e4   0x0000000c   Code   RO         1796    i.HAL_RCC_GetHCLKFreq  stm32f4xx_hal_rcc.o
    0x080013f0   0x00000020   Code   RO         1798    i.HAL_RCC_GetPCLK1Freq  stm32f4xx_hal_rcc.o
    0x08001410   0x00000020   Code   RO         1799    i.HAL_RCC_GetPCLK2Freq  stm32f4xx_hal_rcc.o
    0x08001430   0x000000b0   Code   RO         1800    i.HAL_RCC_GetSysClockFreq  stm32f4xx_hal_rcc.o
    0x080014e0   0x00000488   Code   RO         1803    i.HAL_RCC_OscConfig  stm32f4xx_hal_rcc.o
    0x08001968   0x0000000a   Code   RO          579    i.HAL_SD_AbortCallback  bsp_driver_sd.o
    0x08001972   0x00000002   PAD
    0x08001974   0x000000a8   Code   RO         3338    i.HAL_SD_ConfigWideBusOperation  stm32f4xx_hal_sd.o
    0x08001a1c   0x00000002   Code   RO         3341    i.HAL_SD_ErrorCallback  stm32f4xx_hal_sd.o
    0x08001a1e   0x00000002   PAD
    0x08001a20   0x000001c8   Code   RO         3343    i.HAL_SD_GetCardCSD  stm32f4xx_hal_sd.o
    0x08001be8   0x00000026   Code   RO         3344    i.HAL_SD_GetCardInfo  stm32f4xx_hal_sd.o
    0x08001c0e   0x00000024   Code   RO         3345    i.HAL_SD_GetCardState  stm32f4xx_hal_sd.o
    0x08001c32   0x00000002   PAD
    0x08001c34   0x0000021c   Code   RO         3349    i.HAL_SD_IRQHandler  stm32f4xx_hal_sd.o
    0x08001e50   0x0000003c   Code   RO         3350    i.HAL_SD_Init       stm32f4xx_hal_sd.o
    0x08001e8c   0x00000084   Code   RO         3351    i.HAL_SD_InitCard   stm32f4xx_hal_sd.o
    0x08001f10   0x0000018c   Code   RO          309    i.HAL_SD_MspInit    sdio.o
    0x0800209c   0x00000154   Code   RO         3355    i.HAL_SD_ReadBlocks_DMA  stm32f4xx_hal_sd.o
    0x080021f0   0x0000000a   Code   RO          580    i.HAL_SD_RxCpltCallback  bsp_driver_sd.o
    0x080021fa   0x0000000a   Code   RO          581    i.HAL_SD_TxCpltCallback  bsp_driver_sd.o
    0x08002204   0x00000158   Code   RO         3360    i.HAL_SD_WriteBlocks_DMA  stm32f4xx_hal_sd.o
    0x0800235c   0x0000008c   Code   RO         3601    i.HAL_SPI_Init      stm32f4xx_hal_spi.o
    0x080023e8   0x00000088   Code   RO          351    i.HAL_SPI_MspInit   spi.o
    0x08002470   0x00000034   Code   RO         2665    i.HAL_SYSTICK_Config  stm32f4xx_hal_cortex.o
    0x080024a4   0x00000002   Code   RO         3969    i.HAL_UART_ErrorCallback  stm32f4xx_hal_uart.o
    0x080024a6   0x00000002   PAD
    0x080024a8   0x00000154   Code   RO         3972    i.HAL_UART_IRQHandler  stm32f4xx_hal_uart.o
    0x080025fc   0x00000072   Code   RO         3973    i.HAL_UART_Init     stm32f4xx_hal_uart.o
    0x0800266e   0x00000002   PAD
    0x08002670   0x000000ac   Code   RO          393    i.HAL_UART_MspInit  usart.o
    0x0800271c   0x000000e0   Code   RO         3976    i.HAL_UART_Receive  stm32f4xx_hal_uart.o
    0x080027fc   0x00000002   Code   RO         3979    i.HAL_UART_RxCpltCallback  stm32f4xx_hal_uart.o
    0x080027fe   0x000000d8   Code   RO         3981    i.HAL_UART_Transmit  stm32f4xx_hal_uart.o
    0x080028d6   0x00000002   Code   RO         3984    i.HAL_UART_TxCpltCallback  stm32f4xx_hal_uart.o
    0x080028d8   0x00000004   Code   RO          445    i.HardFault_Handler  stm32f4xx_it.o
    0x080028dc   0x0000000a   Code   RO           15    i.Interaction       interaction.o
    0x080028e6   0x00000002   PAD
    0x080028e8   0x00000048   Code   RO          284    i.MX_DMA_Init       dma.o
    0x08002930   0x0000001c   Code   RO          766    i.MX_FATFS_Init     fatfs.o
    0x0800294c   0x000000d0   Code   RO          260    i.MX_GPIO_Init      gpio.o
    0x08002a1c   0x00000024   Code   RO          310    i.MX_SDIO_SD_Init   sdio.o
    0x08002a40   0x00000044   Code   RO          352    i.MX_SPI5_Init      spi.o
    0x08002a84   0x00000038   Code   RO          394    i.MX_USART1_UART_Init  usart.o
    0x08002abc   0x00000004   Code   RO          446    i.MemManage_Handler  stm32f4xx_it.o
    0x08002ac0   0x00000002   Code   RO          447    i.NMI_Handler       stm32f4xx_it.o
    0x08002ac2   0x00000002   Code   RO          448    i.PendSV_Handler    stm32f4xx_it.o
    0x08002ac4   0x0000002c   Code   RO         3059    i.SDIO_ConfigData   stm32f4xx_ll_sdmmc.o
    0x08002af0   0x00000008   Code   RO         3060    i.SDIO_GetCommandResponse  stm32f4xx_ll_sdmmc.o
    0x08002af8   0x0000000a   Code   RO         3063    i.SDIO_GetPowerState  stm32f4xx_ll_sdmmc.o
    0x08002b02   0x0000000c   Code   RO         3064    i.SDIO_GetResponse  stm32f4xx_ll_sdmmc.o
    0x08002b0e   0x00000002   PAD
    0x08002b10   0x00000010   Code   RO          449    i.SDIO_IRQHandler   stm32f4xx_it.o
    0x08002b20   0x00000034   Code   RO         3065    i.SDIO_Init         stm32f4xx_ll_sdmmc.o
    0x08002b54   0x00000012   Code   RO         3067    i.SDIO_PowerState_ON  stm32f4xx_ll_sdmmc.o
    0x08002b66   0x00000008   Code   RO         3068    i.SDIO_ReadFIFO     stm32f4xx_ll_sdmmc.o
    0x08002b6e   0x00000028   Code   RO         3069    i.SDIO_SendCommand  stm32f4xx_ll_sdmmc.o
    0x08002b96   0x0000000c   Code   RO         3071    i.SDIO_WriteFIFO    stm32f4xx_ll_sdmmc.o
    0x08002ba2   0x00000038   Code   RO         3072    i.SDMMC_CmdAppCommand  stm32f4xx_ll_sdmmc.o
    0x08002bda   0x00000002   PAD
    0x08002bdc   0x0000003c   Code   RO         3073    i.SDMMC_CmdAppOperCommand  stm32f4xx_ll_sdmmc.o
    0x08002c18   0x00000038   Code   RO         3074    i.SDMMC_CmdBlockLength  stm32f4xx_ll_sdmmc.o
    0x08002c50   0x00000038   Code   RO         3075    i.SDMMC_CmdBusWidth  stm32f4xx_ll_sdmmc.o
    0x08002c88   0x0000002c   Code   RO         3079    i.SDMMC_CmdGoIdleState  stm32f4xx_ll_sdmmc.o
    0x08002cb4   0x00000034   Code   RO         3081    i.SDMMC_CmdOperCond  stm32f4xx_ll_sdmmc.o
    0x08002ce8   0x00000038   Code   RO         3082    i.SDMMC_CmdReadMultiBlock  stm32f4xx_ll_sdmmc.o
    0x08002d20   0x00000038   Code   RO         3083    i.SDMMC_CmdReadSingleBlock  stm32f4xx_ll_sdmmc.o
    0x08002d58   0x0000003a   Code   RO         3086    i.SDMMC_CmdSelDesel  stm32f4xx_ll_sdmmc.o
    0x08002d92   0x00000032   Code   RO         3087    i.SDMMC_CmdSendCID  stm32f4xx_ll_sdmmc.o
    0x08002dc4   0x00000032   Code   RO         3088    i.SDMMC_CmdSendCSD  stm32f4xx_ll_sdmmc.o
    0x08002df6   0x00000038   Code   RO         3089    i.SDMMC_CmdSendSCR  stm32f4xx_ll_sdmmc.o
    0x08002e2e   0x00000038   Code   RO         3090    i.SDMMC_CmdSendStatus  stm32f4xx_ll_sdmmc.o
    0x08002e66   0x00000038   Code   RO         3091    i.SDMMC_CmdSetRelAdd  stm32f4xx_ll_sdmmc.o
    0x08002e9e   0x00000002   PAD
    0x08002ea0   0x0000003c   Code   RO         3093    i.SDMMC_CmdStopTransfer  stm32f4xx_ll_sdmmc.o
    0x08002edc   0x00000038   Code   RO         3095    i.SDMMC_CmdWriteMultiBlock  stm32f4xx_ll_sdmmc.o
    0x08002f14   0x00000038   Code   RO         3096    i.SDMMC_CmdWriteSingleBlock  stm32f4xx_ll_sdmmc.o
    0x08002f4c   0x00000040   Code   RO         3097    i.SDMMC_GetCmdError  stm32f4xx_ll_sdmmc.o
    0x08002f8c   0x000001ac   Code   RO         3098    i.SDMMC_GetCmdResp1  stm32f4xx_ll_sdmmc.o
    0x08003138   0x00000064   Code   RO         3099    i.SDMMC_GetCmdResp2  stm32f4xx_ll_sdmmc.o
    0x0800319c   0x00000058   Code   RO         3100    i.SDMMC_GetCmdResp3  stm32f4xx_ll_sdmmc.o
    0x080031f4   0x000000b8   Code   RO         3101    i.SDMMC_GetCmdResp6  stm32f4xx_ll_sdmmc.o
    0x080032ac   0x0000006c   Code   RO         3102    i.SDMMC_GetCmdResp7  stm32f4xx_ll_sdmmc.o
    0x08003318   0x00000028   Code   RO          688    i.SD_CheckStatus    sd_diskio.o
    0x08003340   0x00000026   Code   RO          689    i.SD_CheckStatusWithTimeout  sd_diskio.o
    0x08003366   0x00000002   PAD
    0x08003368   0x00000074   Code   RO         3362    i.SD_DMAError       stm32f4xx_hal_sd.o
    0x080033dc   0x00000048   Code   RO         3363    i.SD_DMAReceiveCplt  stm32f4xx_hal_sd.o
    0x08003424   0x00000048   Code   RO         3364    i.SD_DMARxAbort     stm32f4xx_hal_sd.o
    0x0800346c   0x00000012   Code   RO         3365    i.SD_DMATransmitCplt  stm32f4xx_hal_sd.o
    0x0800347e   0x00000048   Code   RO         3366    i.SD_DMATxAbort     stm32f4xx_hal_sd.o
    0x080034c6   0x00000002   PAD
    0x080034c8   0x000000e0   Code   RO         1744    i.SD_Execute_Progress  sdcard_iap.o
    0x080035a8   0x00000060   Code   RO         1745    i.SD_File_Init      sdcard_iap.o
    0x08003608   0x00000134   Code   RO         3367    i.SD_FindSCR        stm32f4xx_hal_sd.o
    0x0800373c   0x00000074   Code   RO         1746    i.SD_Hardware_Update  sdcard_iap.o
    0x080037b0   0x00000102   Code   RO         3368    i.SD_InitCard       stm32f4xx_hal_sd.o
    0x080038b2   0x00000002   PAD
    0x080038b4   0x000000cc   Code   RO         3370    i.SD_PowerON        stm32f4xx_hal_sd.o
    0x08003980   0x0000004a   Code   RO         3371    i.SD_Read_IT        stm32f4xx_hal_sd.o
    0x080039ca   0x00000030   Code   RO         3373    i.SD_SendStatus     stm32f4xx_hal_sd.o
    0x080039fa   0x00000068   Code   RO         3374    i.SD_WideBus_Disable  stm32f4xx_hal_sd.o
    0x08003a62   0x00000068   Code   RO         3375    i.SD_WideBus_Enable  stm32f4xx_hal_sd.o
    0x08003aca   0x00000054   Code   RO         3376    i.SD_Write_IT       stm32f4xx_hal_sd.o
    0x08003b1e   0x00000002   PAD
    0x08003b20   0x00000020   Code   RO          690    i.SD_initialize     sd_diskio.o
    0x08003b40   0x0000006c   Code   RO          691    i.SD_ioctl          sd_diskio.o
    0x08003bac   0x00000090   Code   RO          692    i.SD_read           sd_diskio.o
    0x08003c3c   0x0000000c   Code   RO          693    i.SD_status         sd_diskio.o
    0x08003c48   0x00000090   Code   RO          694    i.SD_write          sd_diskio.o
    0x08003cd8   0x0000000e   Code   RO         1747    i.SDcard_Interaction  sdcard_iap.o
    0x08003ce6   0x00000002   PAD
    0x08003ce8   0x00000144   Code   RO         1573    i.STMFLASH_GetFlashSector  stmflash.o
    0x08003e2c   0x00000006   Code   RO         1575    i.STMFLASH_ReadWord  stmflash.o
    0x08003e32   0x00000002   PAD
    0x08003e34   0x000000b4   Code   RO         1576    i.STMFLASH_Write    stmflash.o
    0x08003ee8   0x00000002   Code   RO          450    i.SVC_Handler       stm32f4xx_it.o
    0x08003eea   0x00000008   Code   RO          451    i.SysTick_Handler   stm32f4xx_it.o
    0x08003ef2   0x00000002   PAD
    0x08003ef4   0x000000bc   Code   RO          211    i.SystemClock_Config  main.o
    0x08003fb0   0x0000001c   Code   RO         4280    i.SystemInit        system_stm32f4xx.o
    0x08003fcc   0x00000014   Code   RO         3986    i.UART_DMAAbortOnError  stm32f4xx_hal_uart.o
    0x08003fe0   0x00000020   Code   RO         3996    i.UART_EndRxTransfer  stm32f4xx_hal_uart.o
    0x08004000   0x00000020   Code   RO         3997    i.UART_EndTransmit_IT  stm32f4xx_hal_uart.o
    0x08004020   0x000000a6   Code   RO         3999    i.UART_Receive_IT   stm32f4xx_hal_uart.o
    0x080040c6   0x00000002   PAD
    0x080040c8   0x000003e8   Code   RO         4000    i.UART_SetConfig    stm32f4xx_hal_uart.o
    0x080044b0   0x00000068   Code   RO         4001    i.UART_Transmit_IT  stm32f4xx_hal_uart.o
    0x08004518   0x0000006c   Code   RO         4002    i.UART_WaitOnFlagUntilTimeout  stm32f4xx_hal_uart.o
    0x08004584   0x00000014   Code   RO          452    i.USART1_IRQHandler  stm32f4xx_it.o
    0x08004598   0x00000048   Code   RO          395    i.USER_USART1_IRQHandler  usart.o
    0x080045e0   0x00000004   Code   RO          453    i.UsageFault_Handler  stm32f4xx_it.o
    0x080045e4   0x00000010   Code   RO         2667    i.__NVIC_GetPriorityGrouping  stm32f4xx_hal_cortex.o
    0x080045f4   0x00000028   Code   RO         2668    i.__NVIC_SetPriority  stm32f4xx_hal_cortex.o
    0x0800461c   0x0000000e   Code   RO         4653    i.__scatterload_copy  mc_w.l(handlers.o)
    0x0800462a   0x00000002   Code   RO         4654    i.__scatterload_null  mc_w.l(handlers.o)
    0x0800462c   0x0000000e   Code   RO         4655    i.__scatterload_zeroinit  mc_w.l(handlers.o)
    0x0800463a   0x0000008a   Code   RO          858    i.change_bitmap     ff.o
    0x080046c4   0x0000009c   Code   RO          859    i.check_fs          ff.o
    0x08004760   0x00000014   Code   RO          860    i.chk_chr           ff.o
    0x08004774   0x0000007c   Code   RO          861    i.chk_lock          ff.o
    0x080047f0   0x00000028   Code   RO          862    i.clear_lock        ff.o
    0x08004818   0x00000062   Code   RO          863    i.clmt_clust        ff.o
    0x0800487a   0x0000001a   Code   RO          864    i.clust2sect        ff.o
    0x08004894   0x00000098   Code   RO          865    i.cmp_lfn           ff.o
    0x0800492c   0x00000188   Code   RO          866    i.create_chain      ff.o
    0x08004ab4   0x00000230   Code   RO          867    i.create_name       ff.o
    0x08004ce4   0x00000092   Code   RO          868    i.create_xdir       ff.o
    0x08004d76   0x00000002   PAD
    0x08004d78   0x00000044   Code   RO          869    i.dec_lock          ff.o
    0x08004dbc   0x0000007c   Code   RO          870    i.dir_alloc         ff.o
    0x08004e38   0x000001a8   Code   RO          871    i.dir_find          ff.o
    0x08004fe0   0x00000120   Code   RO          872    i.dir_next          ff.o
    0x08005100   0x000000f8   Code   RO          873    i.dir_read          ff.o
    0x080051f8   0x0000021c   Code   RO          874    i.dir_register      ff.o
    0x08005414   0x000000aa   Code   RO          876    i.dir_sdi           ff.o
    0x080054be   0x00000002   PAD
    0x080054c0   0x0000002c   Code   RO          803    i.disk_initialize   diskio.o
    0x080054ec   0x00000028   Code   RO          804    i.disk_ioctl        diskio.o
    0x08005514   0x00000030   Code   RO          805    i.disk_read         diskio.o
    0x08005544   0x0000001c   Code   RO          806    i.disk_status       diskio.o
    0x08005560   0x00000030   Code   RO          807    i.disk_write        diskio.o
    0x08005590   0x00000028   Code   RO          877    i.enq_lock          ff.o
    0x080055b8   0x0000002c   Code   RO          878    i.f_close           ff.o
    0x080055e4   0x00000060   Code   RO          885    i.f_mount           ff.o
    0x08005644   0x0000043a   Code   RO          886    i.f_open            ff.o
    0x08005a7e   0x00000228   Code   RO          891    i.f_read            ff.o
    0x08005ca6   0x000001b8   Code   RO          895    i.f_sync            ff.o
    0x08005e5e   0x00000002   PAD
    0x08005e60   0x0000004c   Code   RO         1384    i.ff_convert        ccsbcs.o
    0x08005eac   0x000000a4   Code   RO         1385    i.ff_wtoupper       ccsbcs.o
    0x08005f50   0x00000036   Code   RO          899    i.fill_first_frag   ff.o
    0x08005f86   0x00000044   Code   RO          900    i.fill_last_frag    ff.o
    0x08005fca   0x000000a4   Code   RO          901    i.find_bitmap       ff.o
    0x0800606e   0x00000002   PAD
    0x08006070   0x0000046c   Code   RO          902    i.find_volume       ff.o
    0x080064dc   0x000000e4   Code   RO          903    i.follow_path       ff.o
    0x080065c0   0x000000b4   Code   RO          904    i.gen_numname       ff.o
    0x08006674   0x00000186   Code   RO          905    i.get_fat           ff.o
    0x080067fa   0x00000004   Code   RO          767    i.get_fattime       fatfs.o
    0x080067fe   0x00000048   Code   RO          907    i.get_ldnumber      ff.o
    0x08006846   0x00000002   PAD
    0x08006848   0x0000002c   Code   RO         1527    i.iap_load_app      iap.o
    0x08006874   0x00000068   Code   RO         1528    i.iap_write_appbin  iap.o
    0x080068dc   0x000000bc   Code   RO          909    i.inc_lock          ff.o
    0x08006998   0x00000026   Code   RO          910    i.ld_clust          ff.o
    0x080069be   0x00000018   Code   RO          911    i.ld_dword          ff.o
    0x080069d6   0x00000062   Code   RO          912    i.ld_qword          ff.o
    0x08006a38   0x0000000c   Code   RO          913    i.ld_word           ff.o
    0x08006a44   0x0000003c   Code   RO          914    i.load_obj_dir      ff.o
    0x08006a80   0x00000102   Code   RO          915    i.load_xdir         ff.o
    0x08006b82   0x00000028   Code   RO          212    i.main              main.o
    0x08006baa   0x00000024   Code   RO          916    i.mem_cmp           ff.o
    0x08006bce   0x0000001a   Code   RO          917    i.mem_cpy           ff.o
    0x08006be8   0x00000012   Code   RO          918    i.mem_set           ff.o
    0x08006bfa   0x00000034   Code   RO          919    i.move_window       ff.o
    0x08006c2e   0x00000002   PAD
    0x08006c30   0x00000088   Code   RO          920    i.pick_lfn          ff.o
    0x08006cb8   0x00000144   Code   RO          921    i.put_fat           ff.o
    0x08006dfc   0x00000080   Code   RO          922    i.put_lfn           ff.o
    0x08006e7c   0x0000010e   Code   RO          926    i.remove_chain      ff.o
    0x08006f8a   0x00000024   Code   RO          927    i.st_clust          ff.o
    0x08006fae   0x00000018   Code   RO          928    i.st_dword          ff.o
    0x08006fc6   0x0000005c   Code   RO          929    i.st_qword          ff.o
    0x08007022   0x0000000c   Code   RO          930    i.st_word           ff.o
    0x0800702e   0x00000072   Code   RO          931    i.store_xdir        ff.o
    0x080070a0   0x00000020   Code   RO          932    i.sum_sfn           ff.o
    0x080070c0   0x00000090   Code   RO          933    i.sync_fs           ff.o
    0x08007150   0x00000052   Code   RO          934    i.sync_window       ff.o
    0x080071a2   0x0000003c   Code   RO          935    i.validate          ff.o
    0x080071de   0x0000003a   Code   RO          936    i.xdir_sum          ff.o
    0x08007218   0x0000004c   Code   RO          937    i.xname_sum         ff.o
    0x08007264   0x00000014   Data   RO          695    .constdata          sd_diskio.o
    0x08007278   0x000000aa   Data   RO          940    .constdata          ff.o
    0x08007322   0x000003ae   Data   RO         1386    .constdata          ccsbcs.o
    0x080076d0   0x00000008   Data   RO         2366    .constdata          stm32f4xx_hal_dma.o
    0x080076d8   0x00000018   Data   RO         4281    .constdata          system_stm32f4xx.o
    0x080076f0   0x00000020   Data   RO         4651    Region$$Table       anon$$obj.o


    Execution Region RW_IRAM2 (Base: 0x10000000, Size: 0x00000000, Max: 0x00010000, ABSOLUTE)

    **** No section assigned to this execution region ****


    Execution Region RW_IRAM1 (Base: 0x20000000, Size: 0x0002e400, Max: 0x00030000, ABSOLUTE)

    Base Addr    Size         Type   Attr      Idx    E Section Name        Object

    0x20000000   0x00000008   Data   RW          397    .data               usart.o
    0x20000008   0x0000000c   Data   RW          696    .data               sd_diskio.o
    0x20000014   0x00000005   Data   RW          769    .data               fatfs.o
    0x20000019   0x00000003   PAD
    0x2000001c   0x00000006   Data   RW          941    .data               ff.o
    0x20000022   0x00000002   PAD
    0x20000024   0x00000004   Data   RW         1531    .data               iap.o
    0x20000028   0x0000001d   Data   RW         1749    .data               sdcard_iap.o
    0x20000045   0x00000003   PAD
    0x20000048   0x00000009   Data   RW         2818    .data               stm32f4xx_hal.o
    0x20000051   0x00000003   PAD
    0x20000054   0x00000004   Data   RW         4282    .data               system_stm32f4xx.o
    0x20000058   0x00000144   Zero   RW          311    .bss                sdio.o
    0x2000019c   0x00000058   Zero   RW          353    .bss                spi.o
    0x200001f4   0x00000040   Zero   RW          396    .bss                usart.o
    0x20000234   0x00000020   Zero   RW          939    .bss                ff.o
    0x20000254   0x0000000c   Zero   RW         1314    .bss                ff_gen_drv.o
    0x20000260   0x00000800   Zero   RW         1530    .bss                iap.o
    0x20000a60   0x00000490   Zero   RW         1748    .bss                sdcard_iap.o
    0x20000ef0   0x00000020   Zero   RW         1975    .bss                stm32f4xx_hal_flash.o
    0x20000f10   0x000000f0   PAD
    0x20001000   0x0002d000   Zero   RW         1529    .ARM.__AT_0x20001000  iap.o
    0x2002e000   0x00000400   Zero   RW            1    STACK               startup_stm32f429xx.o


==============================================================================

Image component sizes


      Code (inc. data)   RO Data    RW Data    ZI Data      Debug   Object Name

       216         26          0          0          0       6398   bsp_driver_sd.o
       240         24        942          0          0       2215   ccsbcs.o
       208         24          0          0          0       3957   diskio.o
        72          4          0          0          0        794   dma.o
        32         12          0          5          0       1568   fatfs.o
     10654        126        170          6         32      57764   ff.o
       102          6          0          0         12       1707   ff_gen_drv.o
       208          8          0          0          0       1039   gpio.o
       182         16          0          4     186368       3594   iap.o
        10          0          0          0          0     762258   interaction.o
       230          8          0          0          0       2144   main.o
       542         38         20         12          0       6817   sd_diskio.o
       450        148          0         29       1168       3061   sdcard_iap.o
       432         40          0          0        324       1963   sdio.o
       204         22          0          0         88       1713   spi.o
        36          8        428          0       1024        848   startup_stm32f429xx.o
       172         32          0          9          0       8985   stm32f4xx_hal.o
       304         22          0          0          0      34535   stm32f4xx_hal_cortex.o
      1270         16          8          0          0       6909   stm32f4xx_hal_dma.o
       680         62          0          0         32       6110   stm32f4xx_hal_flash.o
       476         24          0          0          0       3354   stm32f4xx_hal_flash_ex.o
       552         54          0          0          0       2360   stm32f4xx_hal_gpio.o
        72          4          0          0          0        878   stm32f4xx_hal_msp.o
       140         12          0          0          0       1304   stm32f4xx_hal_pwr_ex.o
      1800         84          0          0          0       5696   stm32f4xx_hal_rcc.o
      3650         68          0          0          0      19315   stm32f4xx_hal_sd.o
       140          0          0          0          0       1187   stm32f4xx_hal_spi.o
      2362         12          0          0          0      10998   stm32f4xx_hal_uart.o
       100         22          0          0          0       6372   stm32f4xx_it.o
      2110         46          0          0          0      24739   stm32f4xx_ll_sdmmc.o
       510         94          0          0          0       2899   stmflash.o
         0          0          0          0          0        552   syscall.o
        28          4         24          4          0       1187   system_stm32f4xx.o
       300         36          0          8         64       2421   usart.o

    ----------------------------------------------------------------------
     28538       1102       1624         88     189352     997641   Object Totals
         0          0         32          0          0          0   (incl. Generated)
        54          0          0         11        240          0   (incl. Padding)

    ----------------------------------------------------------------------

      Code (inc. data)   RO Data    RW Data    ZI Data      Debug   Library Member Name

         0          0          0          0          0          0   entry.o
         0          0          0          0          0          0   entry10a.o
         0          0          0          0          0          0   entry11a.o
         8          4          0          0          0          0   entry2.o
         4          0          0          0          0          0   entry5.o
         0          0          0          0          0          0   entry7b.o
         0          0          0          0          0          0   entry8b.o
         8          4          0          0          0          0   entry9a.o
        30          0          0          0          0          0   handlers.o
        36          8          0          0          0         68   init.o
        30          0          0          0          0         68   llshl.o
        32          0          0          0          0         68   llushr.o
        36          0          0          0          0         68   memcpya.o
        36          0          0          0          0        108   memseta.o
        98          0          0          0          0         92   uldiv.o

    ----------------------------------------------------------------------
       318         16          0          0          0        472   Library Totals
         0          0          0          0          0          0   (incl. Padding)

    ----------------------------------------------------------------------

      Code (inc. data)   RO Data    RW Data    ZI Data      Debug   Library Name

       318         16          0          0          0        472   mc_w.l

    ----------------------------------------------------------------------
       318         16          0          0          0        472   Library Totals

    ----------------------------------------------------------------------

==============================================================================


      Code (inc. data)   RO Data    RW Data    ZI Data      Debug   

     28856       1118       1624         88     189352     975161   Grand Totals
     28856       1118       1624         88     189352     975161   ELF Image Totals
     28856       1118       1624         88          0          0   ROM Totals

==============================================================================

    Total RO  Size (Code + RO Data)                30480 (  29.77kB)
    Total RW  Size (RW Data + ZI Data)            189440 ( 185.00kB)
    Total ROM Size (Code + RO Data + RW Data)      30568 (  29.85kB)

==============================================================================

