Component: ARM Compiler 5.06 update 3 (build 300) Tool: armlink [4d35c9]

==============================================================================

Section Cross References

    startup_stm32f429xx.o(RESET) refers to startup_stm32f429xx.o(STACK) for __initial_sp
    startup_stm32f429xx.o(RESET) refers to startup_stm32f429xx.o(.text) for Reset_Handler
    startup_stm32f429xx.o(RESET) refers to stm32f4xx_it.o(i.NMI_Handler) for NMI_Handler
    startup_stm32f429xx.o(RESET) refers to stm32f4xx_it.o(i.HardFault_Handler) for HardFault_Handler
    startup_stm32f429xx.o(RESET) refers to stm32f4xx_it.o(i.MemManage_Handler) for MemManage_Handler
    startup_stm32f429xx.o(RESET) refers to stm32f4xx_it.o(i.BusFault_Handler) for BusFault_Handler
    startup_stm32f429xx.o(RESET) refers to stm32f4xx_it.o(i.UsageFault_Handler) for UsageFault_Handler
    startup_stm32f429xx.o(RESET) refers to stm32f4xx_it.o(i.SVC_Handler) for SVC_Handler
    startup_stm32f429xx.o(RESET) refers to stm32f4xx_it.o(i.DebugMon_Handler) for DebugMon_Handler
    startup_stm32f429xx.o(RESET) refers to stm32f4xx_it.o(i.PendSV_Handler) for PendSV_Handler
    startup_stm32f429xx.o(RESET) refers to stm32f4xx_it.o(i.SysTick_Handler) for SysTick_Handler
    startup_stm32f429xx.o(RESET) refers to stm32f4xx_it.o(i.USART1_IRQHandler) for USART1_IRQHandler
    startup_stm32f429xx.o(RESET) refers to stm32f4xx_it.o(i.SDIO_IRQHandler) for SDIO_IRQHandler
    startup_stm32f429xx.o(RESET) refers to stm32f4xx_it.o(i.DMA2_Stream3_IRQHandler) for DMA2_Stream3_IRQHandler
    startup_stm32f429xx.o(RESET) refers to stm32f4xx_it.o(i.DMA2_Stream6_IRQHandler) for DMA2_Stream6_IRQHandler
    startup_stm32f429xx.o(.text) refers to system_stm32f4xx.o(i.SystemInit) for SystemInit
    startup_stm32f429xx.o(.text) refers to entry.o(.ARM.Collect$$$$00000000) for __main
    interaction.o(i.Execute_Progress) refers to memcpya.o(.text) for __aeabi_memcpy4
    interaction.o(i.Execute_Progress) refers to stm32f4xx_hal_uart.o(i.HAL_UART_Transmit) for HAL_UART_Transmit
    interaction.o(i.Execute_Progress) refers to iap.o(i.iap_load_app) for iap_load_app
    interaction.o(i.Execute_Progress) refers to usart.o(.bss) for huart1
    interaction.o(i.Inquiry_Usart) refers to memcpya.o(.text) for __aeabi_memcpy4
    interaction.o(i.Inquiry_Usart) refers to stm32f4xx_hal_uart.o(i.HAL_UART_Transmit) for HAL_UART_Transmit
    interaction.o(i.Inquiry_Usart) refers to interaction.o(i.HAL_Delay) for HAL_Delay
    interaction.o(i.Inquiry_Usart) refers to usart.o(.bss) for huart1
    interaction.o(i.Inquiry_Usart) refers to usart.o(.data) for USART_RX_CNT
    interaction.o(i.Inquiry_Usart) refers to usart.o(.ARM.__AT_0x20001000) for USART_RX_BUF
    interaction.o(i.Interaction_Usart) refers to interaction.o(i.Inquiry_Usart) for Inquiry_Usart
    interaction.o(i.Interaction_Usart) refers to interaction.o(i.Execute_Progress) for Execute_Progress
    interaction.o(i.Interaction_Usart) refers to interaction.o(i.Progress_Receive) for Progress_Receive
    interaction.o(i.Interaction_Usart) refers to iap.o(i.iap_write_appbin) for iap_write_appbin
    interaction.o(i.Interaction_Usart) refers to stm32f4xx_hal_uart.o(i.HAL_UART_Transmit) for HAL_UART_Transmit
    interaction.o(i.Interaction_Usart) refers to usart.o(.ARM.__AT_0x20001000) for USART_RX_BUF
    interaction.o(i.Interaction_Usart) refers to usart.o(.bss) for huart1
    interaction.o(i.Progress_Receive) refers to memcpya.o(.text) for __aeabi_memcpy4
    interaction.o(i.Progress_Receive) refers to stm32f4xx_hal_uart.o(i.HAL_UART_Transmit) for HAL_UART_Transmit
    interaction.o(i.Progress_Receive) refers to interaction.o(i.HAL_Delay) for HAL_Delay
    interaction.o(i.Progress_Receive) refers to usart.o(.bss) for huart1
    interaction.o(i.Progress_Receive) refers to usart.o(.data) for USART_RX_CNT
    main.o(i.SystemClock_Config) refers to memseta.o(.text) for __aeabi_memclr4
    main.o(i.SystemClock_Config) refers to stm32f4xx_hal_rcc.o(i.HAL_RCC_OscConfig) for HAL_RCC_OscConfig
    main.o(i.SystemClock_Config) refers to stm32f4xx_hal_pwr_ex.o(i.HAL_PWREx_EnableOverDrive) for HAL_PWREx_EnableOverDrive
    main.o(i.SystemClock_Config) refers to stm32f4xx_hal_rcc.o(i.HAL_RCC_ClockConfig) for HAL_RCC_ClockConfig
    main.o(i.main) refers to stm32f4xx_hal.o(i.HAL_Init) for HAL_Init
    main.o(i.main) refers to main.o(i.SystemClock_Config) for SystemClock_Config
    main.o(i.main) refers to gpio.o(i.MX_GPIO_Init) for MX_GPIO_Init
    main.o(i.main) refers to dma.o(i.MX_DMA_Init) for MX_DMA_Init
    main.o(i.main) refers to usart.o(i.MX_USART1_UART_Init) for MX_USART1_UART_Init
    main.o(i.main) refers to sdio.o(i.MX_SDIO_SD_Init) for MX_SDIO_SD_Init
    main.o(i.main) refers to fatfs.o(i.MX_FATFS_Init) for MX_FATFS_Init
    main.o(i.main) refers to spi.o(i.MX_SPI5_Init) for MX_SPI5_Init
    main.o(i.main) refers to interaction.o(i.Interaction_Usart) for Interaction_Usart
[...]
    Removing stm32f4xx_hal_spi.o(i.SPI_EndRxTransaction), (92 bytes).
    Removing stm32f4xx_hal_spi.o(i.SPI_EndRxTxTransaction), (88 bytes).
    Removing stm32f4xx_hal_spi.o(i.SPI_RxISR_16BIT), (32 bytes).
    Removing stm32f4xx_hal_spi.o(i.SPI_RxISR_8BIT), (32 bytes).
    Removing stm32f4xx_hal_spi.o(i.SPI_TxISR_16BIT), (32 bytes).
    Removing stm32f4xx_hal_spi.o(i.SPI_TxISR_8BIT), (32 bytes).
    Removing stm32f4xx_hal_spi.o(i.SPI_WaitFlagStateUntilTimeout), (148 bytes).
    Removing stm32f4xx_hal_tim.o(.rev16_text), (4 bytes).
    Removing stm32f4xx_hal_tim.o(.revsh_text), (4 bytes).
    Removing stm32f4xx_hal_tim.o(.rrx_text), (6 bytes).
    Removing stm32f4xx_hal_tim_ex.o(.rev16_text), (4 bytes).
    Removing stm32f4xx_hal_tim_ex.o(.revsh_text), (4 bytes).
    Removing stm32f4xx_hal_tim_ex.o(.rrx_text), (6 bytes).
    Removing stm32f4xx_hal_uart.o(.rev16_text), (4 bytes).
    Removing stm32f4xx_hal_uart.o(.revsh_text), (4 bytes).
    Removing stm32f4xx_hal_uart.o(.rrx_text), (6 bytes).
    Removing stm32f4xx_hal_uart.o(i.HAL_HalfDuplex_EnableReceiver), (50 bytes).
    Removing stm32f4xx_hal_uart.o(i.HAL_HalfDuplex_EnableTransmitter), (50 bytes).
    Removing stm32f4xx_hal_uart.o(i.HAL_HalfDuplex_Init), (108 bytes).
    Removing stm32f4xx_hal_uart.o(i.HAL_LIN_Init), (128 bytes).
    Removing stm32f4xx_hal_uart.o(i.HAL_LIN_SendBreak), (46 bytes).
    Removing stm32f4xx_hal_uart.o(i.HAL_MultiProcessor_EnterMuteMode), (46 bytes).
    Removing stm32f4xx_hal_uart.o(i.HAL_MultiProcessor_ExitMuteMode), (46 bytes).
    Removing stm32f4xx_hal_uart.o(i.HAL_MultiProcessor_Init), (142 bytes).
    Removing stm32f4xx_hal_uart.o(i.HAL_UART_Abort), (138 bytes).
    Removing stm32f4xx_hal_uart.o(i.HAL_UART_AbortCpltCallback), (2 bytes).
    Removing stm32f4xx_hal_uart.o(i.HAL_UART_AbortReceive), (88 bytes).
    Removing stm32f4xx_hal_uart.o(i.HAL_UART_AbortReceiveCpltCallback), (2 bytes).
    Removing stm32f4xx_hal_uart.o(i.HAL_UART_AbortReceive_IT), (92 bytes).
    Removing stm32f4xx_hal_uart.o(i.HAL_UART_AbortTransmit), (78 bytes).
    Removing stm32f4xx_hal_uart.o(i.HAL_UART_AbortTransmitCpltCallback), (2 bytes).
    Removing stm32f4xx_hal_uart.o(i.HAL_UART_AbortTransmit_IT), (84 bytes).
    Removing stm32f4xx_hal_uart.o(i.HAL_UART_Abort_IT), (172 bytes).
    Removing stm32f4xx_hal_uart.o(i.HAL_UART_DMAPause), (102 bytes).
    Removing stm32f4xx_hal_uart.o(i.HAL_UART_DMAResume), (94 bytes).
    Removing stm32f4xx_hal_uart.o(i.HAL_UART_DMAStop), (88 bytes).
    Removing stm32f4xx_hal_uart.o(i.HAL_UART_DeInit), (50 bytes).
    Removing stm32f4xx_hal_uart.o(i.HAL_UART_GetError), (4 bytes).
    Removing stm32f4xx_hal_uart.o(i.HAL_UART_GetState), (10 bytes).
    Removing stm32f4xx_hal_uart.o(i.HAL_UART_MspDeInit), (2 bytes).
    Removing stm32f4xx_hal_uart.o(i.HAL_UART_MspInit), (2 bytes).
    Removing stm32f4xx_hal_uart.o(i.HAL_UART_Receive_DMA), (152 bytes).
    Removing stm32f4xx_hal_uart.o(i.HAL_UART_Receive_IT), (82 bytes).
    Removing stm32f4xx_hal_uart.o(i.HAL_UART_RxHalfCpltCallback), (2 bytes).
    Removing stm32f4xx_hal_uart.o(i.HAL_UART_Transmit_DMA), (128 bytes).
    Removing stm32f4xx_hal_uart.o(i.HAL_UART_Transmit_IT), (62 bytes).
    Removing stm32f4xx_hal_uart.o(i.HAL_UART_TxHalfCpltCallback), (2 bytes).
    Removing stm32f4xx_hal_uart.o(i.UART_DMAError), (74 bytes).
    Removing stm32f4xx_hal_uart.o(i.UART_DMAReceiveCplt), (60 bytes).
    Removing stm32f4xx_hal_uart.o(i.UART_DMARxAbortCallback), (42 bytes).
    Removing stm32f4xx_hal_uart.o(i.UART_DMARxHalfCplt), (10 bytes).
    Removing stm32f4xx_hal_uart.o(i.UART_DMARxOnlyAbortCallback), (20 bytes).
    Removing stm32f4xx_hal_uart.o(i.UART_DMATransmitCplt), (46 bytes).
    Removing stm32f4xx_hal_uart.o(i.UART_DMATxAbortCallback), (42 bytes).
    Removing stm32f4xx_hal_uart.o(i.UART_DMATxHalfCplt), (10 bytes).
    Removing stm32f4xx_hal_uart.o(i.UART_DMATxOnlyAbortCallback), (20 bytes).
    Removing stm32f4xx_hal_uart.o(i.UART_EndTxTransfer), (18 bytes).
    Removing system_stm32f4xx.o(.rev16_text), (4 bytes).
    Removing system_stm32f4xx.o(.revsh_text), (4 bytes).
    Removing system_stm32f4xx.o(.rrx_text), (6 bytes).
    Removing system_stm32f4xx.o(i.SystemCoreClockUpdate), (124 bytes).
    Removing driver_spi.o(.rev16_text), (4 bytes).
    Removing driver_spi.o(.revsh_text), (4 bytes).
    Removing driver_spi.o(.rrx_text), (6 bytes).
    Removing driver_spi.o(i.SPI_ReadWriteByte), (32 bytes).

481 unused section(s) (total 36880 bytes) removed from the image.

==============================================================================

Image Symbol Table

    Local Symbols

    Symbol Name                              Value     Ov Type        Size  Object(Section)

    ../Core/Src/dma.c                        0x00000000   Number         0  dma.o ABSOLUTE
    ../Core/Src/gpio.c                       0x00000000   Number         0  gpio.o ABSOLUTE
    ../Core/Src/main.c                       0x00000000   Number         0  main.o ABSOLUTE
    ../Core/Src/sdio.c                       0x00000000   Number         0  sdio.o ABSOLUTE
    ../Core/Src/spi.c                        0x00000000   Number         0  spi.o ABSOLUTE
    ../Core/Src/stm32f4xx_hal_msp.c          0x00000000   Number         0  stm32f4xx_hal_msp.o ABSOLUTE
    ../Core/Src/stm32f4xx_it.c               0x00000000   Number         0  stm32f4xx_it.o ABSOLUTE
    ../Core/Src/system_stm32f4xx.c           0x00000000   Number         0  system_stm32f4xx.o ABSOLUTE
    ../Core/Src/usart.c                      0x00000000   Number         0  usart.o ABSOLUTE
    ../Drivers/STM32F4xx_HAL_Driver/Src/stm32f4xx_hal.c 0x00000000   Number         0  stm32f4xx_hal.o ABSOLUTE
    ../Drivers/STM32F4xx_HAL_Driver/Src/stm32f4xx_hal_cortex.c 0x00000000   Number         0  stm32f4xx_hal_cortex.o ABSOLUTE
    ../Drivers/STM32F4xx_HAL_Driver/Src/stm32f4xx_hal_dma.c 0x00000000   Number         0  stm32f4xx_hal_dma.o ABSOLUTE
    ../Drivers/STM32F4xx_HAL_Driver/Src/stm32f4xx_hal_dma_ex.c 0x00000000   Number         0  stm32f4xx_hal_dma_ex.o ABSOLUTE
    ../Drivers/STM32F4xx_HAL_Driver/Src/stm32f4xx_hal_exti.c 0x00000000   Number         0  stm32f4xx_hal_exti.o ABSOLUTE
    ../Drivers/STM32F4xx_HAL_Driver/Src/stm32f4xx_hal_flash.c 0x00000000   Number         0  stm32f4xx_hal_flash.o ABSOLUTE
    ../Drivers/STM32F4xx_HAL_Driver/Src/stm32f4xx_hal_flash_ex.c 0x00000000   Number         0  stm32f4xx_hal_flash_ex.o ABSOLUTE
    ../Drivers/STM32F4xx_HAL_Driver/Src/stm32f4xx_hal_flash_ramfunc.c 0x00000000   Number         0  stm32f4xx_hal_flash_ramfunc.o ABSOLUTE
    ../Drivers/STM32F4xx_HAL_Driver/Src/stm32f4xx_hal_gpio.c 0x00000000   Number         0  stm32f4xx_hal_gpio.o ABSOLUTE
    ../Drivers/STM32F4xx_HAL_Driver/Src/stm32f4xx_hal_pwr.c 0x00000000   Number         0  stm32f4xx_hal_pwr.o ABSOLUTE
    ../Drivers/STM32F4xx_HAL_Driver/Src/stm32f4xx_hal_pwr_ex.c 0x00000000   Number         0  stm32f4xx_hal_pwr_ex.o ABSOLUTE
    ../Drivers/STM32F4xx_HAL_Driver/Src/stm32f4xx_hal_rcc.c 0x00000000   Number         0  stm32f4xx_hal_rcc.o ABSOLUTE
    ../Drivers/STM32F4xx_HAL_Driver/Src/stm32f4xx_hal_rcc_ex.c 0x00000000   Number         0  stm32f4xx_hal_rcc_ex.o ABSOLUTE
    ../Drivers/STM32F4xx_HAL_Driver/Src/stm32f4xx_hal_sd.c 0x00000000   Number         0  stm32f4xx_hal_sd.o ABSOLUTE
    ../Drivers/STM32F4xx_HAL_Driver/Src/stm32f4xx_hal_spi.c 0x00000000   Number         0  stm32f4xx_hal_spi.o ABSOLUTE
    ../Drivers/STM32F4xx_HAL_Driver/Src/stm32f4xx_hal_tim.c 0x00000000   Number         0  stm32f4xx_hal_tim.o ABSOLUTE
    ../Drivers/STM32F4xx_HAL_Driver/Src/stm32f4xx_hal_tim_ex.c 0x00000000   Number         0  stm32f4xx_hal_tim_ex.o ABSOLUTE
    ../Drivers/STM32F4xx_HAL_Driver/Src/stm32f4xx_hal_uart.c 0x00000000   Number         0  stm32f4xx_hal_uart.o ABSOLUTE
    ../Drivers/STM32F4xx_HAL_Driver/Src/stm32f4xx_ll_sdmmc.c 0x00000000   Number         0  stm32f4xx_ll_sdmmc.o ABSOLUTE
    ../FATFS/App/fatfs.c                     0x00000000   Number         0  fatfs.o ABSOLUTE
    ../FATFS/Target/bsp_driver_sd.c          0x00000000   Number         0  bsp_driver_sd.o ABSOLUTE
    ../FATFS/Target/sd_diskio.c              0x00000000   Number         0  sd_diskio.o ABSOLUTE
    ../Middlewares/Third_Party/FatFs/src/diskio.c 0x00000000   Number         0  diskio.o ABSOLUTE
    ../Middlewares/Third_Party/FatFs/src/ff.c 0x00000000   Number         0  ff.o ABSOLUTE
    ../Middlewares/Third_Party/FatFs/src/ff_gen_drv.c 0x00000000   Number         0  ff_gen_drv.o ABSOLUTE
    ../Middlewares/Third_Party/FatFs/src/option/syscall.c 0x00000000   Number         0  syscall.o ABSOLUTE
    ../clib/microlib/division.c              0x00000000   Number         0  uldiv.o ABSOLUTE
    ../clib/microlib/init/entry.s            0x00000000   Number         0  entry10b.o ABSOLUTE
    ../clib/microlib/init/entry.s            0x00000000   Number         0  entry5.o ABSOLUTE
    ../clib/microlib/init/entry.s            0x00000000   Number         0  entry2.o ABSOLUTE
    ../clib/microlib/init/entry.s            0x00000000   Number         0  entry8a.o ABSOLUTE
    ../clib/microlib/init/entry.s            0x00000000   Number         0  entry.o ABSOLUTE
    ../clib/microlib/init/entry.s            0x00000000   Number         0  entry11b.o ABSOLUTE
    ../clib/microlib/init/entry.s            0x00000000   Number         0  entry11a.o ABSOLUTE
    ../clib/microlib/init/entry.s            0x00000000   Number         0  entry10a.o ABSOLUTE
    ../clib/microlib/init/entry.s            0x00000000   Number         0  entry9b.o ABSOLUTE
    ../clib/microlib/init/entry.s            0x00000000   Number         0  entry9a.o ABSOLUTE
    ../clib/microlib/init/entry.s            0x00000000   Number         0  entry8b.o ABSOLUTE
    ../clib/microlib/init/entry.s            0x00000000   Number         0  entry7b.o ABSOLUTE
    ../clib/microlib/init/entry.s            0x00000000   Number         0  entry7a.o ABSOLUTE
    ../clib/microlib/longlong.c              0x00000000   Number         0  llushr.o ABSOLUTE
    ../clib/microlib/longlong.c              0x00000000   Number         0  llshl.o ABSOLUTE
    ../clib/microlib/string/memcpy.c         0x00000000   Number         0  memcpya.o ABSOLUTE
    ../clib/microlib/string/memcpy.c         0x00000000   Number         0  memcpyb.o ABSOLUTE
    ../clib/microlib/string/memset.c         0x00000000   Number         0  memseta.o ABSOLUTE
    ..\Core\Src\dma.c                        0x00000000   Number         0  dma.o ABSOLUTE
    ..\Core\Src\gpio.c                       0x00000000   Number         0  gpio.o ABSOLUTE
    ..\Core\Src\main.c                       0x00000000   Number         0  main.o ABSOLUTE
    ..\Core\Src\sdio.c                       0x00000000   Number         0  sdio.o ABSOLUTE
    ..\Core\Src\spi.c                        0x00000000   Number         0  spi.o ABSOLUTE
    ..\Core\Src\stm32f4xx_hal_msp.c          0x00000000   Number         0  stm32f4xx_hal_msp.o ABSOLUTE
    ..\Core\Src\stm32f4xx_it.c               0x00000000   Number         0  stm32f4xx_it.o ABSOLUTE
    ..\Core\Src\system_stm32f4xx.c           0x00000000   Number         0  system_stm32f4xx.o ABSOLUTE
    ..\Core\Src\usart.c                      0x00000000   Number         0  usart.o ABSOLUTE
    ..\Drivers\STM32F4xx_HAL_Driver\Src\stm32f4xx_hal.c 0x00000000   Number         0  stm32f4xx_hal.o ABSOLUTE
    ..\Drivers\STM32F4xx_HAL_Driver\Src\stm32f4xx_hal_cortex.c 0x00000000   Number         0  stm32f4xx_hal_cortex.o ABSOLUTE
    ..\Drivers\STM32F4xx_HAL_Driver\Src\stm32f4xx_hal_dma.c 0x00000000   Number         0  stm32f4xx_hal_dma.o ABSOLUTE
    ..\Drivers\STM32F4xx_HAL_Driver\Src\stm32f4xx_hal_dma_ex.c 0x00000000   Number         0  stm32f4xx_hal_dma_ex.o ABSOLUTE
    ..\Drivers\STM32F4xx_HAL_Driver\Src\stm32f4xx_hal_exti.c 0x00000000   Number         0  stm32f4xx_hal_exti.o ABSOLUTE
    ..\Drivers\STM32F4xx_HAL_Driver\Src\stm32f4xx_hal_flash.c 0x00000000   Number         0  stm32f4xx_hal_flash.o ABSOLUTE
    ..\Drivers\STM32F4xx_HAL_Driver\Src\stm32f4xx_hal_flash_ex.c 0x00000000   Number         0  stm32f4xx_hal_flash_ex.o ABSOLUTE
    ..\Drivers\STM32F4xx_HAL_Driver\Src\stm32f4xx_hal_flash_ramfunc.c 0x00000000   Number         0  stm32f4xx_hal_flash_ramfunc.o ABSOLUTE
    ..\Drivers\STM32F4xx_HAL_Driver\Src\stm32f4xx_hal_gpio.c 0x00000000   Number         0  stm32f4xx_hal_gpio.o ABSOLUTE
    ..\Drivers\STM32F4xx_HAL_Driver\Src\stm32f4xx_hal_pwr.c 0x00000000   Number         0  stm32f4xx_hal_pwr.o ABSOLUTE
    ..\Drivers\STM32F4xx_HAL_Driver\Src\stm32f4xx_hal_pwr_ex.c 0x00000000   Number         0  stm32f4xx_hal_pwr_ex.o ABSOLUTE
    ..\Drivers\STM32F4xx_HAL_Driver\Src\stm32f4xx_hal_rcc.c 0x00000000   Number         0  stm32f4xx_hal_rcc.o ABSOLUTE
    ..\Drivers\STM32F4xx_HAL_Driver\Src\stm32f4xx_hal_rcc_ex.c 0x00000000   Number         0  stm32f4xx_hal_rcc_ex.o ABSOLUTE
    ..\Drivers\STM32F4xx_HAL_Driver\Src\stm32f4xx_hal_sd.c 0x00000000   Number         0  stm32f4xx_hal_sd.o ABSOLUTE
    ..\Drivers\STM32F4xx_HAL_Driver\Src\stm32f4xx_hal_spi.c 0x00000000   Number         0  stm32f4xx_hal_spi.o ABSOLUTE
    ..\Drivers\STM32F4xx_HAL_Driver\Src\stm32f4xx_hal_tim.c 0x00000000   Number         0  stm32f4xx_hal_tim.o ABSOLUTE
    ..\Drivers\STM32F4xx_HAL_Driver\Src\stm32f4xx_hal_tim_ex.c 0x00000000   Number         0  stm32f4xx_hal_tim_ex.o ABSOLUTE
    ..\Drivers\STM32F4xx_HAL_Driver\Src\stm32f4xx_hal_uart.c 0x00000000   Number         0  stm32f4xx_hal_uart.o ABSOLUTE
    ..\Drivers\STM32F4xx_HAL_Driver\Src\stm32f4xx_ll_sdmmc.c 0x00000000   Number         0  stm32f4xx_ll_sdmmc.o ABSOLUTE
    ..\FATFS\App\fatfs.c                     0x00000000   Number         0  fatfs.o ABSOLUTE
    ..\FATFS\Target\bsp_driver_sd.c          0x00000000   Number         0  bsp_driver_sd.o ABSOLUTE
    ..\FATFS\Target\sd_diskio.c              0x00000000   Number         0  sd_diskio.o ABSOLUTE
    ..\Middlewares\Third_Party\FatFs\src\diskio.c 0x00000000   Number         0  diskio.o ABSOLUTE
    ..\Middlewares\Third_Party\FatFs\src\ff.c 0x00000000   Number         0  ff.o ABSOLUTE
    ..\Middlewares\Third_Party\FatFs\src\ff_gen_drv.c 0x00000000   Number         0  ff_gen_drv.o ABSOLUTE
    ..\Middlewares\Third_Party\FatFs\src\option\syscall.c 0x00000000   Number         0  syscall.o ABSOLUTE
    ..\USER\Application\interaction.c        0x00000000   Number         0  interaction.o ABSOLUTE
    ..\USER\Driver\SPI\driver_spi.c          0x00000000   Number         0  driver_spi.o ABSOLUTE
    ..\USER\Middlewares\FLASH\flash.c        0x00000000   Number         0  flash.o ABSOLUTE
    ..\USER\Middlewares\IAP\iap.c            0x00000000   Number         0  iap.o ABSOLUTE
    ..\USER\Middlewares\STM_FLASH\stmflash.c 0x00000000   Number         0  stmflash.o ABSOLUTE
    ..\\USER\\Application\\interaction.c     0x00000000   Number         0  interaction.o ABSOLUTE
    ..\\USER\\Driver\\SPI\\driver_spi.c      0x00000000   Number         0  driver_spi.o ABSOLUTE
    ..\\USER\\Middlewares\\FLASH\\flash.c    0x00000000   Number         0  flash.o ABSOLUTE
    ..\\USER\\Middlewares\\IAP\\iap.c        0x00000000   Number         0  iap.o ABSOLUTE
    ..\\USER\\Middlewares\\STM_FLASH\\stmflash.c 0x00000000   Number         0  stmflash.o ABSOLUTE
    dc.s                                     0x00000000   Number         0  dc.o ABSOLUTE
    handlers.s                               0x00000000   Number         0  handlers.o ABSOLUTE
    init.s                                   0x00000000   Number         0  init.o ABSOLUTE
    startup_stm32f429xx.s                    0x00000000   Number         0  startup_stm32f429xx.o ABSOLUTE
    RESET                                    0x08000000   Section      428  startup_stm32f429xx.o(RESET)
    .ARM.Collect$$$$00000000                 0x080001ac   Section        0  entry.o(.ARM.Collect$$$$00000000)
    .ARM.Collect$$$$00000001                 0x080001ac   Section        4  entry2.o(.ARM.Collect$$$$00000001)
    .ARM.Collect$$$$00000004                 0x080001b0   Section        4  entry5.o(.ARM.Collect$$$$00000004)
    .ARM.Collect$$$$00000008                 0x080001b4   Section        0  entry7b.o(.ARM.Collect$$$$00000008)
    .ARM.Collect$$$$0000000A                 0x080001b4   Section        0  entry8b.o(.ARM.Collect$$$$0000000A)
    .ARM.Collect$$$$0000000B                 0x080001b4   Section        8  entry9a.o(.ARM.Collect$$$$0000000B)
    .ARM.Collect$$$$0000000D                 0x080001bc   Section        0  entry10a.o(.ARM.Collect$$$$0000000D)
    .ARM.Collect$$$$0000000F                 0x080001bc   Section        0  entry11a.o(.ARM.Collect$$$$0000000F)
    .ARM.Collect$$$$00002712                 0x080001bc   Section        4  entry2.o(.ARM.Collect$$$$00002712)
    __lit__00000000                          0x080001bc   Data           4  entry2.o(.ARM.Collect$$$$00002712)
    .emb_text                                0x080001c0   Section        6  iap.o(.emb_text)
    $v0                                      0x080001c0   Number         0  iap.o(.emb_text)
    .text                                    0x080001c8   Section       36  startup_stm32f429xx.o(.text)
    $v0                                      0x080001c8   Number         0  startup_stm32f429xx.o(.text)
    .text                                    0x080001ec   Section        0  uldiv.o(.text)
    .text                                    0x0800024e   Section        0  memcpya.o(.text)
    .text                                    0x08000272   Section        0  memseta.o(.text)
    .text                                    0x08000296   Section        0  llshl.o(.text)
    .text                                    0x080002b4   Section        0  llushr.o(.text)
    .text                                    0x080002d4   Section       36  init.o(.text)
    i.BSP_SD_AbortCallback                   0x080002f8   Section        0  bsp_driver_sd.o(i.BSP_SD_AbortCallback)
    i.BSP_SD_GetCardInfo                     0x080002fc   Section        0  bsp_driver_sd.o(i.BSP_SD_GetCardInfo)
    i.BSP_SD_GetCardState                    0x08000308   Section        0  bsp_driver_sd.o(i.BSP_SD_GetCardState)
    i.BSP_SD_Init                            0x08000320   Section        0  bsp_driver_sd.o(i.BSP_SD_Init)
    i.BSP_SD_IsDetected                      0x08000350   Section        0  bsp_driver_sd.o(i.BSP_SD_IsDetected)
    i.BSP_SD_ReadBlocks                      0x08000360   Section        0  bsp_driver_sd.o(i.BSP_SD_ReadBlocks)
    i.BSP_SD_ReadCpltCallback                0x08000380   Section        0  bsp_driver_sd.o(i.BSP_SD_ReadCpltCallback)
    i.BSP_SD_WriteBlocks                     0x08000384   Section        0  bsp_driver_sd.o(i.BSP_SD_WriteBlocks)
    i.BSP_SD_WriteCpltCallback               0x080003a4   Section        0  bsp_driver_sd.o(i.BSP_SD_WriteCpltCallback)
    i.BusFault_Handler                       0x080003a6   Section        0  stm32f4xx_it.o(i.BusFault_Handler)
    i.DMA2_Stream3_IRQHandler                0x080003a8   Section        0  stm32f4xx_it.o(i.DMA2_Stream3_IRQHandler)
    i.DMA2_Stream6_IRQHandler                0x080003b4   Section        0  stm32f4xx_it.o(i.DMA2_Stream6_IRQHandler)
    i.DMA_CalcBaseAndBitshift                0x080003c0   Section        0  stm32f4xx_hal_dma.o(i.DMA_CalcBaseAndBitshift)
    DMA_CalcBaseAndBitshift                  0x080003c1   Thumb Code    34  stm32f4xx_hal_dma.o(i.DMA_CalcBaseAndBitshift)
    i.DMA_CheckFifoParam                     0x080003e8   Section        0  stm32f4xx_hal_dma.o(i.DMA_CheckFifoParam)
    DMA_CheckFifoParam                       0x080003e9   Thumb Code    84  stm32f4xx_hal_dma.o(i.DMA_CheckFifoParam)
    i.DebugMon_Handler                       0x0800043c   Section        0  stm32f4xx_it.o(i.DebugMon_Handler)
    i.Error_Handler                          0x0800043e   Section        0  main.o(i.Error_Handler)
    i.Execute_Progress                       0x08000440   Section        0  interaction.o(i.Execute_Progress)
    Execute_Progress                         0x08000441   Thumb Code    72  interaction.o(i.Execute_Progress)
    i.FATFS_LinkDriver                       0x080004b8   Section        0  ff_gen_drv.o(i.FATFS_LinkDriver)
    i.FATFS_LinkDriverEx                     0x080004c0   Section        0  ff_gen_drv.o(i.FATFS_LinkDriverEx)
    i.FLASH_Erase_Sector                     0x08000500   Section        0  stm32f4xx_hal_flash_ex.o(i.FLASH_Erase_Sector)
    i.FLASH_FlushCaches                      0x08000554   Section        0  stm32f4xx_hal_flash_ex.o(i.FLASH_FlushCaches)
    i.FLASH_MassErase                        0x080005a8   Section        0  stm32f4xx_hal_flash_ex.o(i.FLASH_MassErase)
    FLASH_MassErase                          0x080005a9   Thumb Code    58  stm32f4xx_hal_flash_ex.o(i.FLASH_MassErase)
    i.FLASH_Program_Byte                     0x080005e8   Section        0  stm32f4xx_hal_flash.o(i.FLASH_Program_Byte)
    FLASH_Program_Byte                       0x080005e9   Thumb Code    26  stm32f4xx_hal_flash.o(i.FLASH_Program_Byte)
    i.FLASH_Program_DoubleWord               0x08000608   Section        0  stm32f4xx_hal_flash.o(i.FLASH_Program_DoubleWord)
    FLASH_Program_DoubleWord                 0x08000609   Thumb Code    38  stm32f4xx_hal_flash.o(i.FLASH_Program_DoubleWord)
    i.FLASH_Program_HalfWord                 0x08000634   Section        0  stm32f4xx_hal_flash.o(i.FLASH_Program_HalfWord)
    FLASH_Program_HalfWord                   0x08000635   Thumb Code    30  stm32f4xx_hal_flash.o(i.FLASH_Program_HalfWord)
    i.FLASH_Program_Word                     0x08000658   Section        0  stm32f4xx_hal_flash.o(i.FLASH_Program_Word)
    FLASH_Program_Word                       0x08000659   Thumb Code    30  stm32f4xx_hal_flash.o(i.FLASH_Program_Word)
    i.FLASH_SetErrorCode                     0x0800067c   Section        0  stm32f4xx_hal_flash.o(i.FLASH_SetErrorCode)
    FLASH_SetErrorCode                       0x0800067d   Thumb Code   116  stm32f4xx_hal_flash.o(i.FLASH_SetErrorCode)
    i.FLASH_WaitForLastOperation             0x080006f8   Section        0  stm32f4xx_hal_flash.o(i.FLASH_WaitForLastOperation)
    i.HAL_DMA_Abort_IT                       0x08000748   Section        0  stm32f4xx_hal_dma.o(i.HAL_DMA_Abort_IT)
    i.HAL_DMA_IRQHandler                     0x0800076c   Section        0  stm32f4xx_hal_dma.o(i.HAL_DMA_IRQHandler)
    i.HAL_DMA_Init                           0x0800090c   Section        0  stm32f4xx_hal_dma.o(i.HAL_DMA_Init)
    i.HAL_Delay                              0x080009e0   Section        0  interaction.o(i.HAL_Delay)
    i.HAL_FLASHEx_Erase                      0x08000a00   Section        0  stm32f4xx_hal_flash_ex.o(i.HAL_FLASHEx_Erase)
    i.HAL_FLASH_Lock                         0x08000a9c   Section        0  stm32f4xx_hal_flash.o(i.HAL_FLASH_Lock)
    i.HAL_FLASH_Program                      0x08000ab0   Section        0  stm32f4xx_hal_flash.o(i.HAL_FLASH_Program)
    i.HAL_FLASH_Unlock                       0x08000b2c   Section        0  stm32f4xx_hal_flash.o(i.HAL_FLASH_Unlock)
    i.HAL_GPIO_Init                          0x08000b58   Section        0  stm32f4xx_hal_gpio.o(i.HAL_GPIO_Init)
    i.HAL_GetTick                            0x08000d2c   Section        0  stm32f4xx_hal.o(i.HAL_GetTick)
    i.HAL_IncTick                            0x08000d38   Section        0  stm32f4xx_hal.o(i.HAL_IncTick)
    i.HAL_Init                               0x08000d48   Section        0  stm32f4xx_hal.o(i.HAL_Init)
    i.HAL_InitTick                           0x08000d7c   Section        0  stm32f4xx_hal.o(i.HAL_InitTick)
    i.HAL_MspInit                            0x08000dbc   Section        0  stm32f4xx_hal_msp.o(i.HAL_MspInit)
    i.HAL_NVIC_EnableIRQ                     0x08000dec   Section        0  stm32f4xx_hal_cortex.o(i.HAL_NVIC_EnableIRQ)
    i.HAL_NVIC_SetPriority                   0x08000e08   Section        0  stm32f4xx_hal_cortex.o(i.HAL_NVIC_SetPriority)
    i.HAL_NVIC_SetPriorityGrouping           0x08000e48   Section        0  stm32f4xx_hal_cortex.o(i.HAL_NVIC_SetPriorityGrouping)
    i.HAL_PWREx_EnableOverDrive              0x08000e6c   Section        0  stm32f4xx_hal_pwr_ex.o(i.HAL_PWREx_EnableOverDrive)
    i.HAL_RCC_ClockConfig                    0x08000edc   Section        0  stm32f4xx_hal_rcc.o(i.HAL_RCC_ClockConfig)
    i.HAL_RCC_GetPCLK1Freq                   0x08001010   Section        0  stm32f4xx_hal_rcc.o(i.HAL_RCC_GetPCLK1Freq)
    i.HAL_RCC_GetPCLK2Freq                   0x08001030   Section        0  stm32f4xx_hal_rcc.o(i.HAL_RCC_GetPCLK2Freq)
    i.HAL_RCC_GetSysClockFreq                0x08001050   Section        0  stm32f4xx_hal_rcc.o(i.HAL_RCC_GetSysClockFreq)
    i.HAL_RCC_OscConfig                      0x080010b4   Section        0  stm32f4xx_hal_rcc.o(i.HAL_RCC_OscConfig)
    i.HAL_SD_AbortCallback                   0x08001410   Section        0  bsp_driver_sd.o(i.HAL_SD_AbortCallback)
    i.HAL_SD_ConfigWideBusOperation          0x08001418   Section        0  stm32f4xx_hal_sd.o(i.HAL_SD_ConfigWideBusOperation)
    i.HAL_SD_ErrorCallback                   0x0800150c   Section        0  stm32f4xx_hal_sd.o(i.HAL_SD_ErrorCallback)
    i.HAL_SD_GetCardCSD                      0x08001510   Section        0  stm32f4xx_hal_sd.o(i.HAL_SD_GetCardCSD)
    i.HAL_SD_GetCardInfo                     0x080016a8   Section        0  stm32f4xx_hal_sd.o(i.HAL_SD_GetCardInfo)
    i.HAL_SD_GetCardState                    0x080016cc   Section        0  stm32f4xx_hal_sd.o(i.HAL_SD_GetCardState)
    i.HAL_SD_IRQHandler                      0x080016f8   Section        0  stm32f4xx_hal_sd.o(i.HAL_SD_IRQHandler)
    i.HAL_SD_Init                            0x08001900   Section        0  stm32f4xx_hal_sd.o(i.HAL_SD_Init)
    i.HAL_SD_InitCard                        0x08001938   Section        0  stm32f4xx_hal_sd.o(i.HAL_SD_InitCard)
    i.HAL_SD_MspInit                         0x0800198c   Section        0  sdio.o(i.HAL_SD_MspInit)
    i.HAL_SD_ReadBlocks                      0x08001ad0   Section        0  stm32f4xx_hal_sd.o(i.HAL_SD_ReadBlocks)
    i.HAL_SD_RxCpltCallback                  0x08001cc8   Section        0  bsp_driver_sd.o(i.HAL_SD_RxCpltCallback)
    i.HAL_SD_TxCpltCallback                  0x08001cd0   Section        0  bsp_driver_sd.o(i.HAL_SD_TxCpltCallback)
    i.HAL_SD_WriteBlocks                     0x08001cd8   Section        0  stm32f4xx_hal_sd.o(i.HAL_SD_WriteBlocks)
    i.HAL_SPI_Init                           0x08001ea4   Section        0  stm32f4xx_hal_spi.o(i.HAL_SPI_Init)
    i.HAL_SPI_MspInit                        0x08001f24   Section        0  spi.o(i.HAL_SPI_MspInit)
    i.HAL_SYSTICK_Config                     0x08001f90   Section        0  stm32f4xx_hal_cortex.o(i.HAL_SYSTICK_Config)
    i.HAL_UART_ErrorCallback                 0x08001fb8   Section        0  stm32f4xx_hal_uart.o(i.HAL_UART_ErrorCallback)
    i.HAL_UART_IRQHandler                    0x08001fbc   Section        0  stm32f4xx_hal_uart.o(i.HAL_UART_IRQHandler)
    i.HAL_UART_Init                          0x080020d0   Section        0  stm32f4xx_hal_uart.o(i.HAL_UART_Init)
    i.HAL_UART_MspInit                       0x08002134   Section        0  usart.o(i.HAL_UART_MspInit)
    i.HAL_UART_Receive                       0x080021c0   Section        0  stm32f4xx_hal_uart.o(i.HAL_UART_Receive)
    i.HAL_UART_RxCpltCallback                0x0800227e   Section        0  stm32f4xx_hal_uart.o(i.HAL_UART_RxCpltCallback)
    i.HAL_UART_Transmit                      0x08002280   Section        0  stm32f4xx_hal_uart.o(i.HAL_UART_Transmit)
    i.HAL_UART_TxCpltCallback                0x0800233a   Section        0  stm32f4xx_hal_uart.o(i.HAL_UART_TxCpltCallback)
    i.HardFault_Handler                      0x0800233c   Section        0  stm32f4xx_it.o(i.HardFault_Handler)
    i.Inquiry_Usart                          0x08002340   Section        0  interaction.o(i.Inquiry_Usart)
    Inquiry_Usart                            0x08002341   Thumb Code    92  interaction.o(i.Inquiry_Usart)
    i.Interaction_Usart                      0x08002404   Section        0  interaction.o(i.Interaction_Usart)
    i.MX_DMA_Init                            0x08002470   Section        0  dma.o(i.MX_DMA_Init)
    i.MX_FATFS_Init                          0x080024ac   Section        0  fatfs.o(i.MX_FATFS_Init)
    i.MX_GPIO_Init                           0x080024c8   Section        0  gpio.o(i.MX_GPIO_Init)
    i.MX_SDIO_SD_Init                        0x08002524   Section        0  sdio.o(i.MX_SDIO_SD_Init)
    i.MX_SPI5_Init                           0x08002544   Section        0  spi.o(i.MX_SPI5_Init)
    i.MX_USART1_UART_Init                    0x08002588   Section        0  usart.o(i.MX_USART1_UART_Init)
    i.MemManage_Handler                      0x080025c0   Section        0  stm32f4xx_it.o(i.MemManage_Handler)
    i.NMI_Handler                            0x080025c2   Section        0  stm32f4xx_it.o(i.NMI_Handler)
    i.PendSV_Handler                         0x080025c4   Section        0  stm32f4xx_it.o(i.PendSV_Handler)
    i.Progress_Receive                       0x080025c8   Section        0  interaction.o(i.Progress_Receive)
    Progress_Receive                         0x080025c9   Thumb Code   116  interaction.o(i.Progress_Receive)
    i.SDIO_ConfigData                        0x08002694   Section        0  stm32f4xx_ll_sdmmc.o(i.SDIO_ConfigData)
    i.SDIO_GetPowerState                     0x080026b8   Section        0  stm32f4xx_ll_sdmmc.o(i.SDIO_GetPowerState)
    i.SDIO_GetResponse                       0x080026c0   Section        0  stm32f4xx_ll_sdmmc.o(i.SDIO_GetResponse)
    i.SDIO_IRQHandler                        0x080026c8   Section        0  stm32f4xx_it.o(i.SDIO_IRQHandler)
    i.SDIO_Init                              0x080026d4   Section        0  stm32f4xx_ll_sdmmc.o(i.SDIO_Init)
    i.SDIO_PowerState_ON                     0x080026f8   Section        0  stm32f4xx_ll_sdmmc.o(i.SDIO_PowerState_ON)
    i.SDIO_ReadFIFO                          0x08002708   Section        0  stm32f4xx_ll_sdmmc.o(i.SDIO_ReadFIFO)
    i.SDIO_SendCommand                       0x0800270e   Section        0  stm32f4xx_ll_sdmmc.o(i.SDIO_SendCommand)
    i.SDIO_WriteFIFO                         0x0800272e   Section        0  stm32f4xx_ll_sdmmc.o(i.SDIO_WriteFIFO)
    i.SDMMC_CmdAppCommand                    0x08002738   Section        0  stm32f4xx_ll_sdmmc.o(i.SDMMC_CmdAppCommand)
    i.SDMMC_CmdAppOperCommand                0x0800276c   Section        0  stm32f4xx_ll_sdmmc.o(i.SDMMC_CmdAppOperCommand)
    i.SDMMC_CmdBlockLength                   0x080027a0   Section        0  stm32f4xx_ll_sdmmc.o(i.SDMMC_CmdBlockLength)
    i.SDMMC_CmdBusWidth                      0x080027d2   Section        0  stm32f4xx_ll_sdmmc.o(i.SDMMC_CmdBusWidth)
    i.SDMMC_CmdGoIdleState                   0x08002804   Section        0  stm32f4xx_ll_sdmmc.o(i.SDMMC_CmdGoIdleState)
    i.SDMMC_CmdOperCond                      0x08002854   Section        0  stm32f4xx_ll_sdmmc.o(i.SDMMC_CmdOperCond)
    i.SDMMC_CmdReadMultiBlock                0x080028c8   Section        0  stm32f4xx_ll_sdmmc.o(i.SDMMC_CmdReadMultiBlock)
    i.SDMMC_CmdReadSingleBlock               0x080028fa   Section        0  stm32f4xx_ll_sdmmc.o(i.SDMMC_CmdReadSingleBlock)
    i.SDMMC_CmdSelDesel                      0x0800292c   Section        0  stm32f4xx_ll_sdmmc.o(i.SDMMC_CmdSelDesel)
    i.SDMMC_CmdSendCID                       0x0800295e   Section        0  stm32f4xx_ll_sdmmc.o(i.SDMMC_CmdSendCID)
    i.SDMMC_CmdSendCSD                       0x0800298a   Section        0  stm32f4xx_ll_sdmmc.o(i.SDMMC_CmdSendCSD)
    i.SDMMC_CmdSendSCR                       0x080029b6   Section        0  stm32f4xx_ll_sdmmc.o(i.SDMMC_CmdSendSCR)
    i.SDMMC_CmdSendStatus                    0x080029e6   Section        0  stm32f4xx_ll_sdmmc.o(i.SDMMC_CmdSendStatus)
    i.SDMMC_CmdSetRelAdd                     0x08002a18   Section        0  stm32f4xx_ll_sdmmc.o(i.SDMMC_CmdSetRelAdd)
    i.SDMMC_CmdStopTransfer                  0x08002a48   Section        0  stm32f4xx_ll_sdmmc.o(i.SDMMC_CmdStopTransfer)
    i.SDMMC_CmdWriteMultiBlock               0x08002a7c   Section        0  stm32f4xx_ll_sdmmc.o(i.SDMMC_CmdWriteMultiBlock)
    i.SDMMC_CmdWriteSingleBlock              0x08002aae   Section        0  stm32f4xx_ll_sdmmc.o(i.SDMMC_CmdWriteSingleBlock)
    i.SDMMC_GetCmdResp1                      0x08002ae0   Section        0  stm32f4xx_ll_sdmmc.o(i.SDMMC_GetCmdResp1)
    SDMMC_GetCmdResp1                        0x08002ae1   Thumb Code   278  stm32f4xx_ll_sdmmc.o(i.SDMMC_GetCmdResp1)
    i.SDMMC_GetCmdResp2                      0x08002c00   Section        0  stm32f4xx_ll_sdmmc.o(i.SDMMC_GetCmdResp2)
    SDMMC_GetCmdResp2                        0x08002c01   Thumb Code    76  stm32f4xx_ll_sdmmc.o(i.SDMMC_GetCmdResp2)
    i.SDMMC_GetCmdResp3                      0x08002c50   Section        0  stm32f4xx_ll_sdmmc.o(i.SDMMC_GetCmdResp3)
    SDMMC_GetCmdResp3                        0x08002c51   Thumb Code    62  stm32f4xx_ll_sdmmc.o(i.SDMMC_GetCmdResp3)
    i.SDMMC_GetCmdResp6                      0x08002c94   Section        0  stm32f4xx_ll_sdmmc.o(i.SDMMC_GetCmdResp6)
    SDMMC_GetCmdResp6                        0x08002c95   Thumb Code   130  stm32f4xx_ll_sdmmc.o(i.SDMMC_GetCmdResp6)
    i.SD_CheckStatus                         0x08002d1c   Section        0  sd_diskio.o(i.SD_CheckStatus)
    SD_CheckStatus                           0x08002d1d   Thumb Code    26  sd_diskio.o(i.SD_CheckStatus)
    i.SD_DMARxAbort                          0x08002d3c   Section        0  stm32f4xx_hal_sd.o(i.SD_DMARxAbort)
    SD_DMARxAbort                            0x08002d3d   Thumb Code    68  stm32f4xx_hal_sd.o(i.SD_DMARxAbort)
    i.SD_DMATxAbort                          0x08002d80   Section        0  stm32f4xx_hal_sd.o(i.SD_DMATxAbort)
    SD_DMATxAbort                            0x08002d81   Thumb Code    68  stm32f4xx_hal_sd.o(i.SD_DMATxAbort)
    i.SD_FindSCR                             0x08002dc4   Section        0  stm32f4xx_hal_sd.o(i.SD_FindSCR)
    SD_FindSCR                               0x08002dc5   Thumb Code   212  stm32f4xx_hal_sd.o(i.SD_FindSCR)
    i.SD_InitCard                            0x08002e98   Section        0  stm32f4xx_hal_sd.o(i.SD_InitCard)
    SD_InitCard                              0x08002e99   Thumb Code   238  stm32f4xx_hal_sd.o(i.SD_InitCard)
    i.SD_PowerON                             0x08002f88   Section        0  stm32f4xx_hal_sd.o(i.SD_PowerON)
    SD_PowerON                               0x08002f89   Thumb Code   174  stm32f4xx_hal_sd.o(i.SD_PowerON)
    i.SD_initialize                          0x0800303c   Section        0  sd_diskio.o(i.SD_initialize)
    i.SD_ioctl                               0x0800305c   Section        0  sd_diskio.o(i.SD_ioctl)
    i.SD_read                                0x080030ac   Section        0  sd_diskio.o(i.SD_read)
    i.SD_status                              0x080030d2   Section        0  sd_diskio.o(i.SD_status)
    i.SD_write                               0x080030d8   Section        0  sd_diskio.o(i.SD_write)
    i.STMFLASH_GetFlashSector                0x08003100   Section        0  stmflash.o(i.STMFLASH_GetFlashSector)
    i.STMFLASH_Write                         0x08003244   Section        0  stmflash.o(i.STMFLASH_Write)
    i.SVC_Handler                            0x080032dc   Section        0  stm32f4xx_it.o(i.SVC_Handler)
    i.SysTick_Handler                        0x080032de   Section        0  stm32f4xx_it.o(i.SysTick_Handler)
    i.SystemClock_Config                     0x080032e4   Section        0  main.o(i.SystemClock_Config)
    i.SystemInit                             0x0800336c   Section        0  system_stm32f4xx.o(i.SystemInit)
    i.UART_DMAAbortOnError                   0x08003388   Section        0  stm32f4xx_hal_uart.o(i.UART_DMAAbortOnError)
    UART_DMAAbortOnError                     0x08003389   Thumb Code    16  stm32f4xx_hal_uart.o(i.UART_DMAAbortOnError)
    i.UART_EndRxTransfer                     0x08003398   Section        0  stm32f4xx_hal_uart.o(i.UART_EndRxTransfer)
    UART_EndRxTransfer                       0x08003399   Thumb Code    28  stm32f4xx_hal_uart.o(i.UART_EndRxTransfer)
    i.UART_Receive_IT                        0x080033b4   Section        0  stm32f4xx_hal_uart.o(i.UART_Receive_IT)
    UART_Receive_IT                          0x080033b5   Thumb Code   150  stm32f4xx_hal_uart.o(i.UART_Receive_IT)
    i.UART_SetConfig                         0x0800344c   Section        0  stm32f4xx_hal_uart.o(i.UART_SetConfig)
    UART_SetConfig                           0x0800344d   Thumb Code   286  stm32f4xx_hal_uart.o(i.UART_SetConfig)
    i.UART_Transmit_IT                       0x08003574   Section        0  stm32f4xx_hal_uart.o(i.UART_Transmit_IT)
    UART_Transmit_IT                         0x08003575   Thumb Code    98  stm32f4xx_hal_uart.o(i.UART_Transmit_IT)
    i.UART_WaitOnFlagUntilTimeout            0x080035d6   Section        0  stm32f4xx_hal_uart.o(i.UART_WaitOnFlagUntilTimeout)
    UART_WaitOnFlagUntilTimeout              0x080035d7   Thumb Code   100  stm32f4xx_hal_uart.o(i.UART_WaitOnFlagUntilTimeout)
    i.USART1_IRQHandler                      0x0800363c   Section        0  stm32f4xx_it.o(i.USART1_IRQHandler)
    i.USER_USART1_IRQHandler                 0x08003654   Section        0  usart.o(i.USER_USART1_IRQHandler)
    i.UsageFault_Handler                     0x0800368c   Section        0  stm32f4xx_it.o(i.UsageFault_Handler)
    i.__NVIC_SetPriority                     0x0800368e   Section        0  stm32f4xx_hal_cortex.o(i.__NVIC_SetPriority)
    __NVIC_SetPriority                       0x0800368f   Thumb Code    32  stm32f4xx_hal_cortex.o(i.__NVIC_SetPriority)
    i.__scatterload_copy                     0x080036ae   Section       14  handlers.o(i.__scatterload_copy)
    i.__scatterload_null                     0x080036bc   Section        2  handlers.o(i.__scatterload_null)
    i.__scatterload_zeroinit                 0x080036be   Section       14  handlers.o(i.__scatterload_zeroinit)
    i.iap_load_app                           0x080036cc   Section        0  iap.o(i.iap_load_app)
    i.iap_write_appbin                       0x080036f8   Section        0  iap.o(i.iap_write_appbin)
    i.main                                   0x08003764   Section        0  main.o(i.main)
    .constdata                               0x0800378c   Section       20  sd_diskio.o(.constdata)
    .constdata                               0x080037a0   Section        8  stm32f4xx_hal_dma.o(.constdata)
    flagBitshiftOffset                       0x080037a0   Data           8  stm32f4xx_hal_dma.o(.constdata)
    .constdata                               0x080037a8   Section       16  system_stm32f4xx.o(.constdata)
    .constdata                               0x080037b8   Section        8  system_stm32f4xx.o(.constdata)
    .data                                    0x20000000   Section        4  usart.o(.data)
    .data                                    0x20000004   Section        1  sd_diskio.o(.data)
    Stat                                     0x20000004   Data           1  sd_diskio.o(.data)
    .data                                    0x20000005   Section        5  fatfs.o(.data)
    .data                                    0x2000000c   Section        4  iap.o(.data)
    .data                                    0x20000010   Section       12  stm32f4xx_hal.o(.data)
    .data                                    0x2000001c   Section        4  system_stm32f4xx.o(.data)
    .bss                                     0x20000020   Section      324  sdio.o(.bss)
    .bss                                     0x20000164   Section       88  spi.o(.bss)
    .bss                                     0x200001bc   Section       64  usart.o(.bss)
    .bss                                     0x200001fc   Section       12  ff_gen_drv.o(.bss)
    .bss                                     0x20000208   Section     2048  iap.o(.bss)
    .bss                                     0x20000a08   Section       32  stm32f4xx_hal_flash.o(.bss)
    STACK                                    0x20000a28   Section     1024  startup_stm32f429xx.o(STACK)
    .ARM.__AT_0x20001000                     0x20001000   Section    184320  usart.o(.ARM.__AT_0x20001000)

    Global Symbols

    Symbol Name                              Value     Ov Type        Size  Object(Section)

    BuildAttributes$$THM_ISAv4$E$P$D$K$B$S$7EM$VFPi3$EXTD16$VFPS$VFMA$PE$A:L22UL41UL21$X:L11$S22US41US21$IEEE1$IW$USESV6$~STKCKD$USESV7$~SHL$OSPACE$EBA8$MICROLIB$REQ8$PRES8$EABIv2 0x00000000   Number         0  anon$$obj.o ABSOLUTE
    __ARM_use_no_argv                        0x00000000   Number         0  main.o ABSOLUTE
    __cpp_initialize__aeabi_                  - Undefined Weak Reference
    __cxa_finalize                            - Undefined Weak Reference
    __decompress                              - Undefined Weak Reference
    _clock_init                               - Undefined Weak Reference
    _microlib_exit                            - Undefined Weak Reference
    __Vectors_Size                           0x000001ac   Number         0  startup_stm32f429xx.o ABSOLUTE
    __Vectors                                0x08000000   Data           4  startup_stm32f429xx.o(RESET)
    __Vectors_End                            0x080001ac   Data           0  startup_stm32f429xx.o(RESET)
    __main                                   0x080001ad   Thumb Code     0  entry.o(.ARM.Collect$$$$00000000)
    _main_stk                                0x080001ad   Thumb Code     0  entry2.o(.ARM.Collect$$$$00000001)
    _main_scatterload                        0x080001b1   Thumb Code     0  entry5.o(.ARM.Collect$$$$00000004)
    __main_after_scatterload                 0x080001b5   Thumb Code     0  entry5.o(.ARM.Collect$$$$00000004)
    _main_clock                              0x080001b5   Thumb Code     0  entry7b.o(.ARM.Collect$$$$00000008)
    _main_cpp_init                           0x080001b5   Thumb Code     0  entry8b.o(.ARM.Collect$$$$0000000A)
    _main_init                               0x080001b5   Thumb Code     0  entry9a.o(.ARM.Collect$$$$0000000B)
    __rt_final_cpp                           0x080001bd   Thumb Code     0  entry10a.o(.ARM.Collect$$$$0000000D)
    __rt_final_exit                          0x080001bd   Thumb Code     0  entry11a.o(.ARM.Collect$$$$0000000F)
    MSR_MSP                                  0x080001c1   Thumb Code     6  iap.o(.emb_text)
    Reset_Handler                            0x080001c9   Thumb Code     8  startup_stm32f429xx.o(.text)
    ADC_IRQHandler                           0x080001e3   Thumb Code     0  startup_stm32f429xx.o(.text)
    CAN1_RX0_IRQHandler                      0x080001e3   Thumb Code     0  startup_stm32f429xx.o(.text)
    CAN1_RX1_IRQHandler                      0x080001e3   Thumb Code     0  startup_stm32f429xx.o(.text)
    CAN1_SCE_IRQHandler                      0x080001e3   Thumb Code     0  startup_stm32f429xx.o(.text)
    CAN1_TX_IRQHandler                       0x080001e3   Thumb Code     0  startup_stm32f429xx.o(.text)
    CAN2_RX0_IRQHandler                      0x080001e3   Thumb Code     0  startup_stm32f429xx.o(.text)
    CAN2_RX1_IRQHandler                      0x080001e3   Thumb Code     0  startup_stm32f429xx.o(.text)
    CAN2_SCE_IRQHandler                      0x080001e3   Thumb Code     0  startup_stm32f429xx.o(.text)
    CAN2_TX_IRQHandler                       0x080001e3   Thumb Code     0  startup_stm32f429xx.o(.text)
    DCMI_IRQHandler                          0x080001e3   Thumb Code     0  startup_stm32f429xx.o(.text)
    DMA1_Stream0_IRQHandler                  0x080001e3   Thumb Code     0  startup_stm32f429xx.o(.text)
    DMA1_Stream1_IRQHandler                  0x080001e3   Thumb Code     0  startup_stm32f429xx.o(.text)
    DMA1_Stream2_IRQHandler                  0x080001e3   Thumb Code     0  startup_stm32f429xx.o(.text)
    DMA1_Stream3_IRQHandler                  0x080001e3   Thumb Code     0  startup_stm32f429xx.o(.text)
    DMA1_Stream4_IRQHandler                  0x080001e3   Thumb Code     0  startup_stm32f429xx.o(.text)
    DMA1_Stream5_IRQHandler                  0x080001e3   Thumb Code     0  startup_stm32f429xx.o(.text)
    DMA1_Stream6_IRQHandler                  0x080001e3   Thumb Code     0  startup_stm32f429xx.o(.text)
    DMA1_Stream7_IRQHandler                  0x080001e3   Thumb Code     0  startup_stm32f429xx.o(.text)
    DMA2D_IRQHandler                         0x080001e3   Thumb Code     0  startup_stm32f429xx.o(.text)
    DMA2_Stream0_IRQHandler                  0x080001e3   Thumb Code     0  startup_stm32f429xx.o(.text)
    DMA2_Stream1_IRQHandler                  0x080001e3   Thumb Code     0  startup_stm32f429xx.o(.text)
    DMA2_Stream2_IRQHandler                  0x080001e3   Thumb Code     0  startup_stm32f429xx.o(.text)
    DMA2_Stream4_IRQHandler                  0x080001e3   Thumb Code     0  startup_stm32f429xx.o(.text)
    DMA2_Stream5_IRQHandler                  0x080001e3   Thumb Code     0  startup_stm32f429xx.o(.text)
    DMA2_Stream7_IRQHandler                  0x080001e3   Thumb Code     0  startup_stm32f429xx.o(.text)
    ETH_IRQHandler                           0x080001e3   Thumb Code     0  startup_stm32f429xx.o(.text)
    ETH_WKUP_IRQHandler                      0x080001e3   Thumb Code     0  startup_stm32f429xx.o(.text)
    EXTI0_IRQHandler                         0x080001e3   Thumb Code     0  startup_stm32f429xx.o(.text)
    EXTI15_10_IRQHandler                     0x080001e3   Thumb Code     0  startup_stm32f429xx.o(.text)
    EXTI1_IRQHandler                         0x080001e3   Thumb Code     0  startup_stm32f429xx.o(.text)
    EXTI2_IRQHandler                         0x080001e3   Thumb Code     0  startup_stm32f429xx.o(.text)
    EXTI3_IRQHandler                         0x080001e3   Thumb Code     0  startup_stm32f429xx.o(.text)
    EXTI4_IRQHandler                         0x080001e3   Thumb Code     0  startup_stm32f429xx.o(.text)
    EXTI9_5_IRQHandler                       0x080001e3   Thumb Code     0  startup_stm32f429xx.o(.text)
    FLASH_IRQHandler                         0x080001e3   Thumb Code     0  startup_stm32f429xx.o(.text)
    FMC_IRQHandler                           0x080001e3   Thumb Code     0  startup_stm32f429xx.o(.text)
    FPU_IRQHandler                           0x080001e3   Thumb Code     0  startup_stm32f429xx.o(.text)
    HASH_RNG_IRQHandler                      0x080001e3   Thumb Code     0  startup_stm32f429xx.o(.text)
    I2C1_ER_IRQHandler                       0x080001e3   Thumb Code     0  startup_stm32f429xx.o(.text)
    I2C1_EV_IRQHandler                       0x080001e3   Thumb Code     0  startup_stm32f429xx.o(.text)
    I2C2_ER_IRQHandler                       0x080001e3   Thumb Code     0  startup_stm32f429xx.o(.text)
    I2C2_EV_IRQHandler                       0x080001e3   Thumb Code     0  startup_stm32f429xx.o(.text)
    I2C3_ER_IRQHandler                       0x080001e3   Thumb Code     0  startup_stm32f429xx.o(.text)
    I2C3_EV_IRQHandler                       0x080001e3   Thumb Code     0  startup_stm32f429xx.o(.text)
    LTDC_ER_IRQHandler                       0x080001e3   Thumb Code     0  startup_stm32f429xx.o(.text)
    LTDC_IRQHandler                          0x080001e3   Thumb Code     0  startup_stm32f429xx.o(.text)
    OTG_FS_IRQHandler                        0x080001e3   Thumb Code     0  startup_stm32f429xx.o(.text)
    OTG_FS_WKUP_IRQHandler                   0x080001e3   Thumb Code     0  startup_stm32f429xx.o(.text)
    OTG_HS_EP1_IN_IRQHandler                 0x080001e3   Thumb Code     0  startup_stm32f429xx.o(.text)
    OTG_HS_EP1_OUT_IRQHandler                0x080001e3   Thumb Code     0  startup_stm32f429xx.o(.text)
    OTG_HS_IRQHandler                        0x080001e3   Thumb Code     0  startup_stm32f429xx.o(.text)
    OTG_HS_WKUP_IRQHandler                   0x080001e3   Thumb Code     0  startup_stm32f429xx.o(.text)
    PVD_IRQHandler                           0x080001e3   Thumb Code     0  startup_stm32f429xx.o(.text)
    RCC_IRQHandler                           0x080001e3   Thumb Code     0  startup_stm32f429xx.o(.text)
    RTC_Alarm_IRQHandler                     0x080001e3   Thumb Code     0  startup_stm32f429xx.o(.text)
    RTC_WKUP_IRQHandler                      0x080001e3   Thumb Code     0  startup_stm32f429xx.o(.text)
    SAI1_IRQHandler                          0x080001e3   Thumb Code     0  startup_stm32f429xx.o(.text)
    SPI1_IRQHandler                          0x080001e3   Thumb Code     0  startup_stm32f429xx.o(.text)
    SPI2_IRQHandler                          0x080001e3   Thumb Code     0  startup_stm32f429xx.o(.text)
    SPI3_IRQHandler                          0x080001e3   Thumb Code     0  startup_stm32f429xx.o(.text)
    SPI4_IRQHandler                          0x080001e3   Thumb Code     0  startup_stm32f429xx.o(.text)
    SPI5_IRQHandler                          0x080001e3   Thumb Code     0  startup_stm32f429xx.o(.text)
    SPI6_IRQHandler                          0x080001e3   Thumb Code     0  startup_stm32f429xx.o(.text)
    TAMP_STAMP_IRQHandler                    0x080001e3   Thumb Code     0  startup_stm32f429xx.o(.text)
    TIM1_BRK_TIM9_IRQHandler                 0x080001e3   Thumb Code     0  startup_stm32f429xx.o(.text)
    TIM1_CC_IRQHandler                       0x080001e3   Thumb Code     0  startup_stm32f429xx.o(.text)
    TIM1_TRG_COM_TIM11_IRQHandler            0x080001e3   Thumb Code     0  startup_stm32f429xx.o(.text)
    TIM1_UP_TIM10_IRQHandler                 0x080001e3   Thumb Code     0  startup_stm32f429xx.o(.text)
    TIM2_IRQHandler                          0x080001e3   Thumb Code     0  startup_stm32f429xx.o(.text)
    TIM3_IRQHandler                          0x080001e3   Thumb Code     0  startup_stm32f429xx.o(.text)
    TIM4_IRQHandler                          0x080001e3   Thumb Code     0  startup_stm32f429xx.o(.text)
    TIM5_IRQHandler                          0x080001e3   Thumb Code     0  startup_stm32f429xx.o(.text)
    TIM6_DAC_IRQHandler                      0x080001e3   Thumb Code     0  startup_stm32f429xx.o(.text)
    TIM7_IRQHandler                          0x080001e3   Thumb Code     0  startup_stm32f429xx.o(.text)
    TIM8_BRK_TIM12_IRQHandler                0x080001e3   Thumb Code     0  startup_stm32f429xx.o(.text)
    TIM8_CC_IRQHandler                       0x080001e3   Thumb Code     0  startup_stm32f429xx.o(.text)
    TIM8_TRG_COM_TIM14_IRQHandler            0x080001e3   Thumb Code     0  startup_stm32f429xx.o(.text)
    TIM8_UP_TIM13_IRQHandler                 0x080001e3   Thumb Code     0  startup_stm32f429xx.o(.text)
    UART4_IRQHandler                         0x080001e3   Thumb Code     0  startup_stm32f429xx.o(.text)
    UART5_IRQHandler                         0x080001e3   Thumb Code     0  startup_stm32f429xx.o(.text)
    UART7_IRQHandler                         0x080001e3   Thumb Code     0  startup_stm32f429xx.o(.text)
    UART8_IRQHandler                         0x080001e3   Thumb Code     0  startup_stm32f429xx.o(.text)
    USART2_IRQHandler                        0x080001e3   Thumb Code     0  startup_stm32f429xx.o(.text)
    USART3_IRQHandler                        0x080001e3   Thumb Code     0  startup_stm32f429xx.o(.text)
    USART6_IRQHandler                        0x080001e3   Thumb Code     0  startup_stm32f429xx.o(.text)
    WWDG_IRQHandler                          0x080001e3   Thumb Code     0  startup_stm32f429xx.o(.text)
    __aeabi_uldivmod                         0x080001ed   Thumb Code    98  uldiv.o(.text)
    __aeabi_memcpy                           0x0800024f   Thumb Code    36  memcpya.o(.text)
    __aeabi_memcpy4                          0x0800024f   Thumb Code     0  memcpya.o(.text)
    __aeabi_memcpy8                          0x0800024f   Thumb Code     0  memcpya.o(.text)
    __aeabi_memset                           0x08000273   Thumb Code    14  memseta.o(.text)
    __aeabi_memset4                          0x08000273   Thumb Code     0  memseta.o(.text)
    __aeabi_memset8                          0x08000273   Thumb Code     0  memseta.o(.text)
    __aeabi_memclr                           0x08000281   Thumb Code     4  memseta.o(.text)
    __aeabi_memclr4                          0x08000281   Thumb Code     0  memseta.o(.text)
    __aeabi_memclr8                          0x08000281   Thumb Code     0  memseta.o(.text)
    _memset$wrapper                          0x08000285   Thumb Code    18  memseta.o(.text)
    __aeabi_llsl                             0x08000297   Thumb Code    30  llshl.o(.text)
    _ll_shift_l                              0x08000297   Thumb Code     0  llshl.o(.text)
    __aeabi_llsr                             0x080002b5   Thumb Code    32  llushr.o(.text)
    _ll_ushift_r                             0x080002b5   Thumb Code     0  llushr.o(.text)
    __scatterload                            0x080002d5   Thumb Code    28  init.o(.text)
    __scatterload_rt2                        0x080002d5   Thumb Code     0  init.o(.text)
    BSP_SD_AbortCallback                     0x080002f9   Thumb Code     2  bsp_driver_sd.o(i.BSP_SD_AbortCallback)
    BSP_SD_GetCardInfo                       0x080002fd   Thumb Code     8  bsp_driver_sd.o(i.BSP_SD_GetCardInfo)
    BSP_SD_GetCardState                      0x08000309   Thumb Code    20  bsp_driver_sd.o(i.BSP_SD_GetCardState)
    BSP_SD_Init                              0x08000321   Thumb Code    42  bsp_driver_sd.o(i.BSP_SD_Init)
    BSP_SD_IsDetected                        0x08000351   Thumb Code    14  bsp_driver_sd.o(i.BSP_SD_IsDetected)
    BSP_SD_ReadBlocks                        0x08000361   Thumb Code    26  bsp_driver_sd.o(i.BSP_SD_ReadBlocks)
    BSP_SD_ReadCpltCallback                  0x08000381   Thumb Code     2  bsp_driver_sd.o(i.BSP_SD_ReadCpltCallback)
    BSP_SD_WriteBlocks                       0x08000385   Thumb Code    26  bsp_driver_sd.o(i.BSP_SD_WriteBlocks)
    BSP_SD_WriteCpltCallback                 0x080003a5   Thumb Code     2  bsp_driver_sd.o(i.BSP_SD_WriteCpltCallback)
    BusFault_Handler                         0x080003a7   Thumb Code     2  stm32f4xx_it.o(i.BusFault_Handler)
    DMA2_Stream3_IRQHandler                  0x080003a9   Thumb Code     6  stm32f4xx_it.o(i.DMA2_Stream3_IRQHandler)
    DMA2_Stream6_IRQHandler                  0x080003b5   Thumb Code     6  stm32f4xx_it.o(i.DMA2_Stream6_IRQHandler)
    DebugMon_Handler                         0x0800043d   Thumb Code     2  stm32f4xx_it.o(i.DebugMon_Handler)
    Error_Handler                            0x0800043f   Thumb Code     2  main.o(i.Error_Handler)
    FATFS_LinkDriver                         0x080004b9   Thumb Code     6  ff_gen_drv.o(i.FATFS_LinkDriver)
    FATFS_LinkDriverEx                       0x080004c1   Thumb Code    58  ff_gen_drv.o(i.FATFS_LinkDriverEx)
    FLASH_Erase_Sector                       0x08000501   Thumb Code    80  stm32f4xx_hal_flash_ex.o(i.FLASH_Erase_Sector)
    FLASH_FlushCaches                        0x08000555   Thumb Code    80  stm32f4xx_hal_flash_ex.o(i.FLASH_FlushCaches)
    FLASH_WaitForLastOperation               0x080006f9   Thumb Code    72  stm32f4xx_hal_flash.o(i.FLASH_WaitForLastOperation)
    HAL_DMA_Abort_IT                         0x08000749   Thumb Code    36  stm32f4xx_hal_dma.o(i.HAL_DMA_Abort_IT)
    HAL_DMA_IRQHandler                       0x0800076d   Thumb Code   412  stm32f4xx_hal_dma.o(i.HAL_DMA_IRQHandler)
    HAL_DMA_Init                             0x0800090d   Thumb Code   206  stm32f4xx_hal_dma.o(i.HAL_DMA_Init)
    HAL_Delay                                0x080009e1   Thumb Code    26  interaction.o(i.HAL_Delay)
    HAL_FLASHEx_Erase                        0x08000a01   Thumb Code   146  stm32f4xx_hal_flash_ex.o(i.HAL_FLASHEx_Erase)
    HAL_FLASH_Lock                           0x08000a9d   Thumb Code    14  stm32f4xx_hal_flash.o(i.HAL_FLASH_Lock)
    HAL_FLASH_Program                        0x08000ab1   Thumb Code   116  stm32f4xx_hal_flash.o(i.HAL_FLASH_Program)
    HAL_FLASH_Unlock                         0x08000b2d   Thumb Code    32  stm32f4xx_hal_flash.o(i.HAL_FLASH_Unlock)
    HAL_GPIO_Init                            0x08000b59   Thumb Code   414  stm32f4xx_hal_gpio.o(i.HAL_GPIO_Init)
    HAL_GetTick                              0x08000d2d   Thumb Code     6  stm32f4xx_hal.o(i.HAL_GetTick)
    HAL_IncTick                              0x08000d39   Thumb Code    12  stm32f4xx_hal.o(i.HAL_IncTick)
    HAL_Init                                 0x08000d49   Thumb Code    48  stm32f4xx_hal.o(i.HAL_Init)
    HAL_InitTick                             0x08000d7d   Thumb Code    54  stm32f4xx_hal.o(i.HAL_InitTick)
    HAL_MspInit                              0x08000dbd   Thumb Code    42  stm32f4xx_hal_msp.o(i.HAL_MspInit)
    HAL_NVIC_EnableIRQ                       0x08000ded   Thumb Code    26  stm32f4xx_hal_cortex.o(i.HAL_NVIC_EnableIRQ)
    HAL_NVIC_SetPriority                     0x08000e09   Thumb Code    60  stm32f4xx_hal_cortex.o(i.HAL_NVIC_SetPriority)
    HAL_NVIC_SetPriorityGrouping             0x08000e49   Thumb Code    26  stm32f4xx_hal_cortex.o(i.HAL_NVIC_SetPriorityGrouping)
    HAL_PWREx_EnableOverDrive                0x08000e6d   Thumb Code    98  stm32f4xx_hal_pwr_ex.o(i.HAL_PWREx_EnableOverDrive)
    HAL_RCC_ClockConfig                      0x08000edd   Thumb Code   288  stm32f4xx_hal_rcc.o(i.HAL_RCC_ClockConfig)
    HAL_RCC_GetPCLK1Freq                     0x08001011   Thumb Code    20  stm32f4xx_hal_rcc.o(i.HAL_RCC_GetPCLK1Freq)
    HAL_RCC_GetPCLK2Freq                     0x08001031   Thumb Code    20  stm32f4xx_hal_rcc.o(i.HAL_RCC_GetPCLK2Freq)
    HAL_RCC_GetSysClockFreq                  0x08001051   Thumb Code    88  stm32f4xx_hal_rcc.o(i.HAL_RCC_GetSysClockFreq)
    HAL_RCC_OscConfig                        0x080010b5   Thumb Code   840  stm32f4xx_hal_rcc.o(i.HAL_RCC_OscConfig)
    HAL_SD_AbortCallback                     0x08001411   Thumb Code     8  bsp_driver_sd.o(i.HAL_SD_AbortCallback)
    HAL_SD_ConfigWideBusOperation            0x08001419   Thumb Code   238  stm32f4xx_hal_sd.o(i.HAL_SD_ConfigWideBusOperation)
    HAL_SD_ErrorCallback                     0x0800150d   Thumb Code     2  stm32f4xx_hal_sd.o(i.HAL_SD_ErrorCallback)
    HAL_SD_GetCardCSD                        0x08001511   Thumb Code   402  stm32f4xx_hal_sd.o(i.HAL_SD_GetCardCSD)
    HAL_SD_GetCardInfo                       0x080016a9   Thumb Code    36  stm32f4xx_hal_sd.o(i.HAL_SD_GetCardInfo)
    HAL_SD_GetCardState                      0x080016cd   Thumb Code    44  stm32f4xx_hal_sd.o(i.HAL_SD_GetCardState)
    HAL_SD_IRQHandler                        0x080016f9   Thumb Code   512  stm32f4xx_hal_sd.o(i.HAL_SD_IRQHandler)
    HAL_SD_Init                              0x08001901   Thumb Code    54  stm32f4xx_hal_sd.o(i.HAL_SD_Init)
    HAL_SD_InitCard                          0x08001939   Thumb Code    78  stm32f4xx_hal_sd.o(i.HAL_SD_InitCard)
    HAL_SD_MspInit                           0x0800198d   Thumb Code   300  sdio.o(i.HAL_SD_MspInit)
    HAL_SD_ReadBlocks                        0x08001ad1   Thumb Code   500  stm32f4xx_hal_sd.o(i.HAL_SD_ReadBlocks)
    HAL_SD_RxCpltCallback                    0x08001cc9   Thumb Code     8  bsp_driver_sd.o(i.HAL_SD_RxCpltCallback)
    HAL_SD_TxCpltCallback                    0x08001cd1   Thumb Code     8  bsp_driver_sd.o(i.HAL_SD_TxCpltCallback)
    HAL_SD_WriteBlocks                       0x08001cd9   Thumb Code   454  stm32f4xx_hal_sd.o(i.HAL_SD_WriteBlocks)
    HAL_SPI_Init                             0x08001ea5   Thumb Code   128  stm32f4xx_hal_spi.o(i.HAL_SPI_Init)
    HAL_SPI_MspInit                          0x08001f25   Thumb Code    94  spi.o(i.HAL_SPI_MspInit)
    HAL_SYSTICK_Config                       0x08001f91   Thumb Code    40  stm32f4xx_hal_cortex.o(i.HAL_SYSTICK_Config)
    HAL_UART_ErrorCallback                   0x08001fb9   Thumb Code     2  stm32f4xx_hal_uart.o(i.HAL_UART_ErrorCallback)
    HAL_UART_IRQHandler                      0x08001fbd   Thumb Code   270  stm32f4xx_hal_uart.o(i.HAL_UART_IRQHandler)
    HAL_UART_Init                            0x080020d1   Thumb Code    98  stm32f4xx_hal_uart.o(i.HAL_UART_Init)
    HAL_UART_MspInit                         0x08002135   Thumb Code   122  usart.o(i.HAL_UART_MspInit)
    HAL_UART_Receive                         0x080021c1   Thumb Code   190  stm32f4xx_hal_uart.o(i.HAL_UART_Receive)
    HAL_UART_RxCpltCallback                  0x0800227f   Thumb Code     2  stm32f4xx_hal_uart.o(i.HAL_UART_RxCpltCallback)
    HAL_UART_Transmit                        0x08002281   Thumb Code   186  stm32f4xx_hal_uart.o(i.HAL_UART_Transmit)
    HAL_UART_TxCpltCallback                  0x0800233b   Thumb Code     2  stm32f4xx_hal_uart.o(i.HAL_UART_TxCpltCallback)
    HardFault_Handler                        0x0800233d   Thumb Code     2  stm32f4xx_it.o(i.HardFault_Handler)
    Interaction_Usart                        0x08002405   Thumb Code    74  interaction.o(i.Interaction_Usart)
    MX_DMA_Init                              0x08002471   Thumb Code    56  dma.o(i.MX_DMA_Init)
    MX_FATFS_Init                            0x080024ad   Thumb Code    18  fatfs.o(i.MX_FATFS_Init)
    MX_GPIO_Init                             0x080024c9   Thumb Code    86  gpio.o(i.MX_GPIO_Init)
    MX_SDIO_SD_Init                          0x08002525   Thumb Code    22  sdio.o(i.MX_SDIO_SD_Init)
    MX_SPI5_Init                             0x08002545   Thumb Code    60  spi.o(i.MX_SPI5_Init)
    MX_USART1_UART_Init                      0x08002589   Thumb Code    48  usart.o(i.MX_USART1_UART_Init)
    MemManage_Handler                        0x080025c1   Thumb Code     2  stm32f4xx_it.o(i.MemManage_Handler)
    NMI_Handler                              0x080025c3   Thumb Code     2  stm32f4xx_it.o(i.NMI_Handler)
    PendSV_Handler                           0x080025c5   Thumb Code     2  stm32f4xx_it.o(i.PendSV_Handler)
    SDIO_ConfigData                          0x08002695   Thumb Code    36  stm32f4xx_ll_sdmmc.o(i.SDIO_ConfigData)
    SDIO_GetPowerState                       0x080026b9   Thumb Code     8  stm32f4xx_ll_sdmmc.o(i.SDIO_GetPowerState)
    SDIO_GetResponse                         0x080026c1   Thumb Code     6  stm32f4xx_ll_sdmmc.o(i.SDIO_GetResponse)
    SDIO_IRQHandler                          0x080026c9   Thumb Code     6  stm32f4xx_it.o(i.SDIO_IRQHandler)
    SDIO_Init                                0x080026d5   Thumb Code    36  stm32f4xx_ll_sdmmc.o(i.SDIO_Init)
    SDIO_PowerState_ON                       0x080026f9   Thumb Code    16  stm32f4xx_ll_sdmmc.o(i.SDIO_PowerState_ON)
    SDIO_ReadFIFO                            0x08002709   Thumb Code     6  stm32f4xx_ll_sdmmc.o(i.SDIO_ReadFIFO)
    SDIO_SendCommand                         0x0800270f   Thumb Code    32  stm32f4xx_ll_sdmmc.o(i.SDIO_SendCommand)
    SDIO_WriteFIFO                           0x0800272f   Thumb Code    10  stm32f4xx_ll_sdmmc.o(i.SDIO_WriteFIFO)
    SDMMC_CmdAppCommand                      0x08002739   Thumb Code    50  stm32f4xx_ll_sdmmc.o(i.SDMMC_CmdAppCommand)
    SDMMC_CmdAppOperCommand                  0x0800276d   Thumb Code    48  stm32f4xx_ll_sdmmc.o(i.SDMMC_CmdAppOperCommand)
    SDMMC_CmdBlockLength                     0x080027a1   Thumb Code    50  stm32f4xx_ll_sdmmc.o(i.SDMMC_CmdBlockLength)
    SDMMC_CmdBusWidth                        0x080027d3   Thumb Code    50  stm32f4xx_ll_sdmmc.o(i.SDMMC_CmdBusWidth)
    SDMMC_CmdGoIdleState                     0x08002805   Thumb Code    74  stm32f4xx_ll_sdmmc.o(i.SDMMC_CmdGoIdleState)
    SDMMC_CmdOperCond                        0x08002855   Thumb Code   112  stm32f4xx_ll_sdmmc.o(i.SDMMC_CmdOperCond)
    SDMMC_CmdReadMultiBlock                  0x080028c9   Thumb Code    50  stm32f4xx_ll_sdmmc.o(i.SDMMC_CmdReadMultiBlock)
    SDMMC_CmdReadSingleBlock                 0x080028fb   Thumb Code    50  stm32f4xx_ll_sdmmc.o(i.SDMMC_CmdReadSingleBlock)
    SDMMC_CmdSelDesel                        0x0800292d   Thumb Code    50  stm32f4xx_ll_sdmmc.o(i.SDMMC_CmdSelDesel)
    SDMMC_CmdSendCID                         0x0800295f   Thumb Code    44  stm32f4xx_ll_sdmmc.o(i.SDMMC_CmdSendCID)
    SDMMC_CmdSendCSD                         0x0800298b   Thumb Code    44  stm32f4xx_ll_sdmmc.o(i.SDMMC_CmdSendCSD)
    SDMMC_CmdSendSCR                         0x080029b7   Thumb Code    48  stm32f4xx_ll_sdmmc.o(i.SDMMC_CmdSendSCR)
    SDMMC_CmdSendStatus                      0x080029e7   Thumb Code    50  stm32f4xx_ll_sdmmc.o(i.SDMMC_CmdSendStatus)
    SDMMC_CmdSetRelAdd                       0x08002a19   Thumb Code    48  stm32f4xx_ll_sdmmc.o(i.SDMMC_CmdSetRelAdd)
    SDMMC_CmdStopTransfer                    0x08002a49   Thumb Code    46  stm32f4xx_ll_sdmmc.o(i.SDMMC_CmdStopTransfer)
    SDMMC_CmdWriteMultiBlock                 0x08002a7d   Thumb Code    50  stm32f4xx_ll_sdmmc.o(i.SDMMC_CmdWriteMultiBlock)
    SDMMC_CmdWriteSingleBlock                0x08002aaf   Thumb Code    50  stm32f4xx_ll_sdmmc.o(i.SDMMC_CmdWriteSingleBlock)
    SD_initialize                            0x0800303d   Thumb Code    28  sd_diskio.o(i.SD_initialize)
    SD_ioctl                                 0x0800305d   Thumb Code    76  sd_diskio.o(i.SD_ioctl)
    SD_read                                  0x080030ad   Thumb Code    38  sd_diskio.o(i.SD_read)
    SD_status                                0x080030d3   Thumb Code     4  sd_diskio.o(i.SD_status)
    SD_write                                 0x080030d9   Thumb Code    38  sd_diskio.o(i.SD_write)
    STMFLASH_GetFlashSector                  0x08003101   Thumb Code   234  stmflash.o(i.STMFLASH_GetFlashSector)
    STMFLASH_Write                           0x08003245   Thumb Code   146  stmflash.o(i.STMFLASH_Write)
    SVC_Handler                              0x080032dd   Thumb Code     2  stm32f4xx_it.o(i.SVC_Handler)
    SysTick_Handler                          0x080032df   Thumb Code     4  stm32f4xx_it.o(i.SysTick_Handler)
    SystemClock_Config                       0x080032e5   Thumb Code   126  main.o(i.SystemClock_Config)
    SystemInit                               0x0800336d   Thumb Code    22  system_stm32f4xx.o(i.SystemInit)
    USART1_IRQHandler                        0x0800363d   Thumb Code    18  stm32f4xx_it.o(i.USART1_IRQHandler)
    USER_USART1_IRQHandler                   0x08003655   Thumb Code    48  usart.o(i.USER_USART1_IRQHandler)
    UsageFault_Handler                       0x0800368d   Thumb Code     2  stm32f4xx_it.o(i.UsageFault_Handler)
    __scatterload_copy                       0x080036af   Thumb Code    14  handlers.o(i.__scatterload_copy)
    __scatterload_null                       0x080036bd   Thumb Code     2  handlers.o(i.__scatterload_null)
    __scatterload_zeroinit                   0x080036bf   Thumb Code    14  handlers.o(i.__scatterload_zeroinit)
    iap_load_app                             0x080036cd   Thumb Code    36  iap.o(i.iap_load_app)
    iap_write_appbin                         0x080036f9   Thumb Code   102  iap.o(i.iap_write_appbin)
    main                                     0x08003765   Thumb Code    38  main.o(i.main)
    SD_Driver                                0x0800378c   Data          20  sd_diskio.o(.constdata)
    AHBPrescTable                            0x080037a8   Data          16  system_stm32f4xx.o(.constdata)
    APBPrescTable                            0x080037b8   Data           8  system_stm32f4xx.o(.constdata)
    Region$$Table$$Base                      0x080037c0   Number         0  anon$$obj.o(Region$$Table)
    Region$$Table$$Limit                     0x080037e0   Number         0  anon$$obj.o(Region$$Table)
    USART_RX_CNT                             0x20000000   Data           4  usart.o(.data)
    retSD                                    0x20000005   Data           1  fatfs.o(.data)
    SDPath                                   0x20000006   Data           4  fatfs.o(.data)
    jump2app                                 0x2000000c   Data           4  iap.o(.data)
    uwTickFreq                               0x20000010   Data           1  stm32f4xx_hal.o(.data)
    uwTickPrio                               0x20000014   Data           4  stm32f4xx_hal.o(.data)
    uwTick                                   0x20000018   Data           4  stm32f4xx_hal.o(.data)
    SystemCoreClock                          0x2000001c   Data           4  system_stm32f4xx.o(.data)
    hsd                                      0x20000020   Data         132  sdio.o(.bss)
    hdma_sdio_rx                             0x200000a4   Data          96  sdio.o(.bss)
    hdma_sdio_tx                             0x20000104   Data          96  sdio.o(.bss)
    hspi5                                    0x20000164   Data          88  spi.o(.bss)
    huart1                                   0x200001bc   Data          64  usart.o(.bss)
    disk                                     0x200001fc   Data          12  ff_gen_drv.o(.bss)
    iapbuf                                   0x20000208   Data        2048  iap.o(.bss)
    pFlash                                   0x20000a08   Data          32  stm32f4xx_hal_flash.o(.bss)
    __initial_sp                             0x20000e28   Data           0  startup_stm32f429xx.o(STACK)
    USART_RX_BUF                             0x20001000   Data       184320  usart.o(.ARM.__AT_0x20001000)



==============================================================================

Memory Map of the image

  Image Entry point : 0x080001ad

  Load Region LR_IROM1 (Base: 0x08000000, Size: 0x00003800, Max: 0x00100000, ABSOLUTE)

    Execution Region ER_IROM1 (Base: 0x08000000, Size: 0x000037e0, Max: 0x00100000, ABSOLUTE)

    Base Addr    Size         Type   Attr      Idx    E Section Name        Object

    0x08000000   0x000001ac   Data   RO            3    RESET               startup_stm32f429xx.o
    0x080001ac   0x00000000   Code   RO         3878  * .ARM.Collect$$$$00000000  mc_w.l(entry.o)
    0x080001ac   0x00000004   Code   RO         3889    .ARM.Collect$$$$00000001  mc_w.l(entry2.o)
    0x080001b0   0x00000004   Code   RO         3892    .ARM.Collect$$$$00000004  mc_w.l(entry5.o)
    0x080001b4   0x00000000   Code   RO         3894    .ARM.Collect$$$$00000008  mc_w.l(entry7b.o)
    0x080001b4   0x00000000   Code   RO         3896    .ARM.Collect$$$$0000000A  mc_w.l(entry8b.o)
    0x080001b4   0x00000008   Code   RO         3897    .ARM.Collect$$$$0000000B  mc_w.l(entry9a.o)
    0x080001bc   0x00000000   Code   RO         3899    .ARM.Collect$$$$0000000D  mc_w.l(entry10a.o)
    0x080001bc   0x00000000   Code   RO         3901    .ARM.Collect$$$$0000000F  mc_w.l(entry11a.o)
    0x080001bc   0x00000004   Code   RO         3890    .ARM.Collect$$$$00002712  mc_w.l(entry2.o)
    0x080001c0   0x00000006   Code   RO         1346    .emb_text           iap.o
    0x080001c6   0x00000002   PAD
    0x080001c8   0x00000024   Code   RO            4    .text               startup_stm32f429xx.o
    0x080001ec   0x00000062   Code   RO         3881    .text               mc_w.l(uldiv.o)
    0x0800024e   0x00000024   Code   RO         3883    .text               mc_w.l(memcpya.o)
    0x08000272   0x00000024   Code   RO         3885    .text               mc_w.l(memseta.o)
    0x08000296   0x0000001e   Code   RO         3903    .text               mc_w.l(llshl.o)
    0x080002b4   0x00000020   Code   RO         3905    .text               mc_w.l(llushr.o)
    0x080002d4   0x00000024   Code   RO         3907    .text               mc_w.l(init.o)
    0x080002f8   0x00000002   Code   RO          557    i.BSP_SD_AbortCallback  bsp_driver_sd.o
    0x080002fa   0x00000002   PAD
    0x080002fc   0x0000000c   Code   RO          560    i.BSP_SD_GetCardInfo  bsp_driver_sd.o
    0x08000308   0x00000018   Code   RO          561    i.BSP_SD_GetCardState  bsp_driver_sd.o
    0x08000320   0x00000030   Code   RO          563    i.BSP_SD_Init       bsp_driver_sd.o
    0x08000350   0x0000000e   Code   RO          564    i.BSP_SD_IsDetected  bsp_driver_sd.o
    0x0800035e   0x00000002   PAD
    0x08000360   0x00000020   Code   RO          565    i.BSP_SD_ReadBlocks  bsp_driver_sd.o
    0x08000380   0x00000002   Code   RO          567    i.BSP_SD_ReadCpltCallback  bsp_driver_sd.o
    0x08000382   0x00000002   PAD
    0x08000384   0x00000020   Code   RO          568    i.BSP_SD_WriteBlocks  bsp_driver_sd.o
    0x080003a4   0x00000002   Code   RO          570    i.BSP_SD_WriteCpltCallback  bsp_driver_sd.o
    0x080003a6   0x00000002   Code   RO          433    i.BusFault_Handler  stm32f4xx_it.o
    0x080003a8   0x0000000c   Code   RO          434    i.DMA2_Stream3_IRQHandler  stm32f4xx_it.o
    0x080003b4   0x0000000c   Code   RO          435    i.DMA2_Stream6_IRQHandler  stm32f4xx_it.o
    0x080003c0   0x00000028   Code   RO         1943    i.DMA_CalcBaseAndBitshift  stm32f4xx_hal_dma.o
    0x080003e8   0x00000054   Code   RO         1944    i.DMA_CheckFifoParam  stm32f4xx_hal_dma.o
    0x0800043c   0x00000002   Code   RO          436    i.DebugMon_Handler  stm32f4xx_it.o
    0x0800043e   0x00000002   Code   RO          171    i.Error_Handler     main.o
    0x08000440   0x00000078   Code   RO           13    i.Execute_Progress  interaction.o
    0x080004b8   0x00000006   Code   RO         1163    i.FATFS_LinkDriver  ff_gen_drv.o
    0x080004be   0x00000002   PAD
    0x080004c0   0x00000040   Code   RO         1164    i.FATFS_LinkDriverEx  ff_gen_drv.o
    0x08000500   0x00000054   Code   RO         1718    i.FLASH_Erase_Sector  stm32f4xx_hal_flash_ex.o
    0x08000554   0x00000054   Code   RO         1719    i.FLASH_FlushCaches  stm32f4xx_hal_flash_ex.o
    0x080005a8   0x00000040   Code   RO         1720    i.FLASH_MassErase   stm32f4xx_hal_flash_ex.o
    0x080005e8   0x00000020   Code   RO         1600    i.FLASH_Program_Byte  stm32f4xx_hal_flash.o
    0x08000608   0x0000002c   Code   RO         1601    i.FLASH_Program_DoubleWord  stm32f4xx_hal_flash.o
    0x08000634   0x00000024   Code   RO         1602    i.FLASH_Program_HalfWord  stm32f4xx_hal_flash.o
    0x08000658   0x00000024   Code   RO         1603    i.FLASH_Program_Word  stm32f4xx_hal_flash.o
    0x0800067c   0x0000007c   Code   RO         1604    i.FLASH_SetErrorCode  stm32f4xx_hal_flash.o
    0x080006f8   0x00000050   Code   RO         1605    i.FLASH_WaitForLastOperation  stm32f4xx_hal_flash.o
    0x08000748   0x00000024   Code   RO         1947    i.HAL_DMA_Abort_IT  stm32f4xx_hal_dma.o
    0x0800076c   0x000001a0   Code   RO         1951    i.HAL_DMA_IRQHandler  stm32f4xx_hal_dma.o
    0x0800090c   0x000000d4   Code   RO         1952    i.HAL_DMA_Init      stm32f4xx_hal_dma.o
    0x080009e0   0x00000020   Code   RO           14    i.HAL_Delay         interaction.o
    0x08000a00   0x0000009c   Code   RO         1725    i.HAL_FLASHEx_Erase  stm32f4xx_hal_flash_ex.o
    0x08000a9c   0x00000014   Code   RO         1609    i.HAL_FLASH_Lock    stm32f4xx_hal_flash.o
    0x08000ab0   0x0000007c   Code   RO         1614    i.HAL_FLASH_Program  stm32f4xx_hal_flash.o
    0x08000b2c   0x0000002c   Code   RO         1616    i.HAL_FLASH_Unlock  stm32f4xx_hal_flash.o
    0x08000b58   0x000001d4   Code   RO         1839    i.HAL_GPIO_Init     stm32f4xx_hal_gpio.o
    0x08000d2c   0x0000000c   Code   RO         2391    i.HAL_GetTick       stm32f4xx_hal.o
    0x08000d38   0x00000010   Code   RO         2397    i.HAL_IncTick       stm32f4xx_hal.o
    0x08000d48   0x00000034   Code   RO         2398    i.HAL_Init          stm32f4xx_hal.o
    0x08000d7c   0x00000040   Code   RO         2399    i.HAL_InitTick      stm32f4xx_hal.o
    0x08000dbc   0x00000030   Code   RO          533    i.HAL_MspInit       stm32f4xx_hal_msp.o
    0x08000dec   0x0000001a   Code   RO         2246    i.HAL_NVIC_EnableIRQ  stm32f4xx_hal_cortex.o
    0x08000e06   0x00000002   PAD
    0x08000e08   0x00000040   Code   RO         2252    i.HAL_NVIC_SetPriority  stm32f4xx_hal_cortex.o
    0x08000e48   0x00000024   Code   RO         2253    i.HAL_NVIC_SetPriorityGrouping  stm32f4xx_hal_cortex.o
    0x08000e6c   0x00000070   Code   RO         2175    i.HAL_PWREx_EnableOverDrive  stm32f4xx_hal_pwr_ex.o
    0x08000edc   0x00000134   Code   RO         1433    i.HAL_RCC_ClockConfig  stm32f4xx_hal_rcc.o
    0x08001010   0x00000020   Code   RO         1440    i.HAL_RCC_GetPCLK1Freq  stm32f4xx_hal_rcc.o
    0x08001030   0x00000020   Code   RO         1441    i.HAL_RCC_GetPCLK2Freq  stm32f4xx_hal_rcc.o
    0x08001050   0x00000064   Code   RO         1442    i.HAL_RCC_GetSysClockFreq  stm32f4xx_hal_rcc.o
    0x080010b4   0x0000035c   Code   RO         1445    i.HAL_RCC_OscConfig  stm32f4xx_hal_rcc.o
    0x08001410   0x00000008   Code   RO          571    i.HAL_SD_AbortCallback  bsp_driver_sd.o
    0x08001418   0x000000f4   Code   RO         2913    i.HAL_SD_ConfigWideBusOperation  stm32f4xx_hal_sd.o
    0x0800150c   0x00000002   Code   RO         2916    i.HAL_SD_ErrorCallback  stm32f4xx_hal_sd.o
    0x0800150e   0x00000002   PAD
    0x08001510   0x00000198   Code   RO         2918    i.HAL_SD_GetCardCSD  stm32f4xx_hal_sd.o
    0x080016a8   0x00000024   Code   RO         2919    i.HAL_SD_GetCardInfo  stm32f4xx_hal_sd.o
    0x080016cc   0x0000002c   Code   RO         2920    i.HAL_SD_GetCardState  stm32f4xx_hal_sd.o
    0x080016f8   0x00000208   Code   RO         2924    i.HAL_SD_IRQHandler  stm32f4xx_hal_sd.o
    0x08001900   0x00000036   Code   RO         2925    i.HAL_SD_Init       stm32f4xx_hal_sd.o
    0x08001936   0x00000002   PAD
    0x08001938   0x00000054   Code   RO         2926    i.HAL_SD_InitCard   stm32f4xx_hal_sd.o
    0x0800198c   0x00000144   Code   RO          299    i.HAL_SD_MspInit    sdio.o
    0x08001ad0   0x000001f8   Code   RO         2929    i.HAL_SD_ReadBlocks  stm32f4xx_hal_sd.o
    0x08001cc8   0x00000008   Code   RO          572    i.HAL_SD_RxCpltCallback  bsp_driver_sd.o
    0x08001cd0   0x00000008   Code   RO          573    i.HAL_SD_TxCpltCallback  bsp_driver_sd.o
    0x08001cd8   0x000001cc   Code   RO         2934    i.HAL_SD_WriteBlocks  stm32f4xx_hal_sd.o
    0x08001ea4   0x00000080   Code   RO         3146    i.HAL_SPI_Init      stm32f4xx_hal_spi.o
    0x08001f24   0x0000006c   Code   RO          341    i.HAL_SPI_MspInit   spi.o
    0x08001f90   0x00000028   Code   RO         2257    i.HAL_SYSTICK_Config  stm32f4xx_hal_cortex.o
    0x08001fb8   0x00000002   Code   RO         3514    i.HAL_UART_ErrorCallback  stm32f4xx_hal_uart.o
    0x08001fba   0x00000002   PAD
    0x08001fbc   0x00000114   Code   RO         3517    i.HAL_UART_IRQHandler  stm32f4xx_hal_uart.o
    0x080020d0   0x00000062   Code   RO         3518    i.HAL_UART_Init     stm32f4xx_hal_uart.o
    0x08002132   0x00000002   PAD
    0x08002134   0x0000008c   Code   RO          383    i.HAL_UART_MspInit  usart.o
    0x080021c0   0x000000be   Code   RO         3521    i.HAL_UART_Receive  stm32f4xx_hal_uart.o
    0x0800227e   0x00000002   Code   RO         3524    i.HAL_UART_RxCpltCallback  stm32f4xx_hal_uart.o
    0x08002280   0x000000ba   Code   RO         3526    i.HAL_UART_Transmit  stm32f4xx_hal_uart.o
    0x0800233a   0x00000002   Code   RO         3529    i.HAL_UART_TxCpltCallback  stm32f4xx_hal_uart.o
    0x0800233c   0x00000002   Code   RO          437    i.HardFault_Handler  stm32f4xx_it.o
    0x0800233e   0x00000002   PAD
    0x08002340   0x000000c4   Code   RO           15    i.Inquiry_Usart     interaction.o
    0x08002404   0x0000006c   Code   RO           16    i.Interaction_Usart  interaction.o
    0x08002470   0x0000003c   Code   RO          274    i.MX_DMA_Init       dma.o
    0x080024ac   0x0000001c   Code   RO          738    i.MX_FATFS_Init     fatfs.o
    0x080024c8   0x0000005c   Code   RO          250    i.MX_GPIO_Init      gpio.o
    0x08002524   0x00000020   Code   RO          300    i.MX_SDIO_SD_Init   sdio.o
    0x08002544   0x00000044   Code   RO          342    i.MX_SPI5_Init      spi.o
    0x08002588   0x00000038   Code   RO          384    i.MX_USART1_UART_Init  usart.o
    0x080025c0   0x00000002   Code   RO          438    i.MemManage_Handler  stm32f4xx_it.o
    0x080025c2   0x00000002   Code   RO          439    i.NMI_Handler       stm32f4xx_it.o
    0x080025c4   0x00000002   Code   RO          440    i.PendSV_Handler    stm32f4xx_it.o
    0x080025c6   0x00000002   PAD
    0x080025c8   0x000000cc   Code   RO           17    i.Progress_Receive  interaction.o
    0x08002694   0x00000024   Code   RO         2646    i.SDIO_ConfigData   stm32f4xx_ll_sdmmc.o
    0x080026b8   0x00000008   Code   RO         2650    i.SDIO_GetPowerState  stm32f4xx_ll_sdmmc.o
    0x080026c0   0x00000006   Code   RO         2651    i.SDIO_GetResponse  stm32f4xx_ll_sdmmc.o
    0x080026c6   0x00000002   PAD
    0x080026c8   0x0000000c   Code   RO          441    i.SDIO_IRQHandler   stm32f4xx_it.o
    0x080026d4   0x00000024   Code   RO         2652    i.SDIO_Init         stm32f4xx_ll_sdmmc.o
    0x080026f8   0x00000010   Code   RO         2654    i.SDIO_PowerState_ON  stm32f4xx_ll_sdmmc.o
    0x08002708   0x00000006   Code   RO         2655    i.SDIO_ReadFIFO     stm32f4xx_ll_sdmmc.o
    0x0800270e   0x00000020   Code   RO         2656    i.SDIO_SendCommand  stm32f4xx_ll_sdmmc.o
    0x0800272e   0x0000000a   Code   RO         2658    i.SDIO_WriteFIFO    stm32f4xx_ll_sdmmc.o
    0x08002738   0x00000032   Code   RO         2659    i.SDMMC_CmdAppCommand  stm32f4xx_ll_sdmmc.o
    0x0800276a   0x00000002   PAD
    0x0800276c   0x00000034   Code   RO         2660    i.SDMMC_CmdAppOperCommand  stm32f4xx_ll_sdmmc.o
    0x080027a0   0x00000032   Code   RO         2661    i.SDMMC_CmdBlockLength  stm32f4xx_ll_sdmmc.o
    0x080027d2   0x00000032   Code   RO         2662    i.SDMMC_CmdBusWidth  stm32f4xx_ll_sdmmc.o
    0x08002804   0x00000050   Code   RO         2666    i.SDMMC_CmdGoIdleState  stm32f4xx_ll_sdmmc.o
    0x08002854   0x00000074   Code   RO         2668    i.SDMMC_CmdOperCond  stm32f4xx_ll_sdmmc.o
    0x080028c8   0x00000032   Code   RO         2669    i.SDMMC_CmdReadMultiBlock  stm32f4xx_ll_sdmmc.o
    0x080028fa   0x00000032   Code   RO         2670    i.SDMMC_CmdReadSingleBlock  stm32f4xx_ll_sdmmc.o
    0x0800292c   0x00000032   Code   RO         2673    i.SDMMC_CmdSelDesel  stm32f4xx_ll_sdmmc.o
    0x0800295e   0x0000002c   Code   RO         2674    i.SDMMC_CmdSendCID  stm32f4xx_ll_sdmmc.o
    0x0800298a   0x0000002c   Code   RO         2675    i.SDMMC_CmdSendCSD  stm32f4xx_ll_sdmmc.o
    0x080029b6   0x00000030   Code   RO         2676    i.SDMMC_CmdSendSCR  stm32f4xx_ll_sdmmc.o
    0x080029e6   0x00000032   Code   RO         2677    i.SDMMC_CmdSendStatus  stm32f4xx_ll_sdmmc.o
    0x08002a18   0x00000030   Code   RO         2678    i.SDMMC_CmdSetRelAdd  stm32f4xx_ll_sdmmc.o
    0x08002a48   0x00000034   Code   RO         2680    i.SDMMC_CmdStopTransfer  stm32f4xx_ll_sdmmc.o
    0x08002a7c   0x00000032   Code   RO         2682    i.SDMMC_CmdWriteMultiBlock  stm32f4xx_ll_sdmmc.o
    0x08002aae   0x00000032   Code   RO         2683    i.SDMMC_CmdWriteSingleBlock  stm32f4xx_ll_sdmmc.o
    0x08002ae0   0x00000120   Code   RO         2684    i.SDMMC_GetCmdResp1  stm32f4xx_ll_sdmmc.o
    0x08002c00   0x00000050   Code   RO         2685    i.SDMMC_GetCmdResp2  stm32f4xx_ll_sdmmc.o
    0x08002c50   0x00000044   Code   RO         2686    i.SDMMC_GetCmdResp3  stm32f4xx_ll_sdmmc.o
    0x08002c94   0x00000088   Code   RO         2687    i.SDMMC_GetCmdResp6  stm32f4xx_ll_sdmmc.o
    0x08002d1c   0x00000020   Code   RO          678    i.SD_CheckStatus    sd_diskio.o
    0x08002d3c   0x00000044   Code   RO         2939    i.SD_DMARxAbort     stm32f4xx_hal_sd.o
    0x08002d80   0x00000044   Code   RO         2941    i.SD_DMATxAbort     stm32f4xx_hal_sd.o
    0x08002dc4   0x000000d4   Code   RO         2942    i.SD_FindSCR        stm32f4xx_hal_sd.o
    0x08002e98   0x000000ee   Code   RO         2943    i.SD_InitCard       stm32f4xx_hal_sd.o
    0x08002f86   0x00000002   PAD
    0x08002f88   0x000000b4   Code   RO         2944    i.SD_PowerON        stm32f4xx_hal_sd.o
    0x0800303c   0x00000020   Code   RO          679    i.SD_initialize     sd_diskio.o
    0x0800305c   0x00000050   Code   RO          680    i.SD_ioctl          sd_diskio.o
    0x080030ac   0x00000026   Code   RO          681    i.SD_read           sd_diskio.o
    0x080030d2   0x00000004   Code   RO          682    i.SD_status         sd_diskio.o
    0x080030d6   0x00000002   PAD
    0x080030d8   0x00000026   Code   RO          683    i.SD_write          sd_diskio.o
    0x080030fe   0x00000002   PAD
    0x08003100   0x00000144   Code   RO         1384    i.STMFLASH_GetFlashSector  stmflash.o
    0x08003244   0x00000098   Code   RO         1387    i.STMFLASH_Write    stmflash.o
    0x080032dc   0x00000002   Code   RO          442    i.SVC_Handler       stm32f4xx_it.o
    0x080032de   0x00000004   Code   RO          443    i.SysTick_Handler   stm32f4xx_it.o
    0x080032e2   0x00000002   PAD
    0x080032e4   0x00000088   Code   RO          172    i.SystemClock_Config  main.o
    0x0800336c   0x0000001c   Code   RO         3820    i.SystemInit        system_stm32f4xx.o
    0x08003388   0x00000010   Code   RO         3531    i.UART_DMAAbortOnError  stm32f4xx_hal_uart.o
    0x08003398   0x0000001c   Code   RO         3541    i.UART_EndRxTransfer  stm32f4xx_hal_uart.o
    0x080033b4   0x00000096   Code   RO         3543    i.UART_Receive_IT   stm32f4xx_hal_uart.o
    0x0800344a   0x00000002   PAD
    0x0800344c   0x00000128   Code   RO         3544    i.UART_SetConfig    stm32f4xx_hal_uart.o
    0x08003574   0x00000062   Code   RO         3545    i.UART_Transmit_IT  stm32f4xx_hal_uart.o
    0x080035d6   0x00000064   Code   RO         3546    i.UART_WaitOnFlagUntilTimeout  stm32f4xx_hal_uart.o
    0x0800363a   0x00000002   PAD
    0x0800363c   0x00000018   Code   RO          444    i.USART1_IRQHandler  stm32f4xx_it.o
    0x08003654   0x00000038   Code   RO          385    i.USER_USART1_IRQHandler  usart.o
    0x0800368c   0x00000002   Code   RO          445    i.UsageFault_Handler  stm32f4xx_it.o
    0x0800368e   0x00000020   Code   RO         2259    i.__NVIC_SetPriority  stm32f4xx_hal_cortex.o
    0x080036ae   0x0000000e   Code   RO         3911    i.__scatterload_copy  mc_w.l(handlers.o)
    0x080036bc   0x00000002   Code   RO         3912    i.__scatterload_null  mc_w.l(handlers.o)
    0x080036be   0x0000000e   Code   RO         3913    i.__scatterload_zeroinit  mc_w.l(handlers.o)
    0x080036cc   0x0000002c   Code   RO         1347    i.iap_load_app      iap.o
    0x080036f8   0x0000006c   Code   RO         1348    i.iap_write_appbin  iap.o
    0x08003764   0x00000026   Code   RO          173    i.main              main.o
    0x0800378a   0x00000002   PAD
    0x0800378c   0x00000014   Data   RO          684    .constdata          sd_diskio.o
    0x080037a0   0x00000008   Data   RO         1958    .constdata          stm32f4xx_hal_dma.o
    0x080037a8   0x00000010   Data   RO         3821    .constdata          system_stm32f4xx.o
    0x080037b8   0x00000008   Data   RO         3822    .constdata          system_stm32f4xx.o
    0x080037c0   0x00000020   Data   RO         3909    Region$$Table       anon$$obj.o


    Execution Region RW_IRAM2 (Base: 0x10000000, Size: 0x00000000, Max: 0x00010000, ABSOLUTE)

    **** No section assigned to this execution region ****


    Execution Region RW_IRAM1 (Base: 0x20000000, Size: 0x0002e000, Max: 0x00030000, ABSOLUTE)

    Base Addr    Size         Type   Attr      Idx    E Section Name        Object

    0x20000000   0x00000004   Data   RW          389    .data               usart.o
    0x20000004   0x00000001   Data   RW          685    .data               sd_diskio.o
    0x20000005   0x00000005   Data   RW          742    .data               fatfs.o
    0x2000000a   0x00000002   PAD
    0x2000000c   0x00000004   Data   RW         1350    .data               iap.o
    0x20000010   0x0000000c   Data   RW         2405    .data               stm32f4xx_hal.o
    0x2000001c   0x00000004   Data   RW         3823    .data               system_stm32f4xx.o
    0x20000020   0x00000144   Zero   RW          301    .bss                sdio.o
    0x20000164   0x00000058   Zero   RW          343    .bss                spi.o
    0x200001bc   0x00000040   Zero   RW          387    .bss                usart.o
    0x200001fc   0x0000000c   Zero   RW         1167    .bss                ff_gen_drv.o
    0x20000208   0x00000800   Zero   RW         1349    .bss                iap.o
    0x20000a08   0x00000020   Zero   RW         1617    .bss                stm32f4xx_hal_flash.o
    0x20000a28   0x00000400   Zero   RW            1    STACK               startup_stm32f429xx.o
    0x20000e28   0x000001d8   PAD
    0x20001000   0x0002d000   Zero   RW          386    .ARM.__AT_0x20001000  usart.o


==============================================================================

Image component sizes


      Code (inc. data)   RO Data    RW Data    ZI Data      Debug   Object Name

       192         26          0          0          0       7303   bsp_driver_sd.o
        60          4          0          0          0        814   dma.o
        28         10          0          5          0       1098   fatfs.o
        70          6          0          0         12       1679   ff_gen_drv.o
        92          6          0          0          0        939   gpio.o
       158         14          0          4       2048       2508   iap.o
       660        280          0          0          0     761660   interaction.o
       176         10          0          0          0       6540   main.o
       224         14         20          1          0       4652   sd_diskio.o
       356         34          0          0        324       1927   sdio.o
       176         22          0          0         88       1749   spi.o
        36          8        428          0       1024        852   startup_stm32f429xx.o
       144         24          0         12          0       9033   stm32f4xx_hal.o
       198         14          0          0          0      34043   stm32f4xx_hal_cortex.o
       788         16          8          0          0       4819   stm32f4xx_hal_dma.o
       540         66          0          0         32       6782   stm32f4xx_hal_flash.o
       388         24          0          0          0       4454   stm32f4xx_hal_flash_ex.o
       468         54          0          0          0       1784   stm32f4xx_hal_gpio.o
        48          6          0          0          0        886   stm32f4xx_hal_msp.o
       112         14          0          0          0       1320   stm32f4xx_hal_pwr_ex.o
      1332         76          0          0          0       5324   stm32f4xx_hal_rcc.o
      3122         42          0          0          0      16079   stm32f4xx_hal_sd.o
       128          0          0          0          0       1195   stm32f4xx_hal_spi.o
      1444         16          0          0          0      10902   stm32f4xx_hal_uart.o
        80         24          0          0          0       6308   stm32f4xx_it.o
      1656         46          0          0          0      23495   stm32f4xx_ll_sdmmc.o
       476         96          0          0          0       2719   stmflash.o
        28          6         24          4          0       1203   system_stm32f4xx.o
       252         34          0          4     184384       2510   usart.o

    ----------------------------------------------------------------------
     13474        992        512         32     188384     924577   Object Totals
         0          0         32          0          0          0   (incl. Generated)
        42          0          0          2        472          0   (incl. Padding)

    ----------------------------------------------------------------------

      Code (inc. data)   RO Data    RW Data    ZI Data      Debug   Library Member Name

         0          0          0          0          0          0   entry.o
         0          0          0          0          0          0   entry10a.o
         0          0          0          0          0          0   entry11a.o
         8          4          0          0          0          0   entry2.o
         4          0          0          0          0          0   entry5.o
         0          0          0          0          0          0   entry7b.o
         0          0          0          0          0          0   entry8b.o
         8          4          0          0          0          0   entry9a.o
        30          0          0          0          0          0   handlers.o
        36          8          0          0          0         68   init.o
        30          0          0          0          0         68   llshl.o
        32          0          0          0          0         68   llushr.o
        36          0          0          0          0         68   memcpya.o
        36          0          0          0          0        108   memseta.o
        98          0          0          0          0         92   uldiv.o

    ----------------------------------------------------------------------
       318         16          0          0          0        472   Library Totals
         0          0          0          0          0          0   (incl. Padding)

    ----------------------------------------------------------------------

      Code (inc. data)   RO Data    RW Data    ZI Data      Debug   Library Name

       318         16          0          0          0        472   mc_w.l

    ----------------------------------------------------------------------
       318         16          0          0          0        472   Library Totals

    ----------------------------------------------------------------------

==============================================================================


      Code (inc. data)   RO Data    RW Data    ZI Data      Debug   

     13792       1008        512         32     188384     910897   Grand Totals
     13792       1008        512         32     188384     910897   ELF Image Totals
     13792       1008        512         32          0          0   ROM Totals

==============================================================================

    Total RO  Size (Code + RO Data)                14304 (  13.97kB)
    Total RW  Size (RW Data + ZI Data)            188416 ( 184.00kB)
    Total ROM Size (Code + RO Data + RW Data)      14336 (  14.00kB)

==============================================================================

