Component: ARM Compiler 5.06 update 3 (build 300) Tool: armlink [4d35c9]

==============================================================================

Section Cross References

    startup_stm32f429xx.o(RESET) refers to startup_stm32f429xx.o(STACK) for __initial_sp
    startup_stm32f429xx.o(RESET) refers to startup_stm32f429xx.o(.text) for Reset_Handler
    startup_stm32f429xx.o(RESET) refers to stm32f4xx_it.o(i.NMI_Handler) for NMI_Handler
    startup_stm32f429xx.o(RESET) refers to stm32f4xx_it.o(i.HardFault_Handler) for HardFault_Handler
    startup_stm32f429xx.o(RESET) refers to stm32f4xx_it.o(i.MemManage_Handler) for MemManage_Handler
    startup_stm32f429xx.o(RESET) refers to stm32f4xx_it.o(i.BusFault_Handler) for BusFault_Handler
    startup_stm32f429xx.o(RESET) refers to stm32f4xx_it.o(i.UsageFault_Handler) for UsageFault_Handler
    startup_stm32f429xx.o(RESET) refers to stm32f4xx_it.o(i.SVC_Handler) for SVC_Handler
    startup_stm32f429xx.o(RESET) refers to stm32f4xx_it.o(i.DebugMon_Handler) for DebugMon_Handler
    startup_stm32f429xx.o(RESET) refers to stm32f4xx_it.o(i.PendSV_Handler) for PendSV_Handler
    startup_stm32f429xx.o(RESET) refers to stm32f4xx_it.o(i.SysTick_Handler) for SysTick_Handler
    startup_stm32f429xx.o(RESET) refers to stm32f4xx_it.o(i.USART1_IRQHandler) for USART1_IRQHandler
    startup_stm32f429xx.o(RESET) refers to stm32f4xx_it.o(i.SDIO_IRQHandler) for SDIO_IRQHandler
    startup_stm32f429xx.o(RESET) refers to stm32f4xx_it.o(i.DMA2_Stream3_IRQHandler) for DMA2_Stream3_IRQHandler
    startup_stm32f429xx.o(RESET) refers to stm32f4xx_it.o(i.DMA2_Stream6_IRQHandler) for DMA2_Stream6_IRQHandler
    startup_stm32f429xx.o(.text) refers to system_stm32f4xx.o(i.SystemInit) for SystemInit
    startup_stm32f429xx.o(.text) refers to entry.o(.ARM.Collect$$$$00000000) for __main
    interaction.o(i.Inquiry) refers to memcpya.o(.text) for __aeabi_memcpy4
    interaction.o(i.Inquiry) refers to stm32f4xx_hal_uart.o(i.HAL_UART_Transmit) for HAL_UART_Transmit
    interaction.o(i.Inquiry) refers to iap.o(i.HAL_Delay) for HAL_Delay
    interaction.o(i.Inquiry) refers to usart.o(.bss) for huart1
    interaction.o(i.Inquiry) refers to usart.o(.data) for USART_RX_CNT
    interaction.o(i.Inquiry) refers to iap.o(.ARM.__AT_0x20001000) for Progress_Buff
    interaction.o(i.Interaction) refers to interaction.o(i.Inquiry) for Inquiry
    interaction.o(i.Interaction) refers to flash_iap.o(i.Flash_Interaction) for Flash_Interaction
    main.o(i.SystemClock_Config) refers to memseta.o(.text) for __aeabi_memclr4
    main.o(i.SystemClock_Config) refers to stm32f4xx_hal_rcc.o(i.HAL_RCC_OscConfig) for HAL_RCC_OscConfig
    main.o(i.SystemClock_Config) refers to stm32f4xx_hal_pwr_ex.o(i.HAL_PWREx_EnableOverDrive) for HAL_PWREx_EnableOverDrive
    main.o(i.SystemClock_Config) refers to stm32f4xx_hal_rcc.o(i.HAL_RCC_ClockConfig) for HAL_RCC_ClockConfig
    main.o(i.main) refers to stm32f4xx_hal.o(i.HAL_Init) for HAL_Init
    main.o(i.main) refers to main.o(i.SystemClock_Config) for SystemClock_Config
    main.o(i.main) refers to gpio.o(i.MX_GPIO_Init) for MX_GPIO_Init
    main.o(i.main) refers to dma.o(i.MX_DMA_Init) for MX_DMA_Init
    main.o(i.main) refers to usart.o(i.MX_USART1_UART_Init) for MX_USART1_UART_Init
    main.o(i.main) refers to sdio.o(i.MX_SDIO_SD_Init) for MX_SDIO_SD_Init
    main.o(i.main) refers to fatfs.o(i.MX_FATFS_Init) for MX_FATFS_Init
    main.o(i.main) refers to spi.o(i.MX_SPI5_Init) for MX_SPI5_Init
    main.o(i.main) refers to interaction.o(i.Interaction) for Interaction
    dma.o(i.MX_DMA_Init) refers to stm32f4xx_hal_cortex.o(i.HAL_NVIC_SetPriority) for HAL_NVIC_SetPriority
    dma.o(i.MX_DMA_Init) refers to stm32f4xx_hal_cortex.o(i.HAL_NVIC_EnableIRQ) for HAL_NVIC_EnableIRQ
    sdio.o(i.HAL_SD_MspDeInit) refers to stm32f4xx_hal_gpio.o(i.HAL_GPIO_DeInit) for HAL_GPIO_DeInit
    sdio.o(i.HAL_SD_MspDeInit) refers to stm32f4xx_hal_dma.o(i.HAL_DMA_DeInit) for HAL_DMA_DeInit
    sdio.o(i.HAL_SD_MspDeInit) refers to stm32f4xx_hal_cortex.o(i.HAL_NVIC_DisableIRQ) for HAL_NVIC_DisableIRQ
    sdio.o(i.HAL_SD_MspInit) refers to memseta.o(.text) for __aeabi_memclr4
    sdio.o(i.HAL_SD_MspInit) refers to stm32f4xx_hal_gpio.o(i.HAL_GPIO_Init) for HAL_GPIO_Init
    sdio.o(i.HAL_SD_MspInit) refers to stm32f4xx_hal_dma.o(i.HAL_DMA_Init) for HAL_DMA_Init
    sdio.o(i.HAL_SD_MspInit) refers to main.o(i.Error_Handler) for Error_Handler
    sdio.o(i.HAL_SD_MspInit) refers to stm32f4xx_hal_cortex.o(i.HAL_NVIC_SetPriority) for HAL_NVIC_SetPriority
    sdio.o(i.HAL_SD_MspInit) refers to stm32f4xx_hal_cortex.o(i.HAL_NVIC_EnableIRQ) for HAL_NVIC_EnableIRQ
    sdio.o(i.HAL_SD_MspInit) refers to sdio.o(.bss) for .bss
    sdio.o(i.MX_SDIO_SD_Init) refers to sdio.o(.bss) for .bss
    spi.o(i.HAL_SPI_MspDeInit) refers to stm32f4xx_hal_gpio.o(i.HAL_GPIO_DeInit) for HAL_GPIO_DeInit
    spi.o(i.HAL_SPI_MspInit) refers to memseta.o(.text) for __aeabi_memclr4
[...]
    ..\Drivers\STM32F4xx_HAL_Driver\Src\stm32f4xx_hal_rcc_ex.c 0x00000000   Number         0  stm32f4xx_hal_rcc_ex.o ABSOLUTE
    ..\Drivers\STM32F4xx_HAL_Driver\Src\stm32f4xx_hal_sd.c 0x00000000   Number         0  stm32f4xx_hal_sd.o ABSOLUTE
    ..\Drivers\STM32F4xx_HAL_Driver\Src\stm32f4xx_hal_spi.c 0x00000000   Number         0  stm32f4xx_hal_spi.o ABSOLUTE
    ..\Drivers\STM32F4xx_HAL_Driver\Src\stm32f4xx_hal_tim.c 0x00000000   Number         0  stm32f4xx_hal_tim.o ABSOLUTE
    ..\Drivers\STM32F4xx_HAL_Driver\Src\stm32f4xx_hal_tim_ex.c 0x00000000   Number         0  stm32f4xx_hal_tim_ex.o ABSOLUTE
    ..\Drivers\STM32F4xx_HAL_Driver\Src\stm32f4xx_hal_uart.c 0x00000000   Number         0  stm32f4xx_hal_uart.o ABSOLUTE
    ..\Drivers\STM32F4xx_HAL_Driver\Src\stm32f4xx_ll_sdmmc.c 0x00000000   Number         0  stm32f4xx_ll_sdmmc.o ABSOLUTE
    ..\FATFS\App\fatfs.c                     0x00000000   Number         0  fatfs.o ABSOLUTE
    ..\FATFS\Target\bsp_driver_sd.c          0x00000000   Number         0  bsp_driver_sd.o ABSOLUTE
    ..\FATFS\Target\sd_diskio.c              0x00000000   Number         0  sd_diskio.o ABSOLUTE
    ..\Middlewares\Third_Party\FatFs\src\diskio.c 0x00000000   Number         0  diskio.o ABSOLUTE
    ..\Middlewares\Third_Party\FatFs\src\ff.c 0x00000000   Number         0  ff.o ABSOLUTE
    ..\Middlewares\Third_Party\FatFs\src\ff_gen_drv.c 0x00000000   Number         0  ff_gen_drv.o ABSOLUTE
    ..\Middlewares\Third_Party\FatFs\src\option\syscall.c 0x00000000   Number         0  syscall.o ABSOLUTE
    ..\USER\Application\interaction.c        0x00000000   Number         0  interaction.o ABSOLUTE
    ..\USER\Driver\SPI\driver_spi.c          0x00000000   Number         0  driver_spi.o ABSOLUTE
    ..\USER\Middlewares\FLASH\flash.c        0x00000000   Number         0  flash.o ABSOLUTE
    ..\USER\Middlewares\IAP\flash_iap.c      0x00000000   Number         0  flash_iap.o ABSOLUTE
    ..\USER\Middlewares\IAP\iap.c            0x00000000   Number         0  iap.o ABSOLUTE
    ..\USER\Middlewares\IAP\sdcard_iap.c     0x00000000   Number         0  sdcard_iap.o ABSOLUTE
    ..\USER\Middlewares\IAP\usart_iap.c      0x00000000   Number         0  usart_iap.o ABSOLUTE
    ..\USER\Middlewares\STM_FLASH\stmflash.c 0x00000000   Number         0  stmflash.o ABSOLUTE
    ..\\USER\\Application\\interaction.c     0x00000000   Number         0  interaction.o ABSOLUTE
    ..\\USER\\Driver\\SPI\\driver_spi.c      0x00000000   Number         0  driver_spi.o ABSOLUTE
    ..\\USER\\Middlewares\\FLASH\\flash.c    0x00000000   Number         0  flash.o ABSOLUTE
    ..\\USER\\Middlewares\\IAP\\flash_iap.c  0x00000000   Number         0  flash_iap.o ABSOLUTE
    ..\\USER\\Middlewares\\IAP\\iap.c        0x00000000   Number         0  iap.o ABSOLUTE
    ..\\USER\\Middlewares\\IAP\\sdcard_iap.c 0x00000000   Number         0  sdcard_iap.o ABSOLUTE
    ..\\USER\\Middlewares\\IAP\\usart_iap.c  0x00000000   Number         0  usart_iap.o ABSOLUTE
    ..\\USER\\Middlewares\\STM_FLASH\\stmflash.c 0x00000000   Number         0  stmflash.o ABSOLUTE
    cdrcmple.s                               0x00000000   Number         0  cdrcmple.o ABSOLUTE
    dc.s                                     0x00000000   Number         0  dc.o ABSOLUTE
    handlers.s                               0x00000000   Number         0  handlers.o ABSOLUTE
    init.s                                   0x00000000   Number         0  init.o ABSOLUTE
    startup_stm32f429xx.s                    0x00000000   Number         0  startup_stm32f429xx.o ABSOLUTE
    RESET                                    0x08000000   Section      428  startup_stm32f429xx.o(RESET)
    .ARM.Collect$$$$00000000                 0x080001ac   Section        0  entry.o(.ARM.Collect$$$$00000000)
    .ARM.Collect$$$$00000001                 0x080001ac   Section        4  entry2.o(.ARM.Collect$$$$00000001)
    .ARM.Collect$$$$00000004                 0x080001b0   Section        4  entry5.o(.ARM.Collect$$$$00000004)
    .ARM.Collect$$$$00000008                 0x080001b4   Section        0  entry7b.o(.ARM.Collect$$$$00000008)
    .ARM.Collect$$$$0000000A                 0x080001b4   Section        0  entry8b.o(.ARM.Collect$$$$0000000A)
    .ARM.Collect$$$$0000000B                 0x080001b4   Section        8  entry9a.o(.ARM.Collect$$$$0000000B)
    .ARM.Collect$$$$0000000D                 0x080001bc   Section        0  entry10a.o(.ARM.Collect$$$$0000000D)
    .ARM.Collect$$$$0000000F                 0x080001bc   Section        0  entry11a.o(.ARM.Collect$$$$0000000F)
    .ARM.Collect$$$$00002712                 0x080001bc   Section        4  entry2.o(.ARM.Collect$$$$00002712)
    __lit__00000000                          0x080001bc   Data           4  entry2.o(.ARM.Collect$$$$00002712)
    .emb_text                                0x080001c0   Section        6  iap.o(.emb_text)
    $v0                                      0x080001c0   Number         0  iap.o(.emb_text)
    .text                                    0x080001c8   Section       36  startup_stm32f429xx.o(.text)
    $v0                                      0x080001c8   Number         0  startup_stm32f429xx.o(.text)
    .text                                    0x080001ec   Section        0  uldiv.o(.text)
    .text                                    0x0800024e   Section        0  memcpya.o(.text)
    .text                                    0x08000272   Section        0  memseta.o(.text)
    .text                                    0x08000296   Section        0  uidiv.o(.text)
    .text                                    0x080002c2   Section        0  llshl.o(.text)
    .text                                    0x080002e0   Section        0  llushr.o(.text)
    .text                                    0x08000300   Section       36  init.o(.text)
    i.BSP_SD_AbortCallback                   0x08000324   Section        0  bsp_driver_sd.o(i.BSP_SD_AbortCallback)
    i.BSP_SD_GetCardInfo                     0x08000328   Section        0  bsp_driver_sd.o(i.BSP_SD_GetCardInfo)
    i.BSP_SD_GetCardState                    0x08000334   Section        0  bsp_driver_sd.o(i.BSP_SD_GetCardState)
    i.BSP_SD_Init                            0x0800034c   Section        0  bsp_driver_sd.o(i.BSP_SD_Init)
    i.BSP_SD_IsDetected                      0x0800037c   Section        0  bsp_driver_sd.o(i.BSP_SD_IsDetected)
    i.BSP_SD_ReadBlocks                      0x0800038c   Section        0  bsp_driver_sd.o(i.BSP_SD_ReadBlocks)
    i.BSP_SD_ReadCpltCallback                0x080003ac   Section        0  bsp_driver_sd.o(i.BSP_SD_ReadCpltCallback)
    i.BSP_SD_WriteBlocks                     0x080003b0   Section        0  bsp_driver_sd.o(i.BSP_SD_WriteBlocks)
    i.BSP_SD_WriteCpltCallback               0x080003d0   Section        0  bsp_driver_sd.o(i.BSP_SD_WriteCpltCallback)
    i.BusFault_Handler                       0x080003d2   Section        0  stm32f4xx_it.o(i.BusFault_Handler)
    i.Choose_Pro                             0x080003d4   Section        0  flash_iap.o(i.Choose_Pro)
    Choose_Pro                               0x080003d5   Thumb Code   124  flash_iap.o(i.Choose_Pro)
    i.Clear_Buff                             0x08000494   Section        0  flash_iap.o(i.Clear_Buff)
    Clear_Buff                               0x08000495   Thumb Code    24  flash_iap.o(i.Clear_Buff)
    i.DMA2_Stream3_IRQHandler                0x080004b4   Section        0  stm32f4xx_it.o(i.DMA2_Stream3_IRQHandler)
    i.DMA2_Stream6_IRQHandler                0x080004c0   Section        0  stm32f4xx_it.o(i.DMA2_Stream6_IRQHandler)
    i.DMA_CalcBaseAndBitshift                0x080004cc   Section        0  stm32f4xx_hal_dma.o(i.DMA_CalcBaseAndBitshift)
    DMA_CalcBaseAndBitshift                  0x080004cd   Thumb Code    34  stm32f4xx_hal_dma.o(i.DMA_CalcBaseAndBitshift)
    i.DMA_CheckFifoParam                     0x080004f4   Section        0  stm32f4xx_hal_dma.o(i.DMA_CheckFifoParam)
    DMA_CheckFifoParam                       0x080004f5   Thumb Code    84  stm32f4xx_hal_dma.o(i.DMA_CheckFifoParam)
    i.DebugMon_Handler                       0x08000548   Section        0  stm32f4xx_it.o(i.DebugMon_Handler)
    i.Error_Handler                          0x0800054a   Section        0  main.o(i.Error_Handler)
    i.FATFS_LinkDriver                       0x0800054c   Section        0  ff_gen_drv.o(i.FATFS_LinkDriver)
    i.FATFS_LinkDriverEx                     0x08000554   Section        0  ff_gen_drv.o(i.FATFS_LinkDriverEx)
    i.FLASH_Erase_Sector                     0x08000594   Section        0  stm32f4xx_hal_flash_ex.o(i.FLASH_Erase_Sector)
    i.FLASH_FlushCaches                      0x080005e8   Section        0  stm32f4xx_hal_flash_ex.o(i.FLASH_FlushCaches)
    i.FLASH_MassErase                        0x0800063c   Section        0  stm32f4xx_hal_flash_ex.o(i.FLASH_MassErase)
    FLASH_MassErase                          0x0800063d   Thumb Code    58  stm32f4xx_hal_flash_ex.o(i.FLASH_MassErase)
    i.FLASH_Program_Byte                     0x0800067c   Section        0  stm32f4xx_hal_flash.o(i.FLASH_Program_Byte)
    FLASH_Program_Byte                       0x0800067d   Thumb Code    26  stm32f4xx_hal_flash.o(i.FLASH_Program_Byte)
    i.FLASH_Program_DoubleWord               0x0800069c   Section        0  stm32f4xx_hal_flash.o(i.FLASH_Program_DoubleWord)
    FLASH_Program_DoubleWord                 0x0800069d   Thumb Code    38  stm32f4xx_hal_flash.o(i.FLASH_Program_DoubleWord)
    i.FLASH_Program_HalfWord                 0x080006c8   Section        0  stm32f4xx_hal_flash.o(i.FLASH_Program_HalfWord)
    FLASH_Program_HalfWord                   0x080006c9   Thumb Code    30  stm32f4xx_hal_flash.o(i.FLASH_Program_HalfWord)
    i.FLASH_Program_Word                     0x080006ec   Section        0  stm32f4xx_hal_flash.o(i.FLASH_Program_Word)
    FLASH_Program_Word                       0x080006ed   Thumb Code    30  stm32f4xx_hal_flash.o(i.FLASH_Program_Word)
    i.FLASH_SetErrorCode                     0x08000710   Section        0  stm32f4xx_hal_flash.o(i.FLASH_SetErrorCode)
    FLASH_SetErrorCode                       0x08000711   Thumb Code   116  stm32f4xx_hal_flash.o(i.FLASH_SetErrorCode)
    i.FLASH_WaitForLastOperation             0x0800078c   Section        0  stm32f4xx_hal_flash.o(i.FLASH_WaitForLastOperation)
    i.Flash_Execute_Progress                 0x080007dc   Section        0  flash_iap.o(i.Flash_Execute_Progress)
    Flash_Execute_Progress                   0x080007dd   Thumb Code   200  flash_iap.o(i.Flash_Execute_Progress)
    i.Flash_Hardware_Update                  0x080008f4   Section        0  flash_iap.o(i.Flash_Hardware_Update)
    Flash_Hardware_Update                    0x080008f5   Thumb Code   170  flash_iap.o(i.Flash_Hardware_Update)
    i.Flash_Interaction                      0x08000a0c   Section        0  flash_iap.o(i.Flash_Interaction)
    i.HAL_DMA_Abort_IT                       0x08000a16   Section        0  stm32f4xx_hal_dma.o(i.HAL_DMA_Abort_IT)
    i.HAL_DMA_IRQHandler                     0x08000a3c   Section        0  stm32f4xx_hal_dma.o(i.HAL_DMA_IRQHandler)
    i.HAL_DMA_Init                           0x08000bdc   Section        0  stm32f4xx_hal_dma.o(i.HAL_DMA_Init)
    i.HAL_Delay                              0x08000cb0   Section        0  iap.o(i.HAL_Delay)
    i.HAL_FLASHEx_Erase                      0x08000cd0   Section        0  stm32f4xx_hal_flash_ex.o(i.HAL_FLASHEx_Erase)
    i.HAL_FLASH_Lock                         0x08000d6c   Section        0  stm32f4xx_hal_flash.o(i.HAL_FLASH_Lock)
    i.HAL_FLASH_Program                      0x08000d80   Section        0  stm32f4xx_hal_flash.o(i.HAL_FLASH_Program)
    i.HAL_FLASH_Unlock                       0x08000dfc   Section        0  stm32f4xx_hal_flash.o(i.HAL_FLASH_Unlock)
    i.HAL_GPIO_Init                          0x08000e28   Section        0  stm32f4xx_hal_gpio.o(i.HAL_GPIO_Init)
    i.HAL_GPIO_WritePin                      0x08000ffc   Section        0  stm32f4xx_hal_gpio.o(i.HAL_GPIO_WritePin)
    i.HAL_GetTick                            0x08001008   Section        0  stm32f4xx_hal.o(i.HAL_GetTick)
    i.HAL_IncTick                            0x08001014   Section        0  stm32f4xx_hal.o(i.HAL_IncTick)
    i.HAL_Init                               0x08001024   Section        0  stm32f4xx_hal.o(i.HAL_Init)
    i.HAL_InitTick                           0x08001058   Section        0  stm32f4xx_hal.o(i.HAL_InitTick)
    i.HAL_MspInit                            0x08001098   Section        0  stm32f4xx_hal_msp.o(i.HAL_MspInit)
    i.HAL_NVIC_EnableIRQ                     0x080010c8   Section        0  stm32f4xx_hal_cortex.o(i.HAL_NVIC_EnableIRQ)
    i.HAL_NVIC_SetPriority                   0x080010e4   Section        0  stm32f4xx_hal_cortex.o(i.HAL_NVIC_SetPriority)
    i.HAL_NVIC_SetPriorityGrouping           0x08001124   Section        0  stm32f4xx_hal_cortex.o(i.HAL_NVIC_SetPriorityGrouping)
    i.HAL_PWREx_EnableOverDrive              0x08001148   Section        0  stm32f4xx_hal_pwr_ex.o(i.HAL_PWREx_EnableOverDrive)
    i.HAL_RCC_ClockConfig                    0x080011b8   Section        0  stm32f4xx_hal_rcc.o(i.HAL_RCC_ClockConfig)
    i.HAL_RCC_GetPCLK1Freq                   0x080012ec   Section        0  stm32f4xx_hal_rcc.o(i.HAL_RCC_GetPCLK1Freq)
    i.HAL_RCC_GetPCLK2Freq                   0x0800130c   Section        0  stm32f4xx_hal_rcc.o(i.HAL_RCC_GetPCLK2Freq)
    i.HAL_RCC_GetSysClockFreq                0x0800132c   Section        0  stm32f4xx_hal_rcc.o(i.HAL_RCC_GetSysClockFreq)
    i.HAL_RCC_OscConfig                      0x08001390   Section        0  stm32f4xx_hal_rcc.o(i.HAL_RCC_OscConfig)
    i.HAL_SD_AbortCallback                   0x080016ec   Section        0  bsp_driver_sd.o(i.HAL_SD_AbortCallback)
    i.HAL_SD_ConfigWideBusOperation          0x080016f4   Section        0  stm32f4xx_hal_sd.o(i.HAL_SD_ConfigWideBusOperation)
    i.HAL_SD_ErrorCallback                   0x080017e8   Section        0  stm32f4xx_hal_sd.o(i.HAL_SD_ErrorCallback)
    i.HAL_SD_GetCardCSD                      0x080017ec   Section        0  stm32f4xx_hal_sd.o(i.HAL_SD_GetCardCSD)
    i.HAL_SD_GetCardInfo                     0x08001984   Section        0  stm32f4xx_hal_sd.o(i.HAL_SD_GetCardInfo)
    i.HAL_SD_GetCardState                    0x080019a8   Section        0  stm32f4xx_hal_sd.o(i.HAL_SD_GetCardState)
    i.HAL_SD_IRQHandler                      0x080019d4   Section        0  stm32f4xx_hal_sd.o(i.HAL_SD_IRQHandler)
    i.HAL_SD_Init                            0x08001bdc   Section        0  stm32f4xx_hal_sd.o(i.HAL_SD_Init)
    i.HAL_SD_InitCard                        0x08001c14   Section        0  stm32f4xx_hal_sd.o(i.HAL_SD_InitCard)
    i.HAL_SD_MspInit                         0x08001c68   Section        0  sdio.o(i.HAL_SD_MspInit)
    i.HAL_SD_ReadBlocks                      0x08001dac   Section        0  stm32f4xx_hal_sd.o(i.HAL_SD_ReadBlocks)
    i.HAL_SD_RxCpltCallback                  0x08001fa4   Section        0  bsp_driver_sd.o(i.HAL_SD_RxCpltCallback)
    i.HAL_SD_TxCpltCallback                  0x08001fac   Section        0  bsp_driver_sd.o(i.HAL_SD_TxCpltCallback)
    i.HAL_SD_WriteBlocks                     0x08001fb4   Section        0  stm32f4xx_hal_sd.o(i.HAL_SD_WriteBlocks)
    i.HAL_SPI_Init                           0x08002180   Section        0  stm32f4xx_hal_spi.o(i.HAL_SPI_Init)
    i.HAL_SPI_MspInit                        0x08002200   Section        0  spi.o(i.HAL_SPI_MspInit)
    i.HAL_SPI_TransmitReceive                0x0800226c   Section        0  stm32f4xx_hal_spi.o(i.HAL_SPI_TransmitReceive)
    i.HAL_SYSTICK_Config                     0x0800244e   Section        0  stm32f4xx_hal_cortex.o(i.HAL_SYSTICK_Config)
    i.HAL_UART_ErrorCallback                 0x08002476   Section        0  stm32f4xx_hal_uart.o(i.HAL_UART_ErrorCallback)
    i.HAL_UART_IRQHandler                    0x08002478   Section        0  stm32f4xx_hal_uart.o(i.HAL_UART_IRQHandler)
    i.HAL_UART_Init                          0x0800258c   Section        0  stm32f4xx_hal_uart.o(i.HAL_UART_Init)
    i.HAL_UART_MspInit                       0x080025f0   Section        0  usart.o(i.HAL_UART_MspInit)
    i.HAL_UART_Receive                       0x0800267c   Section        0  stm32f4xx_hal_uart.o(i.HAL_UART_Receive)
    i.HAL_UART_RxCpltCallback                0x0800273a   Section        0  stm32f4xx_hal_uart.o(i.HAL_UART_RxCpltCallback)
    i.HAL_UART_Transmit                      0x0800273c   Section        0  stm32f4xx_hal_uart.o(i.HAL_UART_Transmit)
    i.HAL_UART_TxCpltCallback                0x080027f6   Section        0  stm32f4xx_hal_uart.o(i.HAL_UART_TxCpltCallback)
    i.HardFault_Handler                      0x080027f8   Section        0  stm32f4xx_it.o(i.HardFault_Handler)
    i.Inquiry                                0x080027fc   Section        0  interaction.o(i.Inquiry)
    Inquiry                                  0x080027fd   Thumb Code    92  interaction.o(i.Inquiry)
    i.Interaction                            0x080028c0   Section        0  interaction.o(i.Interaction)
    i.MX_DMA_Init                            0x080028cc   Section        0  dma.o(i.MX_DMA_Init)
    i.MX_FATFS_Init                          0x08002908   Section        0  fatfs.o(i.MX_FATFS_Init)
    i.MX_GPIO_Init                           0x08002924   Section        0  gpio.o(i.MX_GPIO_Init)
    i.MX_SDIO_SD_Init                        0x08002980   Section        0  sdio.o(i.MX_SDIO_SD_Init)
    i.MX_SPI5_Init                           0x080029a0   Section        0  spi.o(i.MX_SPI5_Init)
    i.MX_USART1_UART_Init                    0x080029e4   Section        0  usart.o(i.MX_USART1_UART_Init)
    i.MemManage_Handler                      0x08002a1c   Section        0  stm32f4xx_it.o(i.MemManage_Handler)
    i.NMI_Handler                            0x08002a1e   Section        0  stm32f4xx_it.o(i.NMI_Handler)
    i.PendSV_Handler                         0x08002a20   Section        0  stm32f4xx_it.o(i.PendSV_Handler)
    i.Pro_Address                            0x08002a24   Section        0  flash_iap.o(i.Pro_Address)
    Pro_Address                              0x08002a25   Thumb Code    60  flash_iap.o(i.Pro_Address)
    i.Read_Pro_Name_Flash                    0x08002a84   Section        0  flash_iap.o(i.Read_Pro_Name_Flash)
    Read_Pro_Name_Flash                      0x08002a85   Thumb Code   214  flash_iap.o(i.Read_Pro_Name_Flash)
    i.Receive_Name                           0x08002b9c   Section        0  flash_iap.o(i.Receive_Name)
    Receive_Name                             0x08002b9d   Thumb Code    74  flash_iap.o(i.Receive_Name)
    i.SDIO_ConfigData                        0x08002c08   Section        0  stm32f4xx_ll_sdmmc.o(i.SDIO_ConfigData)
    i.SDIO_GetPowerState                     0x08002c2c   Section        0  stm32f4xx_ll_sdmmc.o(i.SDIO_GetPowerState)
    i.SDIO_GetResponse                       0x08002c34   Section        0  stm32f4xx_ll_sdmmc.o(i.SDIO_GetResponse)
    i.SDIO_IRQHandler                        0x08002c3c   Section        0  stm32f4xx_it.o(i.SDIO_IRQHandler)
    i.SDIO_Init                              0x08002c48   Section        0  stm32f4xx_ll_sdmmc.o(i.SDIO_Init)
    i.SDIO_PowerState_ON                     0x08002c6c   Section        0  stm32f4xx_ll_sdmmc.o(i.SDIO_PowerState_ON)
    i.SDIO_ReadFIFO                          0x08002c7c   Section        0  stm32f4xx_ll_sdmmc.o(i.SDIO_ReadFIFO)
    i.SDIO_SendCommand                       0x08002c82   Section        0  stm32f4xx_ll_sdmmc.o(i.SDIO_SendCommand)
    i.SDIO_WriteFIFO                         0x08002ca2   Section        0  stm32f4xx_ll_sdmmc.o(i.SDIO_WriteFIFO)
    i.SDMMC_CmdAppCommand                    0x08002cac   Section        0  stm32f4xx_ll_sdmmc.o(i.SDMMC_CmdAppCommand)
    i.SDMMC_CmdAppOperCommand                0x08002ce0   Section        0  stm32f4xx_ll_sdmmc.o(i.SDMMC_CmdAppOperCommand)
    i.SDMMC_CmdBlockLength                   0x08002d14   Section        0  stm32f4xx_ll_sdmmc.o(i.SDMMC_CmdBlockLength)
    i.SDMMC_CmdBusWidth                      0x08002d46   Section        0  stm32f4xx_ll_sdmmc.o(i.SDMMC_CmdBusWidth)
    i.SDMMC_CmdGoIdleState                   0x08002d78   Section        0  stm32f4xx_ll_sdmmc.o(i.SDMMC_CmdGoIdleState)
    i.SDMMC_CmdOperCond                      0x08002dc8   Section        0  stm32f4xx_ll_sdmmc.o(i.SDMMC_CmdOperCond)
    i.SDMMC_CmdReadMultiBlock                0x08002e3c   Section        0  stm32f4xx_ll_sdmmc.o(i.SDMMC_CmdReadMultiBlock)
    i.SDMMC_CmdReadSingleBlock               0x08002e6e   Section        0  stm32f4xx_ll_sdmmc.o(i.SDMMC_CmdReadSingleBlock)
    i.SDMMC_CmdSelDesel                      0x08002ea0   Section        0  stm32f4xx_ll_sdmmc.o(i.SDMMC_CmdSelDesel)
    i.SDMMC_CmdSendCID                       0x08002ed2   Section        0  stm32f4xx_ll_sdmmc.o(i.SDMMC_CmdSendCID)
    i.SDMMC_CmdSendCSD                       0x08002efe   Section        0  stm32f4xx_ll_sdmmc.o(i.SDMMC_CmdSendCSD)
    i.SDMMC_CmdSendSCR                       0x08002f2a   Section        0  stm32f4xx_ll_sdmmc.o(i.SDMMC_CmdSendSCR)
    i.SDMMC_CmdSendStatus                    0x08002f5a   Section        0  stm32f4xx_ll_sdmmc.o(i.SDMMC_CmdSendStatus)
    i.SDMMC_CmdSetRelAdd                     0x08002f8c   Section        0  stm32f4xx_ll_sdmmc.o(i.SDMMC_CmdSetRelAdd)
    i.SDMMC_CmdStopTransfer                  0x08002fbc   Section        0  stm32f4xx_ll_sdmmc.o(i.SDMMC_CmdStopTransfer)
    i.SDMMC_CmdWriteMultiBlock               0x08002ff0   Section        0  stm32f4xx_ll_sdmmc.o(i.SDMMC_CmdWriteMultiBlock)
    i.SDMMC_CmdWriteSingleBlock              0x08003022   Section        0  stm32f4xx_ll_sdmmc.o(i.SDMMC_CmdWriteSingleBlock)
    i.SDMMC_GetCmdResp1                      0x08003054   Section        0  stm32f4xx_ll_sdmmc.o(i.SDMMC_GetCmdResp1)
    SDMMC_GetCmdResp1                        0x08003055   Thumb Code   278  stm32f4xx_ll_sdmmc.o(i.SDMMC_GetCmdResp1)
    i.SDMMC_GetCmdResp2                      0x08003174   Section        0  stm32f4xx_ll_sdmmc.o(i.SDMMC_GetCmdResp2)
    SDMMC_GetCmdResp2                        0x08003175   Thumb Code    76  stm32f4xx_ll_sdmmc.o(i.SDMMC_GetCmdResp2)
    i.SDMMC_GetCmdResp3                      0x080031c4   Section        0  stm32f4xx_ll_sdmmc.o(i.SDMMC_GetCmdResp3)
    SDMMC_GetCmdResp3                        0x080031c5   Thumb Code    62  stm32f4xx_ll_sdmmc.o(i.SDMMC_GetCmdResp3)
    i.SDMMC_GetCmdResp6                      0x08003208   Section        0  stm32f4xx_ll_sdmmc.o(i.SDMMC_GetCmdResp6)
    SDMMC_GetCmdResp6                        0x08003209   Thumb Code   130  stm32f4xx_ll_sdmmc.o(i.SDMMC_GetCmdResp6)
    i.SD_CheckStatus                         0x08003290   Section        0  sd_diskio.o(i.SD_CheckStatus)
    SD_CheckStatus                           0x08003291   Thumb Code    26  sd_diskio.o(i.SD_CheckStatus)
    i.SD_DMARxAbort                          0x080032b0   Section        0  stm32f4xx_hal_sd.o(i.SD_DMARxAbort)
    SD_DMARxAbort                            0x080032b1   Thumb Code    68  stm32f4xx_hal_sd.o(i.SD_DMARxAbort)
    i.SD_DMATxAbort                          0x080032f4   Section        0  stm32f4xx_hal_sd.o(i.SD_DMATxAbort)
    SD_DMATxAbort                            0x080032f5   Thumb Code    68  stm32f4xx_hal_sd.o(i.SD_DMATxAbort)
    i.SD_FindSCR                             0x08003338   Section        0  stm32f4xx_hal_sd.o(i.SD_FindSCR)
    SD_FindSCR                               0x08003339   Thumb Code   212  stm32f4xx_hal_sd.o(i.SD_FindSCR)
    i.SD_InitCard                            0x0800340c   Section        0  stm32f4xx_hal_sd.o(i.SD_InitCard)
    SD_InitCard                              0x0800340d   Thumb Code   238  stm32f4xx_hal_sd.o(i.SD_InitCard)
    i.SD_PowerON                             0x080034fc   Section        0  stm32f4xx_hal_sd.o(i.SD_PowerON)
    SD_PowerON                               0x080034fd   Thumb Code   174  stm32f4xx_hal_sd.o(i.SD_PowerON)
    i.SD_initialize                          0x080035b0   Section        0  sd_diskio.o(i.SD_initialize)
    i.SD_ioctl                               0x080035d0   Section        0  sd_diskio.o(i.SD_ioctl)
    i.SD_read                                0x08003620   Section        0  sd_diskio.o(i.SD_read)
    i.SD_status                              0x08003646   Section        0  sd_diskio.o(i.SD_status)
    i.SD_write                               0x0800364c   Section        0  sd_diskio.o(i.SD_write)
    i.SPI_EndRxTxTransaction                 0x08003674   Section        0  stm32f4xx_hal_spi.o(i.SPI_EndRxTxTransaction)
    SPI_EndRxTxTransaction                   0x08003675   Thumb Code    80  stm32f4xx_hal_spi.o(i.SPI_EndRxTxTransaction)
    i.SPI_FLASH_Write_Enable                 0x080036cc   Section        0  flash.o(i.SPI_FLASH_Write_Enable)
    i.SPI_Flash_Erase_Sector                 0x080036f4   Section        0  flash.o(i.SPI_Flash_Erase_Sector)
    i.SPI_Flash_Read                         0x08003740   Section        0  flash.o(i.SPI_Flash_Read)
    i.SPI_Flash_ReadSR                       0x08003798   Section        0  flash.o(i.SPI_Flash_ReadSR)
    i.SPI_Flash_Wait_Busy                    0x080037c8   Section        0  flash.o(i.SPI_Flash_Wait_Busy)
    i.SPI_Flash_Write                        0x080037d8   Section        0  flash.o(i.SPI_Flash_Write)
    i.SPI_Flash_Write_NoCheck                0x08003874   Section        0  flash.o(i.SPI_Flash_Write_NoCheck)
    i.SPI_Flash_Write_Page                   0x080038b4   Section        0  flash.o(i.SPI_Flash_Write_Page)
    i.SPI_ReadWriteByte                      0x08003914   Section        0  driver_spi.o(i.SPI_ReadWriteByte)
    i.SPI_WaitFlagStateUntilTimeout          0x08003934   Section        0  stm32f4xx_hal_spi.o(i.SPI_WaitFlagStateUntilTimeout)
    SPI_WaitFlagStateUntilTimeout            0x08003935   Thumb Code   148  stm32f4xx_hal_spi.o(i.SPI_WaitFlagStateUntilTimeout)
    i.STMFLASH_GetFlashSector                0x080039c8   Section        0  stmflash.o(i.STMFLASH_GetFlashSector)
    i.STMFLASH_Write                         0x08003b0c   Section        0  stmflash.o(i.STMFLASH_Write)
    i.SVC_Handler                            0x08003ba4   Section        0  stm32f4xx_it.o(i.SVC_Handler)
    i.SysTick_Handler                        0x08003ba6   Section        0  stm32f4xx_it.o(i.SysTick_Handler)
    i.SystemClock_Config                     0x08003bac   Section        0  main.o(i.SystemClock_Config)
    i.SystemInit                             0x08003c34   Section        0  system_stm32f4xx.o(i.SystemInit)
    i.UART_DMAAbortOnError                   0x08003c50   Section        0  stm32f4xx_hal_uart.o(i.UART_DMAAbortOnError)
    UART_DMAAbortOnError                     0x08003c51   Thumb Code    16  stm32f4xx_hal_uart.o(i.UART_DMAAbortOnError)
    i.UART_EndRxTransfer                     0x08003c60   Section        0  stm32f4xx_hal_uart.o(i.UART_EndRxTransfer)
    UART_EndRxTransfer                       0x08003c61   Thumb Code    28  stm32f4xx_hal_uart.o(i.UART_EndRxTransfer)
    i.UART_Receive_IT                        0x08003c7c   Section        0  stm32f4xx_hal_uart.o(i.UART_Receive_IT)
    UART_Receive_IT                          0x08003c7d   Thumb Code   150  stm32f4xx_hal_uart.o(i.UART_Receive_IT)
    i.UART_SetConfig                         0x08003d14   Section        0  stm32f4xx_hal_uart.o(i.UART_SetConfig)
    UART_SetConfig                           0x08003d15   Thumb Code   286  stm32f4xx_hal_uart.o(i.UART_SetConfig)
    i.UART_Transmit_IT                       0x08003e3c   Section        0  stm32f4xx_hal_uart.o(i.UART_Transmit_IT)
    UART_Transmit_IT                         0x08003e3d   Thumb Code    98  stm32f4xx_hal_uart.o(i.UART_Transmit_IT)
    i.UART_WaitOnFlagUntilTimeout            0x08003e9e   Section        0  stm32f4xx_hal_uart.o(i.UART_WaitOnFlagUntilTimeout)
    UART_WaitOnFlagUntilTimeout              0x08003e9f   Thumb Code   100  stm32f4xx_hal_uart.o(i.UART_WaitOnFlagUntilTimeout)
    i.USART1_IRQHandler                      0x08003f04   Section        0  stm32f4xx_it.o(i.USART1_IRQHandler)
    i.USER_USART1_IRQHandler                 0x08003f1c   Section        0  usart.o(i.USER_USART1_IRQHandler)
    i.UsageFault_Handler                     0x08003f54   Section        0  stm32f4xx_it.o(i.UsageFault_Handler)
    i.__0sprintf$1                           0x08003f58   Section        0  printf1.o(i.__0sprintf$1)
    i.__NVIC_SetPriority                     0x08003f80   Section        0  stm32f4xx_hal_cortex.o(i.__NVIC_SetPriority)
    __NVIC_SetPriority                       0x08003f81   Thumb Code    32  stm32f4xx_hal_cortex.o(i.__NVIC_SetPriority)
    i.__scatterload_copy                     0x08003fa0   Section       14  handlers.o(i.__scatterload_copy)
    i.__scatterload_null                     0x08003fae   Section        2  handlers.o(i.__scatterload_null)
    i.__scatterload_zeroinit                 0x08003fb0   Section       14  handlers.o(i.__scatterload_zeroinit)
    i._printf_core                           0x08003fc0   Section        0  printf1.o(i._printf_core)
    _printf_core                             0x08003fc1   Thumb Code   336  printf1.o(i._printf_core)
    i._sputc                                 0x08004114   Section        0  printf1.o(i._sputc)
    _sputc                                   0x08004115   Thumb Code    10  printf1.o(i._sputc)
    i.iap_load_app                           0x08004120   Section        0  iap.o(i.iap_load_app)
    i.iap_write_appbin                       0x0800414c   Section        0  iap.o(i.iap_write_appbin)
    i.main                                   0x080041b8   Section        0  main.o(i.main)
    .constdata                               0x080041e0   Section       20  sd_diskio.o(.constdata)
    .constdata                               0x080041f4   Section        8  stm32f4xx_hal_dma.o(.constdata)
    flagBitshiftOffset                       0x080041f4   Data           8  stm32f4xx_hal_dma.o(.constdata)
    .constdata                               0x080041fc   Section       16  system_stm32f4xx.o(.constdata)
    .constdata                               0x0800420c   Section        8  system_stm32f4xx.o(.constdata)
    .data                                    0x20000000   Section        4  usart.o(.data)
    .data                                    0x20000004   Section        1  sd_diskio.o(.data)
    Stat                                     0x20000004   Data           1  sd_diskio.o(.data)
    .data                                    0x20000005   Section        5  fatfs.o(.data)
    .data                                    0x2000000c   Section        4  iap.o(.data)
    .data                                    0x20000010   Section       12  stm32f4xx_hal.o(.data)
    .data                                    0x2000001c   Section        4  system_stm32f4xx.o(.data)
    .bss                                     0x20000020   Section      324  sdio.o(.bss)
    .bss                                     0x20000164   Section       88  spi.o(.bss)
    .bss                                     0x200001bc   Section       64  usart.o(.bss)
    .bss                                     0x200001fc   Section       12  ff_gen_drv.o(.bss)
    .bss                                     0x20000208   Section     2048  iap.o(.bss)
    .bss                                     0x20000a08   Section       32  stm32f4xx_hal_flash.o(.bss)
    STACK                                    0x20000a28   Section     1024  startup_stm32f429xx.o(STACK)
    .ARM.__AT_0x20001000                     0x20001000   Section    184320  iap.o(.ARM.__AT_0x20001000)
    .bss                                     0x2002e000   Section     4096  flash.o(.bss)

    Global Symbols

    Symbol Name                              Value     Ov Type        Size  Object(Section)

    BuildAttributes$$THM_ISAv4$E$P$D$K$B$S$7EM$VFPi3$EXTD16$VFPS$VFMA$PE$A:L22UL41UL21$X:L11$S22US41US21$IEEE1$IW$USESV6$~STKCKD$USESV7$~SHL$OSPACE$ROPI$EBA8$MICROLIB$REQ8$PRES8$EABIv2 0x00000000   Number         0  anon$$obj.o ABSOLUTE
    __ARM_use_no_argv                        0x00000000   Number         0  main.o ABSOLUTE
    _printf_a                                0x00000000   Number         0  stubs.o ABSOLUTE
    _printf_c                                0x00000000   Number         0  stubs.o ABSOLUTE
    _printf_charcount                        0x00000000   Number         0  stubs.o ABSOLUTE
    _printf_d                                0x00000000   Number         0  stubs.o ABSOLUTE
    _printf_e                                0x00000000   Number         0  stubs.o ABSOLUTE
    _printf_f                                0x00000000   Number         0  stubs.o ABSOLUTE
    _printf_flags                            0x00000000   Number         0  stubs.o ABSOLUTE
    _printf_fp_dec                           0x00000000   Number         0  stubs.o ABSOLUTE
    _printf_fp_hex                           0x00000000   Number         0  stubs.o ABSOLUTE
    _printf_g                                0x00000000   Number         0  stubs.o ABSOLUTE
    _printf_i                                0x00000000   Number         0  stubs.o ABSOLUTE
    _printf_int_dec                          0x00000000   Number         0  stubs.o ABSOLUTE
    _printf_l                                0x00000000   Number         0  stubs.o ABSOLUTE
    _printf_lc                               0x00000000   Number         0  stubs.o ABSOLUTE
    _printf_ll                               0x00000000   Number         0  stubs.o ABSOLUTE
    _printf_lld                              0x00000000   Number         0  stubs.o ABSOLUTE
    _printf_lli                              0x00000000   Number         0  stubs.o ABSOLUTE
    _printf_llo                              0x00000000   Number         0  stubs.o ABSOLUTE
    _printf_llu                              0x00000000   Number         0  stubs.o ABSOLUTE
    _printf_llx                              0x00000000   Number         0  stubs.o ABSOLUTE
    _printf_longlong_dec                     0x00000000   Number         0  stubs.o ABSOLUTE
    _printf_longlong_hex                     0x00000000   Number         0  stubs.o ABSOLUTE
    _printf_longlong_oct                     0x00000000   Number         0  stubs.o ABSOLUTE
    _printf_ls                               0x00000000   Number         0  stubs.o ABSOLUTE
    _printf_mbtowc                           0x00000000   Number         0  stubs.o ABSOLUTE
    _printf_n                                0x00000000   Number         0  stubs.o ABSOLUTE
    _printf_o                                0x00000000   Number         0  stubs.o ABSOLUTE
    _printf_p                                0x00000000   Number         0  stubs.o ABSOLUTE
    _printf_percent                          0x00000000   Number         0  stubs.o ABSOLUTE
    _printf_pre_padding                      0x00000000   Number         0  stubs.o ABSOLUTE
    _printf_return_value                     0x00000000   Number         0  stubs.o ABSOLUTE
    _printf_s                                0x00000000   Number         0  stubs.o ABSOLUTE
    _printf_sizespec                         0x00000000   Number         0  stubs.o ABSOLUTE
    _printf_str                              0x00000000   Number         0  stubs.o ABSOLUTE
    _printf_truncate_signed                  0x00000000   Number         0  stubs.o ABSOLUTE
    _printf_truncate_unsigned                0x00000000   Number         0  stubs.o ABSOLUTE
    _printf_u                                0x00000000   Number         0  stubs.o ABSOLUTE
    _printf_wc                               0x00000000   Number         0  stubs.o ABSOLUTE
    _printf_wctomb                           0x00000000   Number         0  stubs.o ABSOLUTE
    _printf_widthprec                        0x00000000   Number         0  stubs.o ABSOLUTE
    _printf_x                                0x00000000   Number         0  stubs.o ABSOLUTE
    __cpp_initialize__aeabi_                  - Undefined Weak Reference
    __cxa_finalize                            - Undefined Weak Reference
    __decompress                              - Undefined Weak Reference
    _clock_init                               - Undefined Weak Reference
    _microlib_exit                            - Undefined Weak Reference
    __Vectors_Size                           0x000001ac   Number         0  startup_stm32f429xx.o ABSOLUTE
    __Vectors                                0x08000000   Data           4  startup_stm32f429xx.o(RESET)
    __Vectors_End                            0x080001ac   Data           0  startup_stm32f429xx.o(RESET)
    __main                                   0x080001ad   Thumb Code     0  entry.o(.ARM.Collect$$$$00000000)
    _main_stk                                0x080001ad   Thumb Code     0  entry2.o(.ARM.Collect$$$$00000001)
    _main_scatterload                        0x080001b1   Thumb Code     0  entry5.o(.ARM.Collect$$$$00000004)
    __main_after_scatterload                 0x080001b5   Thumb Code     0  entry5.o(.ARM.Collect$$$$00000004)
    _main_clock                              0x080001b5   Thumb Code     0  entry7b.o(.ARM.Collect$$$$00000008)
    _main_cpp_init                           0x080001b5   Thumb Code     0  entry8b.o(.ARM.Collect$$$$0000000A)
    _main_init                               0x080001b5   Thumb Code     0  entry9a.o(.ARM.Collect$$$$0000000B)
    __rt_final_cpp                           0x080001bd   Thumb Code     0  entry10a.o(.ARM.Collect$$$$0000000D)
    __rt_final_exit                          0x080001bd   Thumb Code     0  entry11a.o(.ARM.Collect$$$$0000000F)
    MSR_MSP                                  0x080001c1   Thumb Code     6  iap.o(.emb_text)
    Reset_Handler                            0x080001c9   Thumb Code     8  startup_stm32f429xx.o(.text)
    ADC_IRQHandler                           0x080001e3   Thumb Code     0  startup_stm32f429xx.o(.text)
    CAN1_RX0_IRQHandler                      0x080001e3   Thumb Code     0  startup_stm32f429xx.o(.text)
    CAN1_RX1_IRQHandler                      0x080001e3   Thumb Code     0  startup_stm32f429xx.o(.text)
    CAN1_SCE_IRQHandler                      0x080001e3   Thumb Code     0  startup_stm32f429xx.o(.text)
    CAN1_TX_IRQHandler                       0x080001e3   Thumb Code     0  startup_stm32f429xx.o(.text)
    CAN2_RX0_IRQHandler                      0x080001e3   Thumb Code     0  startup_stm32f429xx.o(.text)
    CAN2_RX1_IRQHandler                      0x080001e3   Thumb Code     0  startup_stm32f429xx.o(.text)
    CAN2_SCE_IRQHandler                      0x080001e3   Thumb Code     0  startup_stm32f429xx.o(.text)
    CAN2_TX_IRQHandler                       0x080001e3   Thumb Code     0  startup_stm32f429xx.o(.text)
    DCMI_IRQHandler                          0x080001e3   Thumb Code     0  startup_stm32f429xx.o(.text)
    DMA1_Stream0_IRQHandler                  0x080001e3   Thumb Code     0  startup_stm32f429xx.o(.text)
    DMA1_Stream1_IRQHandler                  0x080001e3   Thumb Code     0  startup_stm32f429xx.o(.text)
    DMA1_Stream2_IRQHandler                  0x080001e3   Thumb Code     0  startup_stm32f429xx.o(.text)
    DMA1_Stream3_IRQHandler                  0x080001e3   Thumb Code     0  startup_stm32f429xx.o(.text)
    DMA1_Stream4_IRQHandler                  0x080001e3   Thumb Code     0  startup_stm32f429xx.o(.text)
    DMA1_Stream5_IRQHandler                  0x080001e3   Thumb Code     0  startup_stm32f429xx.o(.text)
    DMA1_Stream6_IRQHandler                  0x080001e3   Thumb Code     0  startup_stm32f429xx.o(.text)
    DMA1_Stream7_IRQHandler                  0x080001e3   Thumb Code     0  startup_stm32f429xx.o(.text)
    DMA2D_IRQHandler                         0x080001e3   Thumb Code     0  startup_stm32f429xx.o(.text)
    DMA2_Stream0_IRQHandler                  0x080001e3   Thumb Code     0  startup_stm32f429xx.o(.text)
    DMA2_Stream1_IRQHandler                  0x080001e3   Thumb Code     0  startup_stm32f429xx.o(.text)
    DMA2_Stream2_IRQHandler                  0x080001e3   Thumb Code     0  startup_stm32f429xx.o(.text)
    DMA2_Stream4_IRQHandler                  0x080001e3   Thumb Code     0  startup_stm32f429xx.o(.text)
    DMA2_Stream5_IRQHandler                  0x080001e3   Thumb Code     0  startup_stm32f429xx.o(.text)
    DMA2_Stream7_IRQHandler                  0x080001e3   Thumb Code     0  startup_stm32f429xx.o(.text)
    ETH_IRQHandler                           0x080001e3   Thumb Code     0  startup_stm32f429xx.o(.text)
    ETH_WKUP_IRQHandler                      0x080001e3   Thumb Code     0  startup_stm32f429xx.o(.text)
    EXTI0_IRQHandler                         0x080001e3   Thumb Code     0  startup_stm32f429xx.o(.text)
    EXTI15_10_IRQHandler                     0x080001e3   Thumb Code     0  startup_stm32f429xx.o(.text)
    EXTI1_IRQHandler                         0x080001e3   Thumb Code     0  startup_stm32f429xx.o(.text)
    EXTI2_IRQHandler                         0x080001e3   Thumb Code     0  startup_stm32f429xx.o(.text)
    EXTI3_IRQHandler                         0x080001e3   Thumb Code     0  startup_stm32f429xx.o(.text)
    EXTI4_IRQHandler                         0x080001e3   Thumb Code     0  startup_stm32f429xx.o(.text)
    EXTI9_5_IRQHandler                       0x080001e3   Thumb Code     0  startup_stm32f429xx.o(.text)
    FLASH_IRQHandler                         0x080001e3   Thumb Code     0  startup_stm32f429xx.o(.text)
    FMC_IRQHandler                           0x080001e3   Thumb Code     0  startup_stm32f429xx.o(.text)
    FPU_IRQHandler                           0x080001e3   Thumb Code     0  startup_stm32f429xx.o(.text)
    HASH_RNG_IRQHandler                      0x080001e3   Thumb Code     0  startup_stm32f429xx.o(.text)
    I2C1_ER_IRQHandler                       0x080001e3   Thumb Code     0  startup_stm32f429xx.o(.text)
    I2C1_EV_IRQHandler                       0x080001e3   Thumb Code     0  startup_stm32f429xx.o(.text)
    I2C2_ER_IRQHandler                       0x080001e3   Thumb Code     0  startup_stm32f429xx.o(.text)
    I2C2_EV_IRQHandler                       0x080001e3   Thumb Code     0  startup_stm32f429xx.o(.text)
    I2C3_ER_IRQHandler                       0x080001e3   Thumb Code     0  startup_stm32f429xx.o(.text)
    I2C3_EV_IRQHandler                       0x080001e3   Thumb Code     0  startup_stm32f429xx.o(.text)
    LTDC_ER_IRQHandler                       0x080001e3   Thumb Code     0  startup_stm32f429xx.o(.text)
    LTDC_IRQHandler                          0x080001e3   Thumb Code     0  startup_stm32f429xx.o(.text)
    OTG_FS_IRQHandler                        0x080001e3   Thumb Code     0  startup_stm32f429xx.o(.text)
    OTG_FS_WKUP_IRQHandler                   0x080001e3   Thumb Code     0  startup_stm32f429xx.o(.text)
    OTG_HS_EP1_IN_IRQHandler                 0x080001e3   Thumb Code     0  startup_stm32f429xx.o(.text)
    OTG_HS_EP1_OUT_IRQHandler                0x080001e3   Thumb Code     0  startup_stm32f429xx.o(.text)
    OTG_HS_IRQHandler                        0x080001e3   Thumb Code     0  startup_stm32f429xx.o(.text)
    OTG_HS_WKUP_IRQHandler                   0x080001e3   Thumb Code     0  startup_stm32f429xx.o(.text)
    PVD_IRQHandler                           0x080001e3   Thumb Code     0  startup_stm32f429xx.o(.text)
    RCC_IRQHandler                           0x080001e3   Thumb Code     0  startup_stm32f429xx.o(.text)
    RTC_Alarm_IRQHandler                     0x080001e3   Thumb Code     0  startup_stm32f429xx.o(.text)
    RTC_WKUP_IRQHandler                      0x080001e3   Thumb Code     0  startup_stm32f429xx.o(.text)
    SAI1_IRQHandler                          0x080001e3   Thumb Code     0  startup_stm32f429xx.o(.text)
    SPI1_IRQHandler                          0x080001e3   Thumb Code     0  startup_stm32f429xx.o(.text)
    SPI2_IRQHandler                          0x080001e3   Thumb Code     0  startup_stm32f429xx.o(.text)
    SPI3_IRQHandler                          0x080001e3   Thumb Code     0  startup_stm32f429xx.o(.text)
    SPI4_IRQHandler                          0x080001e3   Thumb Code     0  startup_stm32f429xx.o(.text)
    SPI5_IRQHandler                          0x080001e3   Thumb Code     0  startup_stm32f429xx.o(.text)
    SPI6_IRQHandler                          0x080001e3   Thumb Code     0  startup_stm32f429xx.o(.text)
    TAMP_STAMP_IRQHandler                    0x080001e3   Thumb Code     0  startup_stm32f429xx.o(.text)
    TIM1_BRK_TIM9_IRQHandler                 0x080001e3   Thumb Code     0  startup_stm32f429xx.o(.text)
    TIM1_CC_IRQHandler                       0x080001e3   Thumb Code     0  startup_stm32f429xx.o(.text)
    TIM1_TRG_COM_TIM11_IRQHandler            0x080001e3   Thumb Code     0  startup_stm32f429xx.o(.text)
    TIM1_UP_TIM10_IRQHandler                 0x080001e3   Thumb Code     0  startup_stm32f429xx.o(.text)
    TIM2_IRQHandler                          0x080001e3   Thumb Code     0  startup_stm32f429xx.o(.text)
    TIM3_IRQHandler                          0x080001e3   Thumb Code     0  startup_stm32f429xx.o(.text)
    TIM4_IRQHandler                          0x080001e3   Thumb Code     0  startup_stm32f429xx.o(.text)
    TIM5_IRQHandler                          0x080001e3   Thumb Code     0  startup_stm32f429xx.o(.text)
    TIM6_DAC_IRQHandler                      0x080001e3   Thumb Code     0  startup_stm32f429xx.o(.text)
    TIM7_IRQHandler                          0x080001e3   Thumb Code     0  startup_stm32f429xx.o(.text)
    TIM8_BRK_TIM12_IRQHandler                0x080001e3   Thumb Code     0  startup_stm32f429xx.o(.text)
    TIM8_CC_IRQHandler                       0x080001e3   Thumb Code     0  startup_stm32f429xx.o(.text)
    TIM8_TRG_COM_TIM14_IRQHandler            0x080001e3   Thumb Code     0  startup_stm32f429xx.o(.text)
    TIM8_UP_TIM13_IRQHandler                 0x080001e3   Thumb Code     0  startup_stm32f429xx.o(.text)
    UART4_IRQHandler                         0x080001e3   Thumb Code     0  startup_stm32f429xx.o(.text)
    UART5_IRQHandler                         0x080001e3   Thumb Code     0  startup_stm32f429xx.o(.text)
    UART7_IRQHandler                         0x080001e3   Thumb Code     0  startup_stm32f429xx.o(.text)
    UART8_IRQHandler                         0x080001e3   Thumb Code     0  startup_stm32f429xx.o(.text)
    USART2_IRQHandler                        0x080001e3   Thumb Code     0  startup_stm32f429xx.o(.text)
    USART3_IRQHandler                        0x080001e3   Thumb Code     0  startup_stm32f429xx.o(.text)
    USART6_IRQHandler                        0x080001e3   Thumb Code     0  startup_stm32f429xx.o(.text)
    WWDG_IRQHandler                          0x080001e3   Thumb Code     0  startup_stm32f429xx.o(.text)
    __aeabi_uldivmod                         0x080001ed   Thumb Code    98  uldiv.o(.text)
    __aeabi_memcpy                           0x0800024f   Thumb Code    36  memcpya.o(.text)
    __aeabi_memcpy4                          0x0800024f   Thumb Code     0  memcpya.o(.text)
    __aeabi_memcpy8                          0x0800024f   Thumb Code     0  memcpya.o(.text)
    __aeabi_memset                           0x08000273   Thumb Code    14  memseta.o(.text)
    __aeabi_memset4                          0x08000273   Thumb Code     0  memseta.o(.text)
    __aeabi_memset8                          0x08000273   Thumb Code     0  memseta.o(.text)
    __aeabi_memclr                           0x08000281   Thumb Code     4  memseta.o(.text)
    __aeabi_memclr4                          0x08000281   Thumb Code     0  memseta.o(.text)
    __aeabi_memclr8                          0x08000281   Thumb Code     0  memseta.o(.text)
    _memset$wrapper                          0x08000285   Thumb Code    18  memseta.o(.text)
    __aeabi_uidiv                            0x08000297   Thumb Code     0  uidiv.o(.text)
    __aeabi_uidivmod                         0x08000297   Thumb Code    44  uidiv.o(.text)
    __aeabi_llsl                             0x080002c3   Thumb Code    30  llshl.o(.text)
    _ll_shift_l                              0x080002c3   Thumb Code     0  llshl.o(.text)
    __aeabi_llsr                             0x080002e1   Thumb Code    32  llushr.o(.text)
    _ll_ushift_r                             0x080002e1   Thumb Code     0  llushr.o(.text)
    __scatterload                            0x08000301   Thumb Code    28  init.o(.text)
    __scatterload_rt2                        0x08000301   Thumb Code     0  init.o(.text)
    BSP_SD_AbortCallback                     0x08000325   Thumb Code     2  bsp_driver_sd.o(i.BSP_SD_AbortCallback)
    BSP_SD_GetCardInfo                       0x08000329   Thumb Code     8  bsp_driver_sd.o(i.BSP_SD_GetCardInfo)
    BSP_SD_GetCardState                      0x08000335   Thumb Code    20  bsp_driver_sd.o(i.BSP_SD_GetCardState)
    BSP_SD_Init                              0x0800034d   Thumb Code    42  bsp_driver_sd.o(i.BSP_SD_Init)
    BSP_SD_IsDetected                        0x0800037d   Thumb Code    14  bsp_driver_sd.o(i.BSP_SD_IsDetected)
    BSP_SD_ReadBlocks                        0x0800038d   Thumb Code    26  bsp_driver_sd.o(i.BSP_SD_ReadBlocks)
    BSP_SD_ReadCpltCallback                  0x080003ad   Thumb Code     2  bsp_driver_sd.o(i.BSP_SD_ReadCpltCallback)
    BSP_SD_WriteBlocks                       0x080003b1   Thumb Code    26  bsp_driver_sd.o(i.BSP_SD_WriteBlocks)
    BSP_SD_WriteCpltCallback                 0x080003d1   Thumb Code     2  bsp_driver_sd.o(i.BSP_SD_WriteCpltCallback)
    BusFault_Handler                         0x080003d3   Thumb Code     2  stm32f4xx_it.o(i.BusFault_Handler)
    DMA2_Stream3_IRQHandler                  0x080004b5   Thumb Code     6  stm32f4xx_it.o(i.DMA2_Stream3_IRQHandler)
    DMA2_Stream6_IRQHandler                  0x080004c1   Thumb Code     6  stm32f4xx_it.o(i.DMA2_Stream6_IRQHandler)
    DebugMon_Handler                         0x08000549   Thumb Code     2  stm32f4xx_it.o(i.DebugMon_Handler)
    Error_Handler                            0x0800054b   Thumb Code     2  main.o(i.Error_Handler)
    FATFS_LinkDriver                         0x0800054d   Thumb Code     6  ff_gen_drv.o(i.FATFS_LinkDriver)
    FATFS_LinkDriverEx                       0x08000555   Thumb Code    58  ff_gen_drv.o(i.FATFS_LinkDriverEx)
    FLASH_Erase_Sector                       0x08000595   Thumb Code    80  stm32f4xx_hal_flash_ex.o(i.FLASH_Erase_Sector)
    FLASH_FlushCaches                        0x080005e9   Thumb Code    80  stm32f4xx_hal_flash_ex.o(i.FLASH_FlushCaches)
    FLASH_WaitForLastOperation               0x0800078d   Thumb Code    72  stm32f4xx_hal_flash.o(i.FLASH_WaitForLastOperation)
    Flash_Interaction                        0x08000a0d   Thumb Code    10  flash_iap.o(i.Flash_Interaction)
    HAL_DMA_Abort_IT                         0x08000a17   Thumb Code    36  stm32f4xx_hal_dma.o(i.HAL_DMA_Abort_IT)
    HAL_DMA_IRQHandler                       0x08000a3d   Thumb Code   412  stm32f4xx_hal_dma.o(i.HAL_DMA_IRQHandler)
    HAL_DMA_Init                             0x08000bdd   Thumb Code   206  stm32f4xx_hal_dma.o(i.HAL_DMA_Init)
    HAL_Delay                                0x08000cb1   Thumb Code    26  iap.o(i.HAL_Delay)
    HAL_FLASHEx_Erase                        0x08000cd1   Thumb Code   146  stm32f4xx_hal_flash_ex.o(i.HAL_FLASHEx_Erase)
    HAL_FLASH_Lock                           0x08000d6d   Thumb Code    14  stm32f4xx_hal_flash.o(i.HAL_FLASH_Lock)
    HAL_FLASH_Program                        0x08000d81   Thumb Code   116  stm32f4xx_hal_flash.o(i.HAL_FLASH_Program)
    HAL_FLASH_Unlock                         0x08000dfd   Thumb Code    32  stm32f4xx_hal_flash.o(i.HAL_FLASH_Unlock)
    HAL_GPIO_Init                            0x08000e29   Thumb Code   414  stm32f4xx_hal_gpio.o(i.HAL_GPIO_Init)
    HAL_GPIO_WritePin                        0x08000ffd   Thumb Code    10  stm32f4xx_hal_gpio.o(i.HAL_GPIO_WritePin)
    HAL_GetTick                              0x08001009   Thumb Code     6  stm32f4xx_hal.o(i.HAL_GetTick)
    HAL_IncTick                              0x08001015   Thumb Code    12  stm32f4xx_hal.o(i.HAL_IncTick)
    HAL_Init                                 0x08001025   Thumb Code    48  stm32f4xx_hal.o(i.HAL_Init)
    HAL_InitTick                             0x08001059   Thumb Code    54  stm32f4xx_hal.o(i.HAL_InitTick)
    HAL_MspInit                              0x08001099   Thumb Code    42  stm32f4xx_hal_msp.o(i.HAL_MspInit)
    HAL_NVIC_EnableIRQ                       0x080010c9   Thumb Code    26  stm32f4xx_hal_cortex.o(i.HAL_NVIC_EnableIRQ)
    HAL_NVIC_SetPriority                     0x080010e5   Thumb Code    60  stm32f4xx_hal_cortex.o(i.HAL_NVIC_SetPriority)
    HAL_NVIC_SetPriorityGrouping             0x08001125   Thumb Code    26  stm32f4xx_hal_cortex.o(i.HAL_NVIC_SetPriorityGrouping)
    HAL_PWREx_EnableOverDrive                0x08001149   Thumb Code    98  stm32f4xx_hal_pwr_ex.o(i.HAL_PWREx_EnableOverDrive)
    HAL_RCC_ClockConfig                      0x080011b9   Thumb Code   288  stm32f4xx_hal_rcc.o(i.HAL_RCC_ClockConfig)
    HAL_RCC_GetPCLK1Freq                     0x080012ed   Thumb Code    20  stm32f4xx_hal_rcc.o(i.HAL_RCC_GetPCLK1Freq)
    HAL_RCC_GetPCLK2Freq                     0x0800130d   Thumb Code    20  stm32f4xx_hal_rcc.o(i.HAL_RCC_GetPCLK2Freq)
    HAL_RCC_GetSysClockFreq                  0x0800132d   Thumb Code    88  stm32f4xx_hal_rcc.o(i.HAL_RCC_GetSysClockFreq)
    HAL_RCC_OscConfig                        0x08001391   Thumb Code   840  stm32f4xx_hal_rcc.o(i.HAL_RCC_OscConfig)
    HAL_SD_AbortCallback                     0x080016ed   Thumb Code     8  bsp_driver_sd.o(i.HAL_SD_AbortCallback)
    HAL_SD_ConfigWideBusOperation            0x080016f5   Thumb Code   238  stm32f4xx_hal_sd.o(i.HAL_SD_ConfigWideBusOperation)
    HAL_SD_ErrorCallback                     0x080017e9   Thumb Code     2  stm32f4xx_hal_sd.o(i.HAL_SD_ErrorCallback)
    HAL_SD_GetCardCSD                        0x080017ed   Thumb Code   402  stm32f4xx_hal_sd.o(i.HAL_SD_GetCardCSD)
    HAL_SD_GetCardInfo                       0x08001985   Thumb Code    36  stm32f4xx_hal_sd.o(i.HAL_SD_GetCardInfo)
    HAL_SD_GetCardState                      0x080019a9   Thumb Code    44  stm32f4xx_hal_sd.o(i.HAL_SD_GetCardState)
    HAL_SD_IRQHandler                        0x080019d5   Thumb Code   512  stm32f4xx_hal_sd.o(i.HAL_SD_IRQHandler)
    HAL_SD_Init                              0x08001bdd   Thumb Code    54  stm32f4xx_hal_sd.o(i.HAL_SD_Init)
    HAL_SD_InitCard                          0x08001c15   Thumb Code    78  stm32f4xx_hal_sd.o(i.HAL_SD_InitCard)
    HAL_SD_MspInit                           0x08001c69   Thumb Code   300  sdio.o(i.HAL_SD_MspInit)
    HAL_SD_ReadBlocks                        0x08001dad   Thumb Code   500  stm32f4xx_hal_sd.o(i.HAL_SD_ReadBlocks)
    HAL_SD_RxCpltCallback                    0x08001fa5   Thumb Code     8  bsp_driver_sd.o(i.HAL_SD_RxCpltCallback)
    HAL_SD_TxCpltCallback                    0x08001fad   Thumb Code     8  bsp_driver_sd.o(i.HAL_SD_TxCpltCallback)
    HAL_SD_WriteBlocks                       0x08001fb5   Thumb Code   454  stm32f4xx_hal_sd.o(i.HAL_SD_WriteBlocks)
    HAL_SPI_Init                             0x08002181   Thumb Code   128  stm32f4xx_hal_spi.o(i.HAL_SPI_Init)
    HAL_SPI_MspInit                          0x08002201   Thumb Code    94  spi.o(i.HAL_SPI_MspInit)
    HAL_SPI_TransmitReceive                  0x0800226d   Thumb Code   482  stm32f4xx_hal_spi.o(i.HAL_SPI_TransmitReceive)
    HAL_SYSTICK_Config                       0x0800244f   Thumb Code    40  stm32f4xx_hal_cortex.o(i.HAL_SYSTICK_Config)
    HAL_UART_ErrorCallback                   0x08002477   Thumb Code     2  stm32f4xx_hal_uart.o(i.HAL_UART_ErrorCallback)
    HAL_UART_IRQHandler                      0x08002479   Thumb Code   270  stm32f4xx_hal_uart.o(i.HAL_UART_IRQHandler)
    HAL_UART_Init                            0x0800258d   Thumb Code    98  stm32f4xx_hal_uart.o(i.HAL_UART_Init)
    HAL_UART_MspInit                         0x080025f1   Thumb Code   122  usart.o(i.HAL_UART_MspInit)
    HAL_UART_Receive                         0x0800267d   Thumb Code   190  stm32f4xx_hal_uart.o(i.HAL_UART_Receive)
    HAL_UART_RxCpltCallback                  0x0800273b   Thumb Code     2  stm32f4xx_hal_uart.o(i.HAL_UART_RxCpltCallback)
    HAL_UART_Transmit                        0x0800273d   Thumb Code   186  stm32f4xx_hal_uart.o(i.HAL_UART_Transmit)
    HAL_UART_TxCpltCallback                  0x080027f7   Thumb Code     2  stm32f4xx_hal_uart.o(i.HAL_UART_TxCpltCallback)
    HardFault_Handler                        0x080027f9   Thumb Code     2  stm32f4xx_it.o(i.HardFault_Handler)
    Interaction                              0x080028c1   Thumb Code    10  interaction.o(i.Interaction)
    MX_DMA_Init                              0x080028cd   Thumb Code    56  dma.o(i.MX_DMA_Init)
    MX_FATFS_Init                            0x08002909   Thumb Code    18  fatfs.o(i.MX_FATFS_Init)
    MX_GPIO_Init                             0x08002925   Thumb Code    86  gpio.o(i.MX_GPIO_Init)
    MX_SDIO_SD_Init                          0x08002981   Thumb Code    22  sdio.o(i.MX_SDIO_SD_Init)
    MX_SPI5_Init                             0x080029a1   Thumb Code    60  spi.o(i.MX_SPI5_Init)
    MX_USART1_UART_Init                      0x080029e5   Thumb Code    48  usart.o(i.MX_USART1_UART_Init)
    MemManage_Handler                        0x08002a1d   Thumb Code     2  stm32f4xx_it.o(i.MemManage_Handler)
    NMI_Handler                              0x08002a1f   Thumb Code     2  stm32f4xx_it.o(i.NMI_Handler)
    PendSV_Handler                           0x08002a21   Thumb Code     2  stm32f4xx_it.o(i.PendSV_Handler)
    SDIO_ConfigData                          0x08002c09   Thumb Code    36  stm32f4xx_ll_sdmmc.o(i.SDIO_ConfigData)
    SDIO_GetPowerState                       0x08002c2d   Thumb Code     8  stm32f4xx_ll_sdmmc.o(i.SDIO_GetPowerState)
    SDIO_GetResponse                         0x08002c35   Thumb Code     6  stm32f4xx_ll_sdmmc.o(i.SDIO_GetResponse)
    SDIO_IRQHandler                          0x08002c3d   Thumb Code     6  stm32f4xx_it.o(i.SDIO_IRQHandler)
    SDIO_Init                                0x08002c49   Thumb Code    36  stm32f4xx_ll_sdmmc.o(i.SDIO_Init)
    SDIO_PowerState_ON                       0x08002c6d   Thumb Code    16  stm32f4xx_ll_sdmmc.o(i.SDIO_PowerState_ON)
    SDIO_ReadFIFO                            0x08002c7d   Thumb Code     6  stm32f4xx_ll_sdmmc.o(i.SDIO_ReadFIFO)
    SDIO_SendCommand                         0x08002c83   Thumb Code    32  stm32f4xx_ll_sdmmc.o(i.SDIO_SendCommand)
    SDIO_WriteFIFO                           0x08002ca3   Thumb Code    10  stm32f4xx_ll_sdmmc.o(i.SDIO_WriteFIFO)
    SDMMC_CmdAppCommand                      0x08002cad   Thumb Code    50  stm32f4xx_ll_sdmmc.o(i.SDMMC_CmdAppCommand)
    SDMMC_CmdAppOperCommand                  0x08002ce1   Thumb Code    48  stm32f4xx_ll_sdmmc.o(i.SDMMC_CmdAppOperCommand)
    SDMMC_CmdBlockLength                     0x08002d15   Thumb Code    50  stm32f4xx_ll_sdmmc.o(i.SDMMC_CmdBlockLength)
    SDMMC_CmdBusWidth                        0x08002d47   Thumb Code    50  stm32f4xx_ll_sdmmc.o(i.SDMMC_CmdBusWidth)
    SDMMC_CmdGoIdleState                     0x08002d79   Thumb Code    74  stm32f4xx_ll_sdmmc.o(i.SDMMC_CmdGoIdleState)
    SDMMC_CmdOperCond                        0x08002dc9   Thumb Code   112  stm32f4xx_ll_sdmmc.o(i.SDMMC_CmdOperCond)
    SDMMC_CmdReadMultiBlock                  0x08002e3d   Thumb Code    50  stm32f4xx_ll_sdmmc.o(i.SDMMC_CmdReadMultiBlock)
    SDMMC_CmdReadSingleBlock                 0x08002e6f   Thumb Code    50  stm32f4xx_ll_sdmmc.o(i.SDMMC_CmdReadSingleBlock)
    SDMMC_CmdSelDesel                        0x08002ea1   Thumb Code    50  stm32f4xx_ll_sdmmc.o(i.SDMMC_CmdSelDesel)
    SDMMC_CmdSendCID                         0x08002ed3   Thumb Code    44  stm32f4xx_ll_sdmmc.o(i.SDMMC_CmdSendCID)
    SDMMC_CmdSendCSD                         0x08002eff   Thumb Code    44  stm32f4xx_ll_sdmmc.o(i.SDMMC_CmdSendCSD)
    SDMMC_CmdSendSCR                         0x08002f2b   Thumb Code    48  stm32f4xx_ll_sdmmc.o(i.SDMMC_CmdSendSCR)
    SDMMC_CmdSendStatus                      0x08002f5b   Thumb Code    50  stm32f4xx_ll_sdmmc.o(i.SDMMC_CmdSendStatus)
    SDMMC_CmdSetRelAdd                       0x08002f8d   Thumb Code    48  stm32f4xx_ll_sdmmc.o(i.SDMMC_CmdSetRelAdd)
    SDMMC_CmdStopTransfer                    0x08002fbd   Thumb Code    46  stm32f4xx_ll_sdmmc.o(i.SDMMC_CmdStopTransfer)
    SDMMC_CmdWriteMultiBlock                 0x08002ff1   Thumb Code    50  stm32f4xx_ll_sdmmc.o(i.SDMMC_CmdWriteMultiBlock)
    SDMMC_CmdWriteSingleBlock                0x08003023   Thumb Code    50  stm32f4xx_ll_sdmmc.o(i.SDMMC_CmdWriteSingleBlock)
    SD_initialize                            0x080035b1   Thumb Code    28  sd_diskio.o(i.SD_initialize)
    SD_ioctl                                 0x080035d1   Thumb Code    76  sd_diskio.o(i.SD_ioctl)
    SD_read                                  0x08003621   Thumb Code    38  sd_diskio.o(i.SD_read)
    SD_status                                0x08003647   Thumb Code     4  sd_diskio.o(i.SD_status)
    SD_write                                 0x0800364d   Thumb Code    38  sd_diskio.o(i.SD_write)
    SPI_FLASH_Write_Enable                   0x080036cd   Thumb Code    34  flash.o(i.SPI_FLASH_Write_Enable)
    SPI_Flash_Erase_Sector                   0x080036f5   Thumb Code    70  flash.o(i.SPI_Flash_Erase_Sector)
    SPI_Flash_Read                           0x08003741   Thumb Code    84  flash.o(i.SPI_Flash_Read)
    SPI_Flash_ReadSR                         0x08003799   Thumb Code    42  flash.o(i.SPI_Flash_ReadSR)
    SPI_Flash_Wait_Busy                      0x080037c9   Thumb Code    14  flash.o(i.SPI_Flash_Wait_Busy)
    SPI_Flash_Write                          0x080037d9   Thumb Code   152  flash.o(i.SPI_Flash_Write)
    SPI_Flash_Write_NoCheck                  0x08003875   Thumb Code    62  flash.o(i.SPI_Flash_Write_NoCheck)
    SPI_Flash_Write_Page                     0x080038b5   Thumb Code    90  flash.o(i.SPI_Flash_Write_Page)
    SPI_ReadWriteByte                        0x08003915   Thumb Code    28  driver_spi.o(i.SPI_ReadWriteByte)
    STMFLASH_GetFlashSector                  0x080039c9   Thumb Code   234  stmflash.o(i.STMFLASH_GetFlashSector)
    STMFLASH_Write                           0x08003b0d   Thumb Code   146  stmflash.o(i.STMFLASH_Write)
    SVC_Handler                              0x08003ba5   Thumb Code     2  stm32f4xx_it.o(i.SVC_Handler)
    SysTick_Handler                          0x08003ba7   Thumb Code     4  stm32f4xx_it.o(i.SysTick_Handler)
    SystemClock_Config                       0x08003bad   Thumb Code   126  main.o(i.SystemClock_Config)
    SystemInit                               0x08003c35   Thumb Code    22  system_stm32f4xx.o(i.SystemInit)
    USART1_IRQHandler                        0x08003f05   Thumb Code    18  stm32f4xx_it.o(i.USART1_IRQHandler)
    USER_USART1_IRQHandler                   0x08003f1d   Thumb Code    48  usart.o(i.USER_USART1_IRQHandler)
    UsageFault_Handler                       0x08003f55   Thumb Code     2  stm32f4xx_it.o(i.UsageFault_Handler)
    __0sprintf$1                             0x08003f59   Thumb Code    34  printf1.o(i.__0sprintf$1)
    __1sprintf$1                             0x08003f59   Thumb Code     0  printf1.o(i.__0sprintf$1)
    __2sprintf                               0x08003f59   Thumb Code     0  printf1.o(i.__0sprintf$1)
    __scatterload_copy                       0x08003fa1   Thumb Code    14  handlers.o(i.__scatterload_copy)
    __scatterload_null                       0x08003faf   Thumb Code     2  handlers.o(i.__scatterload_null)
    __scatterload_zeroinit                   0x08003fb1   Thumb Code    14  handlers.o(i.__scatterload_zeroinit)
    iap_load_app                             0x08004121   Thumb Code    36  iap.o(i.iap_load_app)
    iap_write_appbin                         0x0800414d   Thumb Code   102  iap.o(i.iap_write_appbin)
    main                                     0x080041b9   Thumb Code    38  main.o(i.main)
    SD_Driver                                0x080041e0   Data          20  sd_diskio.o(.constdata)
    AHBPrescTable                            0x080041fc   Data          16  system_stm32f4xx.o(.constdata)
    APBPrescTable                            0x0800420c   Data           8  system_stm32f4xx.o(.constdata)
    Region$$Table$$Base                      0x08004214   Number         0  anon$$obj.o(Region$$Table)
    Region$$Table$$Limit                     0x08004234   Number         0  anon$$obj.o(Region$$Table)
    USART_RX_CNT                             0x20000000   Data           4  usart.o(.data)
    retSD                                    0x20000005   Data           1  fatfs.o(.data)
    SDPath                                   0x20000006   Data           4  fatfs.o(.data)
    jump2app                                 0x2000000c   Data           4  iap.o(.data)
    uwTickFreq                               0x20000010   Data           1  stm32f4xx_hal.o(.data)
    uwTickPrio                               0x20000014   Data           4  stm32f4xx_hal.o(.data)
    uwTick                                   0x20000018   Data           4  stm32f4xx_hal.o(.data)
    SystemCoreClock                          0x2000001c   Data           4  system_stm32f4xx.o(.data)
    hsd                                      0x20000020   Data         132  sdio.o(.bss)
    hdma_sdio_rx                             0x200000a4   Data          96  sdio.o(.bss)
    hdma_sdio_tx                             0x20000104   Data          96  sdio.o(.bss)
    hspi5                                    0x20000164   Data          88  spi.o(.bss)
    huart1                                   0x200001bc   Data          64  usart.o(.bss)
    disk                                     0x200001fc   Data          12  ff_gen_drv.o(.bss)
    iapbuf                                   0x20000208   Data        2048  iap.o(.bss)
    pFlash                                   0x20000a08   Data          32  stm32f4xx_hal_flash.o(.bss)
    __initial_sp                             0x20000e28   Data           0  startup_stm32f429xx.o(STACK)
    Progress_Buff                            0x20001000   Data       184320  iap.o(.ARM.__AT_0x20001000)
    SPI_FLASH_BUF                            0x2002e000   Data        4096  flash.o(.bss)



==============================================================================

Memory Map of the image

  Image Entry point : 0x080001ad

  Load Region LR_IROM1 (Base: 0x08000000, Size: 0x00004254, Max: 0x00100000, ABSOLUTE)

    Execution Region ER_IROM1 (Base: 0x08000000, Size: 0x00004234, Max: 0x00100000, ABSOLUTE)

    Base Addr    Size         Type   Attr      Idx    E Section Name        Object

    0x08000000   0x000001ac   Data   RO            3    RESET               startup_stm32f429xx.o
    0x080001ac   0x00000000   Code   RO         4010  * .ARM.Collect$$$$00000000  mc_w.l(entry.o)
    0x080001ac   0x00000004   Code   RO         4282    .ARM.Collect$$$$00000001  mc_w.l(entry2.o)
    0x080001b0   0x00000004   Code   RO         4285    .ARM.Collect$$$$00000004  mc_w.l(entry5.o)
    0x080001b4   0x00000000   Code   RO         4287    .ARM.Collect$$$$00000008  mc_w.l(entry7b.o)
    0x080001b4   0x00000000   Code   RO         4289    .ARM.Collect$$$$0000000A  mc_w.l(entry8b.o)
    0x080001b4   0x00000008   Code   RO         4290    .ARM.Collect$$$$0000000B  mc_w.l(entry9a.o)
    0x080001bc   0x00000000   Code   RO         4292    .ARM.Collect$$$$0000000D  mc_w.l(entry10a.o)
    0x080001bc   0x00000000   Code   RO         4294    .ARM.Collect$$$$0000000F  mc_w.l(entry11a.o)
    0x080001bc   0x00000004   Code   RO         4283    .ARM.Collect$$$$00002712  mc_w.l(entry2.o)
    0x080001c0   0x00000006   Code   RO         1347    .emb_text           iap.o
    0x080001c6   0x00000002   PAD
    0x080001c8   0x00000024   Code   RO            4    .text               startup_stm32f429xx.o
    0x080001ec   0x00000062   Code   RO         4013    .text               mc_w.l(uldiv.o)
    0x0800024e   0x00000024   Code   RO         4015    .text               mc_w.l(memcpya.o)
    0x08000272   0x00000024   Code   RO         4017    .text               mc_w.l(memseta.o)
    0x08000296   0x0000002c   Code   RO         4299    .text               mc_w.l(uidiv.o)
    0x080002c2   0x0000001e   Code   RO         4301    .text               mc_w.l(llshl.o)
    0x080002e0   0x00000020   Code   RO         4303    .text               mc_w.l(llushr.o)
    0x08000300   0x00000024   Code   RO         4316    .text               mc_w.l(init.o)
    0x08000324   0x00000002   Code   RO          561    i.BSP_SD_AbortCallback  bsp_driver_sd.o
    0x08000326   0x00000002   PAD
    0x08000328   0x0000000c   Code   RO          564    i.BSP_SD_GetCardInfo  bsp_driver_sd.o
    0x08000334   0x00000018   Code   RO          565    i.BSP_SD_GetCardState  bsp_driver_sd.o
    0x0800034c   0x00000030   Code   RO          567    i.BSP_SD_Init       bsp_driver_sd.o
    0x0800037c   0x0000000e   Code   RO          568    i.BSP_SD_IsDetected  bsp_driver_sd.o
    0x0800038a   0x00000002   PAD
    0x0800038c   0x00000020   Code   RO          569    i.BSP_SD_ReadBlocks  bsp_driver_sd.o
    0x080003ac   0x00000002   Code   RO          571    i.BSP_SD_ReadCpltCallback  bsp_driver_sd.o
    0x080003ae   0x00000002   PAD
    0x080003b0   0x00000020   Code   RO          572    i.BSP_SD_WriteBlocks  bsp_driver_sd.o
    0x080003d0   0x00000002   Code   RO          574    i.BSP_SD_WriteCpltCallback  bsp_driver_sd.o
    0x080003d2   0x00000002   Code   RO          437    i.BusFault_Handler  stm32f4xx_it.o
    0x080003d4   0x000000c0   Code   RO         1443    i.Choose_Pro        flash_iap.o
    0x08000494   0x00000020   Code   RO         1444    i.Clear_Buff        flash_iap.o
    0x080004b4   0x0000000c   Code   RO          438    i.DMA2_Stream3_IRQHandler  stm32f4xx_it.o
    0x080004c0   0x0000000c   Code   RO          439    i.DMA2_Stream6_IRQHandler  stm32f4xx_it.o
    0x080004cc   0x00000028   Code   RO         2075    i.DMA_CalcBaseAndBitshift  stm32f4xx_hal_dma.o
    0x080004f4   0x00000054   Code   RO         2076    i.DMA_CheckFifoParam  stm32f4xx_hal_dma.o
    0x08000548   0x00000002   Code   RO          440    i.DebugMon_Handler  stm32f4xx_it.o
    0x0800054a   0x00000002   Code   RO          180    i.Error_Handler     main.o
    0x0800054c   0x00000006   Code   RO         1167    i.FATFS_LinkDriver  ff_gen_drv.o
    0x08000552   0x00000002   PAD
    0x08000554   0x00000040   Code   RO         1168    i.FATFS_LinkDriverEx  ff_gen_drv.o
    0x08000594   0x00000054   Code   RO         1850    i.FLASH_Erase_Sector  stm32f4xx_hal_flash_ex.o
    0x080005e8   0x00000054   Code   RO         1851    i.FLASH_FlushCaches  stm32f4xx_hal_flash_ex.o
    0x0800063c   0x00000040   Code   RO         1852    i.FLASH_MassErase   stm32f4xx_hal_flash_ex.o
    0x0800067c   0x00000020   Code   RO         1732    i.FLASH_Program_Byte  stm32f4xx_hal_flash.o
    0x0800069c   0x0000002c   Code   RO         1733    i.FLASH_Program_DoubleWord  stm32f4xx_hal_flash.o
    0x080006c8   0x00000024   Code   RO         1734    i.FLASH_Program_HalfWord  stm32f4xx_hal_flash.o
    0x080006ec   0x00000024   Code   RO         1735    i.FLASH_Program_Word  stm32f4xx_hal_flash.o
    0x08000710   0x0000007c   Code   RO         1736    i.FLASH_SetErrorCode  stm32f4xx_hal_flash.o
    0x0800078c   0x00000050   Code   RO         1737    i.FLASH_WaitForLastOperation  stm32f4xx_hal_flash.o
    0x080007dc   0x00000118   Code   RO         1445    i.Flash_Execute_Progress  flash_iap.o
    0x080008f4   0x00000118   Code   RO         1446    i.Flash_Hardware_Update  flash_iap.o
    0x08000a0c   0x0000000a   Code   RO         1447    i.Flash_Interaction  flash_iap.o
    0x08000a16   0x00000024   Code   RO         2079    i.HAL_DMA_Abort_IT  stm32f4xx_hal_dma.o
    0x08000a3a   0x00000002   PAD
    0x08000a3c   0x000001a0   Code   RO         2083    i.HAL_DMA_IRQHandler  stm32f4xx_hal_dma.o
    0x08000bdc   0x000000d4   Code   RO         2084    i.HAL_DMA_Init      stm32f4xx_hal_dma.o
    0x08000cb0   0x00000020   Code   RO         1348    i.HAL_Delay         iap.o
    0x08000cd0   0x0000009c   Code   RO         1857    i.HAL_FLASHEx_Erase  stm32f4xx_hal_flash_ex.o
    0x08000d6c   0x00000014   Code   RO         1741    i.HAL_FLASH_Lock    stm32f4xx_hal_flash.o
    0x08000d80   0x0000007c   Code   RO         1746    i.HAL_FLASH_Program  stm32f4xx_hal_flash.o
    0x08000dfc   0x0000002c   Code   RO         1748    i.HAL_FLASH_Unlock  stm32f4xx_hal_flash.o
    0x08000e28   0x000001d4   Code   RO         1971    i.HAL_GPIO_Init     stm32f4xx_hal_gpio.o
    0x08000ffc   0x0000000a   Code   RO         1975    i.HAL_GPIO_WritePin  stm32f4xx_hal_gpio.o
    0x08001006   0x00000002   PAD
    0x08001008   0x0000000c   Code   RO         2523    i.HAL_GetTick       stm32f4xx_hal.o
    0x08001014   0x00000010   Code   RO         2529    i.HAL_IncTick       stm32f4xx_hal.o
    0x08001024   0x00000034   Code   RO         2530    i.HAL_Init          stm32f4xx_hal.o
    0x08001058   0x00000040   Code   RO         2531    i.HAL_InitTick      stm32f4xx_hal.o
    0x08001098   0x00000030   Code   RO          537    i.HAL_MspInit       stm32f4xx_hal_msp.o
    0x080010c8   0x0000001a   Code   RO         2378    i.HAL_NVIC_EnableIRQ  stm32f4xx_hal_cortex.o
    0x080010e2   0x00000002   PAD
    0x080010e4   0x00000040   Code   RO         2384    i.HAL_NVIC_SetPriority  stm32f4xx_hal_cortex.o
    0x08001124   0x00000024   Code   RO         2385    i.HAL_NVIC_SetPriorityGrouping  stm32f4xx_hal_cortex.o
    0x08001148   0x00000070   Code   RO         2307    i.HAL_PWREx_EnableOverDrive  stm32f4xx_hal_pwr_ex.o
    0x080011b8   0x00000134   Code   RO         1565    i.HAL_RCC_ClockConfig  stm32f4xx_hal_rcc.o
    0x080012ec   0x00000020   Code   RO         1572    i.HAL_RCC_GetPCLK1Freq  stm32f4xx_hal_rcc.o
    0x0800130c   0x00000020   Code   RO         1573    i.HAL_RCC_GetPCLK2Freq  stm32f4xx_hal_rcc.o
    0x0800132c   0x00000064   Code   RO         1574    i.HAL_RCC_GetSysClockFreq  stm32f4xx_hal_rcc.o
    0x08001390   0x0000035c   Code   RO         1577    i.HAL_RCC_OscConfig  stm32f4xx_hal_rcc.o
    0x080016ec   0x00000008   Code   RO          575    i.HAL_SD_AbortCallback  bsp_driver_sd.o
    0x080016f4   0x000000f4   Code   RO         3045    i.HAL_SD_ConfigWideBusOperation  stm32f4xx_hal_sd.o
    0x080017e8   0x00000002   Code   RO         3048    i.HAL_SD_ErrorCallback  stm32f4xx_hal_sd.o
    0x080017ea   0x00000002   PAD
    0x080017ec   0x00000198   Code   RO         3050    i.HAL_SD_GetCardCSD  stm32f4xx_hal_sd.o
    0x08001984   0x00000024   Code   RO         3051    i.HAL_SD_GetCardInfo  stm32f4xx_hal_sd.o
    0x080019a8   0x0000002c   Code   RO         3052    i.HAL_SD_GetCardState  stm32f4xx_hal_sd.o
    0x080019d4   0x00000208   Code   RO         3056    i.HAL_SD_IRQHandler  stm32f4xx_hal_sd.o
    0x08001bdc   0x00000036   Code   RO         3057    i.HAL_SD_Init       stm32f4xx_hal_sd.o
    0x08001c12   0x00000002   PAD
    0x08001c14   0x00000054   Code   RO         3058    i.HAL_SD_InitCard   stm32f4xx_hal_sd.o
    0x08001c68   0x00000144   Code   RO          304    i.HAL_SD_MspInit    sdio.o
    0x08001dac   0x000001f8   Code   RO         3061    i.HAL_SD_ReadBlocks  stm32f4xx_hal_sd.o
    0x08001fa4   0x00000008   Code   RO          576    i.HAL_SD_RxCpltCallback  bsp_driver_sd.o
    0x08001fac   0x00000008   Code   RO          577    i.HAL_SD_TxCpltCallback  bsp_driver_sd.o
    0x08001fb4   0x000001cc   Code   RO         3066    i.HAL_SD_WriteBlocks  stm32f4xx_hal_sd.o
    0x08002180   0x00000080   Code   RO         3278    i.HAL_SPI_Init      stm32f4xx_hal_spi.o
    0x08002200   0x0000006c   Code   RO          346    i.HAL_SPI_MspInit   spi.o
    0x0800226c   0x000001e2   Code   RO         3287    i.HAL_SPI_TransmitReceive  stm32f4xx_hal_spi.o
    0x0800244e   0x00000028   Code   RO         2389    i.HAL_SYSTICK_Config  stm32f4xx_hal_cortex.o
    0x08002476   0x00000002   Code   RO         3646    i.HAL_UART_ErrorCallback  stm32f4xx_hal_uart.o
    0x08002478   0x00000114   Code   RO         3649    i.HAL_UART_IRQHandler  stm32f4xx_hal_uart.o
    0x0800258c   0x00000062   Code   RO         3650    i.HAL_UART_Init     stm32f4xx_hal_uart.o
    0x080025ee   0x00000002   PAD
    0x080025f0   0x0000008c   Code   RO          388    i.HAL_UART_MspInit  usart.o
    0x0800267c   0x000000be   Code   RO         3653    i.HAL_UART_Receive  stm32f4xx_hal_uart.o
    0x0800273a   0x00000002   Code   RO         3656    i.HAL_UART_RxCpltCallback  stm32f4xx_hal_uart.o
    0x0800273c   0x000000ba   Code   RO         3658    i.HAL_UART_Transmit  stm32f4xx_hal_uart.o
    0x080027f6   0x00000002   Code   RO         3661    i.HAL_UART_TxCpltCallback  stm32f4xx_hal_uart.o
    0x080027f8   0x00000002   Code   RO          441    i.HardFault_Handler  stm32f4xx_it.o
    0x080027fa   0x00000002   PAD
    0x080027fc   0x000000c4   Code   RO           13    i.Inquiry           interaction.o
    0x080028c0   0x0000000a   Code   RO           14    i.Interaction       interaction.o
    0x080028ca   0x00000002   PAD
    0x080028cc   0x0000003c   Code   RO          279    i.MX_DMA_Init       dma.o
    0x08002908   0x0000001c   Code   RO          742    i.MX_FATFS_Init     fatfs.o
    0x08002924   0x0000005c   Code   RO          255    i.MX_GPIO_Init      gpio.o
    0x08002980   0x00000020   Code   RO          305    i.MX_SDIO_SD_Init   sdio.o
    0x080029a0   0x00000044   Code   RO          347    i.MX_SPI5_Init      spi.o
    0x080029e4   0x00000038   Code   RO          389    i.MX_USART1_UART_Init  usart.o
    0x08002a1c   0x00000002   Code   RO          442    i.MemManage_Handler  stm32f4xx_it.o
    0x08002a1e   0x00000002   Code   RO          443    i.NMI_Handler       stm32f4xx_it.o
    0x08002a20   0x00000002   Code   RO          444    i.PendSV_Handler    stm32f4xx_it.o
    0x08002a22   0x00000002   PAD
    0x08002a24   0x00000060   Code   RO         1448    i.Pro_Address       flash_iap.o
    0x08002a84   0x00000118   Code   RO         1449    i.Read_Pro_Name_Flash  flash_iap.o
    0x08002b9c   0x0000006c   Code   RO         1450    i.Receive_Name      flash_iap.o
    0x08002c08   0x00000024   Code   RO         2778    i.SDIO_ConfigData   stm32f4xx_ll_sdmmc.o
    0x08002c2c   0x00000008   Code   RO         2782    i.SDIO_GetPowerState  stm32f4xx_ll_sdmmc.o
    0x08002c34   0x00000006   Code   RO         2783    i.SDIO_GetResponse  stm32f4xx_ll_sdmmc.o
    0x08002c3a   0x00000002   PAD
    0x08002c3c   0x0000000c   Code   RO          445    i.SDIO_IRQHandler   stm32f4xx_it.o
    0x08002c48   0x00000024   Code   RO         2784    i.SDIO_Init         stm32f4xx_ll_sdmmc.o
    0x08002c6c   0x00000010   Code   RO         2786    i.SDIO_PowerState_ON  stm32f4xx_ll_sdmmc.o
    0x08002c7c   0x00000006   Code   RO         2787    i.SDIO_ReadFIFO     stm32f4xx_ll_sdmmc.o
    0x08002c82   0x00000020   Code   RO         2788    i.SDIO_SendCommand  stm32f4xx_ll_sdmmc.o
    0x08002ca2   0x0000000a   Code   RO         2790    i.SDIO_WriteFIFO    stm32f4xx_ll_sdmmc.o
    0x08002cac   0x00000032   Code   RO         2791    i.SDMMC_CmdAppCommand  stm32f4xx_ll_sdmmc.o
    0x08002cde   0x00000002   PAD
    0x08002ce0   0x00000034   Code   RO         2792    i.SDMMC_CmdAppOperCommand  stm32f4xx_ll_sdmmc.o
    0x08002d14   0x00000032   Code   RO         2793    i.SDMMC_CmdBlockLength  stm32f4xx_ll_sdmmc.o
    0x08002d46   0x00000032   Code   RO         2794    i.SDMMC_CmdBusWidth  stm32f4xx_ll_sdmmc.o
    0x08002d78   0x00000050   Code   RO         2798    i.SDMMC_CmdGoIdleState  stm32f4xx_ll_sdmmc.o
    0x08002dc8   0x00000074   Code   RO         2800    i.SDMMC_CmdOperCond  stm32f4xx_ll_sdmmc.o
    0x08002e3c   0x00000032   Code   RO         2801    i.SDMMC_CmdReadMultiBlock  stm32f4xx_ll_sdmmc.o
    0x08002e6e   0x00000032   Code   RO         2802    i.SDMMC_CmdReadSingleBlock  stm32f4xx_ll_sdmmc.o
    0x08002ea0   0x00000032   Code   RO         2805    i.SDMMC_CmdSelDesel  stm32f4xx_ll_sdmmc.o
    0x08002ed2   0x0000002c   Code   RO         2806    i.SDMMC_CmdSendCID  stm32f4xx_ll_sdmmc.o
    0x08002efe   0x0000002c   Code   RO         2807    i.SDMMC_CmdSendCSD  stm32f4xx_ll_sdmmc.o
    0x08002f2a   0x00000030   Code   RO         2808    i.SDMMC_CmdSendSCR  stm32f4xx_ll_sdmmc.o
    0x08002f5a   0x00000032   Code   RO         2809    i.SDMMC_CmdSendStatus  stm32f4xx_ll_sdmmc.o
    0x08002f8c   0x00000030   Code   RO         2810    i.SDMMC_CmdSetRelAdd  stm32f4xx_ll_sdmmc.o
    0x08002fbc   0x00000034   Code   RO         2812    i.SDMMC_CmdStopTransfer  stm32f4xx_ll_sdmmc.o
    0x08002ff0   0x00000032   Code   RO         2814    i.SDMMC_CmdWriteMultiBlock  stm32f4xx_ll_sdmmc.o
    0x08003022   0x00000032   Code   RO         2815    i.SDMMC_CmdWriteSingleBlock  stm32f4xx_ll_sdmmc.o
    0x08003054   0x00000120   Code   RO         2816    i.SDMMC_GetCmdResp1  stm32f4xx_ll_sdmmc.o
    0x08003174   0x00000050   Code   RO         2817    i.SDMMC_GetCmdResp2  stm32f4xx_ll_sdmmc.o
    0x080031c4   0x00000044   Code   RO         2818    i.SDMMC_GetCmdResp3  stm32f4xx_ll_sdmmc.o
    0x08003208   0x00000088   Code   RO         2819    i.SDMMC_GetCmdResp6  stm32f4xx_ll_sdmmc.o
    0x08003290   0x00000020   Code   RO          682    i.SD_CheckStatus    sd_diskio.o
    0x080032b0   0x00000044   Code   RO         3071    i.SD_DMARxAbort     stm32f4xx_hal_sd.o
    0x080032f4   0x00000044   Code   RO         3073    i.SD_DMATxAbort     stm32f4xx_hal_sd.o
    0x08003338   0x000000d4   Code   RO         3074    i.SD_FindSCR        stm32f4xx_hal_sd.o
    0x0800340c   0x000000ee   Code   RO         3075    i.SD_InitCard       stm32f4xx_hal_sd.o
    0x080034fa   0x00000002   PAD
    0x080034fc   0x000000b4   Code   RO         3076    i.SD_PowerON        stm32f4xx_hal_sd.o
    0x080035b0   0x00000020   Code   RO          683    i.SD_initialize     sd_diskio.o
    0x080035d0   0x00000050   Code   RO          684    i.SD_ioctl          sd_diskio.o
    0x08003620   0x00000026   Code   RO          685    i.SD_read           sd_diskio.o
    0x08003646   0x00000004   Code   RO          686    i.SD_status         sd_diskio.o
    0x0800364a   0x00000002   PAD
    0x0800364c   0x00000026   Code   RO          687    i.SD_write          sd_diskio.o
    0x08003672   0x00000002   PAD
    0x08003674   0x00000058   Code   RO         3316    i.SPI_EndRxTxTransaction  stm32f4xx_hal_spi.o
    0x080036cc   0x00000028   Code   RO         1242    i.SPI_FLASH_Write_Enable  flash.o
    0x080036f4   0x0000004c   Code   RO         1245    i.SPI_Flash_Erase_Sector  flash.o
    0x08003740   0x00000058   Code   RO         1247    i.SPI_Flash_Read    flash.o
    0x08003798   0x00000030   Code   RO         1249    i.SPI_Flash_ReadSR  flash.o
    0x080037c8   0x0000000e   Code   RO         1251    i.SPI_Flash_Wait_Busy  flash.o
    0x080037d6   0x00000002   PAD
    0x080037d8   0x0000009c   Code   RO         1252    i.SPI_Flash_Write   flash.o
    0x08003874   0x0000003e   Code   RO         1253    i.SPI_Flash_Write_NoCheck  flash.o
    0x080038b2   0x00000002   PAD
    0x080038b4   0x00000060   Code   RO         1254    i.SPI_Flash_Write_Page  flash.o
    0x08003914   0x00000020   Code   RO         3989    i.SPI_ReadWriteByte  driver_spi.o
    0x08003934   0x00000094   Code   RO         3321    i.SPI_WaitFlagStateUntilTimeout  stm32f4xx_hal_spi.o
    0x080039c8   0x00000144   Code   RO         1395    i.STMFLASH_GetFlashSector  stmflash.o
    0x08003b0c   0x00000098   Code   RO         1398    i.STMFLASH_Write    stmflash.o
    0x08003ba4   0x00000002   Code   RO          446    i.SVC_Handler       stm32f4xx_it.o
    0x08003ba6   0x00000004   Code   RO          447    i.SysTick_Handler   stm32f4xx_it.o
    0x08003baa   0x00000002   PAD
    0x08003bac   0x00000088   Code   RO          181    i.SystemClock_Config  main.o
    0x08003c34   0x0000001c   Code   RO         3952    i.SystemInit        system_stm32f4xx.o
    0x08003c50   0x00000010   Code   RO         3663    i.UART_DMAAbortOnError  stm32f4xx_hal_uart.o
    0x08003c60   0x0000001c   Code   RO         3673    i.UART_EndRxTransfer  stm32f4xx_hal_uart.o
    0x08003c7c   0x00000096   Code   RO         3675    i.UART_Receive_IT   stm32f4xx_hal_uart.o
    0x08003d12   0x00000002   PAD
    0x08003d14   0x00000128   Code   RO         3676    i.UART_SetConfig    stm32f4xx_hal_uart.o
    0x08003e3c   0x00000062   Code   RO         3677    i.UART_Transmit_IT  stm32f4xx_hal_uart.o
    0x08003e9e   0x00000064   Code   RO         3678    i.UART_WaitOnFlagUntilTimeout  stm32f4xx_hal_uart.o
    0x08003f02   0x00000002   PAD
    0x08003f04   0x00000018   Code   RO          448    i.USART1_IRQHandler  stm32f4xx_it.o
    0x08003f1c   0x00000038   Code   RO          390    i.USER_USART1_IRQHandler  usart.o
    0x08003f54   0x00000002   Code   RO          449    i.UsageFault_Handler  stm32f4xx_it.o
    0x08003f56   0x00000002   PAD
    0x08003f58   0x00000028   Code   RO         4068    i.__0sprintf$1      mc_w.l(printf1.o)
    0x08003f80   0x00000020   Code   RO         2391    i.__NVIC_SetPriority  stm32f4xx_hal_cortex.o
    0x08003fa0   0x0000000e   Code   RO         4326    i.__scatterload_copy  mc_w.l(handlers.o)
    0x08003fae   0x00000002   Code   RO         4327    i.__scatterload_null  mc_w.l(handlers.o)
    0x08003fb0   0x0000000e   Code   RO         4328    i.__scatterload_zeroinit  mc_w.l(handlers.o)
    0x08003fbe   0x00000002   PAD
    0x08003fc0   0x00000154   Code   RO         4073    i._printf_core      mc_w.l(printf1.o)
    0x08004114   0x0000000a   Code   RO         4075    i._sputc            mc_w.l(printf1.o)
    0x0800411e   0x00000002   PAD
    0x08004120   0x0000002c   Code   RO         1349    i.iap_load_app      iap.o
    0x0800414c   0x0000006c   Code   RO         1350    i.iap_write_appbin  iap.o
    0x080041b8   0x00000026   Code   RO          182    i.main              main.o
    0x080041de   0x00000002   PAD
    0x080041e0   0x00000014   Data   RO          688    .constdata          sd_diskio.o
    0x080041f4   0x00000008   Data   RO         2090    .constdata          stm32f4xx_hal_dma.o
    0x080041fc   0x00000010   Data   RO         3953    .constdata          system_stm32f4xx.o
    0x0800420c   0x00000008   Data   RO         3954    .constdata          system_stm32f4xx.o
    0x08004214   0x00000020   Data   RO         4324    Region$$Table       anon$$obj.o


    Execution Region RW_IRAM2 (Base: 0x10000000, Size: 0x00000000, Max: 0x00010000, ABSOLUTE)

    **** No section assigned to this execution region ****


    Execution Region RW_IRAM1 (Base: 0x20000000, Size: 0x0002f000, Max: 0x00030000, ABSOLUTE)

    Base Addr    Size         Type   Attr      Idx    E Section Name        Object

    0x20000000   0x00000004   Data   RW          393    .data               usart.o
    0x20000004   0x00000001   Data   RW          689    .data               sd_diskio.o
    0x20000005   0x00000005   Data   RW          746    .data               fatfs.o
    0x2000000a   0x00000002   PAD
    0x2000000c   0x00000004   Data   RW         1353    .data               iap.o
    0x20000010   0x0000000c   Data   RW         2537    .data               stm32f4xx_hal.o
    0x2000001c   0x00000004   Data   RW         3955    .data               system_stm32f4xx.o
    0x20000020   0x00000144   Zero   RW          306    .bss                sdio.o
    0x20000164   0x00000058   Zero   RW          348    .bss                spi.o
    0x200001bc   0x00000040   Zero   RW          391    .bss                usart.o
    0x200001fc   0x0000000c   Zero   RW         1171    .bss                ff_gen_drv.o
    0x20000208   0x00000800   Zero   RW         1352    .bss                iap.o
    0x20000a08   0x00000020   Zero   RW         1749    .bss                stm32f4xx_hal_flash.o
    0x20000a28   0x00000400   Zero   RW            1    STACK               startup_stm32f429xx.o
    0x20000e28   0x000001d8   PAD
    0x20001000   0x0002d000   Zero   RW         1351    .ARM.__AT_0x20001000  iap.o
    0x2002e000   0x00001000   Zero   RW         1255    .bss                flash.o


==============================================================================

Image component sizes


      Code (inc. data)   RO Data    RW Data    ZI Data      Debug   Object Name

       192         26          0          0          0       7303   bsp_driver_sd.o
        60          4          0          0          0        814   dma.o
        32          4          0          0          0        596   driver_spi.o
        28         10          0          5          0       1098   fatfs.o
        70          6          0          0         12       1679   ff_gen_drv.o
       580         32          0          0       4096       6288   flash.o
      1278        426          0          0          0       7200   flash_iap.o
        92          6          0          0          0        939   gpio.o
       190         20          0          4     186368       3710   iap.o
       206        104          0          0          0     758934   interaction.o
       176         10          0          0          0       6540   main.o
       224         14         20          1          0       4652   sd_diskio.o
       356         34          0          0        324       1927   sdio.o
       176         22          0          0         88       1749   spi.o
        36          8        428          0       1024        852   startup_stm32f429xx.o
       144         24          0         12          0       9033   stm32f4xx_hal.o
       198         14          0          0          0      34043   stm32f4xx_hal_cortex.o
       788         16          8          0          0       4819   stm32f4xx_hal_dma.o
       540         66          0          0         32       6782   stm32f4xx_hal_flash.o
       388         24          0          0          0       4454   stm32f4xx_hal_flash_ex.o
       478         54          0          0          0       2460   stm32f4xx_hal_gpio.o
        48          6          0          0          0        886   stm32f4xx_hal_msp.o
       112         14          0          0          0       1320   stm32f4xx_hal_pwr_ex.o
      1332         76          0          0          0       5324   stm32f4xx_hal_rcc.o
      3122         42          0          0          0      16079   stm32f4xx_hal_sd.o
       846          8          0          0          0       4813   stm32f4xx_hal_spi.o
      1444         16          0          0          0      10902   stm32f4xx_hal_uart.o
        80         24          0          0          0       6308   stm32f4xx_it.o
      1656         46          0          0          0      23495   stm32f4xx_ll_sdmmc.o
       476         96          0          0          0       2719   stmflash.o
        28          6         24          4          0       1203   system_stm32f4xx.o
       252         34          0          4         64       2449   usart.o

    ----------------------------------------------------------------------
     15680       1292        512         32     192480     941370   Object Totals
         0          0         32          0          0          0   (incl. Generated)
        52          0          0          2        472          0   (incl. Padding)

    ----------------------------------------------------------------------

      Code (inc. data)   RO Data    RW Data    ZI Data      Debug   Library Member Name

         0          0          0          0          0          0   entry.o
         0          0          0          0          0          0   entry10a.o
         0          0          0          0          0          0   entry11a.o
         8          4          0          0          0          0   entry2.o
         4          0          0          0          0          0   entry5.o
         0          0          0          0          0          0   entry7b.o
         0          0          0          0          0          0   entry8b.o
         8          4          0          0          0          0   entry9a.o
        30          0          0          0          0          0   handlers.o
        36          8          0          0          0         68   init.o
        30          0          0          0          0         68   llshl.o
        32          0          0          0          0         68   llushr.o
        36          0          0          0          0         68   memcpya.o
        36          0          0          0          0        108   memseta.o
       390         10          0          0          0        252   printf1.o
        44          0          0          0          0         80   uidiv.o
        98          0          0          0          0         92   uldiv.o

    ----------------------------------------------------------------------
       756         26          0          0          0        804   Library Totals
         4          0          0          0          0          0   (incl. Padding)

    ----------------------------------------------------------------------

      Code (inc. data)   RO Data    RW Data    ZI Data      Debug   Library Name

       752         26          0          0          0        804   mc_w.l

    ----------------------------------------------------------------------
       756         26          0          0          0        804   Library Totals

    ----------------------------------------------------------------------

==============================================================================


      Code (inc. data)   RO Data    RW Data    ZI Data      Debug   

     16436       1318        512         32     192480     925914   Grand Totals
     16436       1318        512         32     192480     925914   ELF Image Totals
     16436       1318        512         32          0          0   ROM Totals

==============================================================================

    Total RO  Size (Code + RO Data)                16948 (  16.55kB)
    Total RW  Size (RW Data + ZI Data)            192512 ( 188.00kB)
    Total ROM Size (Code + RO Data + RW Data)      16980 (  16.58kB)

==============================================================================

